Archive member included to satisfy reference by file (symbol)

c:/ac6/systemworkbench/plugins/fr.ac6.mcu.externaltools.arm-none.win32_1.7.0.201602121829/tools/compiler/bin/../lib/gcc/arm-none-eabi/5.2.1/armv6-m\libgcc.a(_udivsi3.o)
                              Src/system_stm32l0xx.o (__aeabi_uidiv)
c:/ac6/systemworkbench/plugins/fr.ac6.mcu.externaltools.arm-none.win32_1.7.0.201602121829/tools/compiler/bin/../lib/gcc/arm-none-eabi/5.2.1/armv6-m\libgcc.a(_divsi3.o)
                              Src/main.o (__aeabi_idiv)
c:/ac6/systemworkbench/plugins/fr.ac6.mcu.externaltools.arm-none.win32_1.7.0.201602121829/tools/compiler/bin/../lib/gcc/arm-none-eabi/5.2.1/armv6-m\libgcc.a(_dvmd_tls.o)
                              c:/ac6/systemworkbench/plugins/fr.ac6.mcu.externaltools.arm-none.win32_1.7.0.201602121829/tools/compiler/bin/../lib/gcc/arm-none-eabi/5.2.1/armv6-m\libgcc.a(_udivsi3.o) (__aeabi_idiv0)
c:/ac6/systemworkbench/plugins/fr.ac6.mcu.externaltools.arm-none.win32_1.7.0.201602121829/tools/compiler/bin/../lib/gcc/arm-none-eabi/5.2.1/../../../../arm-none-eabi/lib/armv6-m\libc_nano.a(lib_a-exit.o)
                              c:/ac6/systemworkbench/plugins/fr.ac6.mcu.externaltools.arm-none.win32_1.7.0.201602121829/tools/compiler/bin/../lib/gcc/arm-none-eabi/5.2.1/../../../../arm-none-eabi/lib/armv6-m/crt0.o (exit)
c:/ac6/systemworkbench/plugins/fr.ac6.mcu.externaltools.arm-none.win32_1.7.0.201602121829/tools/compiler/bin/../lib/gcc/arm-none-eabi/5.2.1/../../../../arm-none-eabi/lib/armv6-m\libc_nano.a(lib_a-impure.o)
                              c:/ac6/systemworkbench/plugins/fr.ac6.mcu.externaltools.arm-none.win32_1.7.0.201602121829/tools/compiler/bin/../lib/gcc/arm-none-eabi/5.2.1/../../../../arm-none-eabi/lib/armv6-m\libc_nano.a(lib_a-exit.o) (_global_impure_ptr)
c:/ac6/systemworkbench/plugins/fr.ac6.mcu.externaltools.arm-none.win32_1.7.0.201602121829/tools/compiler/bin/../lib/gcc/arm-none-eabi/5.2.1/../../../../arm-none-eabi/lib/armv6-m\libc_nano.a(lib_a-init.o)
                              c:/ac6/systemworkbench/plugins/fr.ac6.mcu.externaltools.arm-none.win32_1.7.0.201602121829/tools/compiler/bin/../lib/gcc/arm-none-eabi/5.2.1/../../../../arm-none-eabi/lib/armv6-m/crt0.o (__libc_init_array)
c:/ac6/systemworkbench/plugins/fr.ac6.mcu.externaltools.arm-none.win32_1.7.0.201602121829/tools/compiler/bin/../lib/gcc/arm-none-eabi/5.2.1/../../../../arm-none-eabi/lib/armv6-m\libc_nano.a(lib_a-memset.o)
                              c:/ac6/systemworkbench/plugins/fr.ac6.mcu.externaltools.arm-none.win32_1.7.0.201602121829/tools/compiler/bin/../lib/gcc/arm-none-eabi/5.2.1/../../../../arm-none-eabi/lib/armv6-m/crt0.o (memset)
c:/ac6/systemworkbench/plugins/fr.ac6.mcu.externaltools.arm-none.win32_1.7.0.201602121829/tools/compiler/bin/../lib/gcc/arm-none-eabi/5.2.1/../../../../arm-none-eabi/lib/armv6-m\libnosys.a(_exit.o)
                              c:/ac6/systemworkbench/plugins/fr.ac6.mcu.externaltools.arm-none.win32_1.7.0.201602121829/tools/compiler/bin/../lib/gcc/arm-none-eabi/5.2.1/../../../../arm-none-eabi/lib/armv6-m\libc_nano.a(lib_a-exit.o) (_exit)

Allocating common symbols
Common symbol       size              file

led4                0x8               Src/main.o
led1                0x8               Src/main.o
led9                0x8               Src/main.o
led6                0x8               Src/main.o
led5                0x8               Src/main.o
led3                0x8               Src/main.o
led0                0x8               Src/main.o
warning             0x8               Src/main.o
cm                  0x4               Src/main.o
led7                0x8               Src/main.o
led8                0x8               Src/main.o
capteur             0x10              Src/main.o
ledDefault          0x8               Src/main.o
led2                0x8               Src/main.o

Discarded input sections

 .text          0x00000000        0x0 c:/ac6/systemworkbench/plugins/fr.ac6.mcu.externaltools.arm-none.win32_1.7.0.201602121829/tools/compiler/bin/../lib/gcc/arm-none-eabi/5.2.1/armv6-m/crti.o
 .data          0x00000000        0x0 c:/ac6/systemworkbench/plugins/fr.ac6.mcu.externaltools.arm-none.win32_1.7.0.201602121829/tools/compiler/bin/../lib/gcc/arm-none-eabi/5.2.1/armv6-m/crti.o
 .bss           0x00000000        0x0 c:/ac6/systemworkbench/plugins/fr.ac6.mcu.externaltools.arm-none.win32_1.7.0.201602121829/tools/compiler/bin/../lib/gcc/arm-none-eabi/5.2.1/armv6-m/crti.o
 .data          0x00000000        0x4 c:/ac6/systemworkbench/plugins/fr.ac6.mcu.externaltools.arm-none.win32_1.7.0.201602121829/tools/compiler/bin/../lib/gcc/arm-none-eabi/5.2.1/armv6-m/crtbegin.o
 .text          0x00000000       0x78 c:/ac6/systemworkbench/plugins/fr.ac6.mcu.externaltools.arm-none.win32_1.7.0.201602121829/tools/compiler/bin/../lib/gcc/arm-none-eabi/5.2.1/../../../../arm-none-eabi/lib/armv6-m/crt0.o
 .data          0x00000000        0x0 c:/ac6/systemworkbench/plugins/fr.ac6.mcu.externaltools.arm-none.win32_1.7.0.201602121829/tools/compiler/bin/../lib/gcc/arm-none-eabi/5.2.1/../../../../arm-none-eabi/lib/armv6-m/crt0.o
 .bss           0x00000000        0x0 c:/ac6/systemworkbench/plugins/fr.ac6.mcu.externaltools.arm-none.win32_1.7.0.201602121829/tools/compiler/bin/../lib/gcc/arm-none-eabi/5.2.1/../../../../arm-none-eabi/lib/armv6-m/crt0.o
 .ARM.extab     0x00000000        0x0 c:/ac6/systemworkbench/plugins/fr.ac6.mcu.externaltools.arm-none.win32_1.7.0.201602121829/tools/compiler/bin/../lib/gcc/arm-none-eabi/5.2.1/../../../../arm-none-eabi/lib/armv6-m/crt0.o
 .ARM.exidx     0x00000000        0x8 c:/ac6/systemworkbench/plugins/fr.ac6.mcu.externaltools.arm-none.win32_1.7.0.201602121829/tools/compiler/bin/../lib/gcc/arm-none-eabi/5.2.1/../../../../arm-none-eabi/lib/armv6-m/crt0.o
 .ARM.attributes
                0x00000000       0x1b c:/ac6/systemworkbench/plugins/fr.ac6.mcu.externaltools.arm-none.win32_1.7.0.201602121829/tools/compiler/bin/../lib/gcc/arm-none-eabi/5.2.1/../../../../arm-none-eabi/lib/armv6-m/crt0.o
 .text          0x00000000       0x14 startup/startup_stm32l053xx.o
 .data          0x00000000        0x0 startup/startup_stm32l053xx.o
 .bss           0x00000000        0x0 startup/startup_stm32l053xx.o
 .group         0x00000000        0x8 Src/button.o
 .group         0x00000000        0x8 Src/button.o
 .group         0x00000000        0x8 Src/button.o
 .group         0x00000000        0x8 Src/button.o
 .group         0x00000000        0x8 Src/button.o
 .group         0x00000000        0x8 Src/button.o
 .group         0x00000000        0x8 Src/button.o
 .group         0x00000000        0x8 Src/button.o
 .group         0x00000000        0x8 Src/button.o
 .group         0x00000000        0x8 Src/button.o
 .group         0x00000000        0x8 Src/button.o
 .group         0x00000000        0x8 Src/button.o
 .group         0x00000000        0x8 Src/button.o
 .group         0x00000000        0x8 Src/button.o
 .text          0x00000000        0x0 Src/button.o
 .data          0x00000000        0x0 Src/button.o
 .bss           0x00000000        0x0 Src/button.o
 .text.NVIC_EnableIRQ
                0x00000000       0x2c Src/button.o
 .text.NVIC_SetPriority
                0x00000000       0xdc Src/button.o
 .text.Button_init
                0x00000000       0xb4 Src/button.o
 .text.Button_State
                0x00000000       0x2c Src/button.o
 .text.Button_enableIRQ
                0x00000000      0x16c Src/button.o
 .debug_info    0x00000000      0x72f Src/button.o
 .debug_abbrev  0x00000000      0x1b4 Src/button.o
 .debug_aranges
                0x00000000       0x40 Src/button.o
 .debug_ranges  0x00000000       0x30 Src/button.o
 .debug_macro   0x00000000       0xc9 Src/button.o
 .debug_macro   0x00000000      0x874 Src/button.o
 .debug_macro   0x00000000       0x2e Src/button.o
 .debug_macro   0x00000000       0x28 Src/button.o
 .debug_macro   0x00000000       0x22 Src/button.o
 .debug_macro   0x00000000       0x44 Src/button.o
 .debug_macro   0x00000000       0xfd Src/button.o
 .debug_macro   0x00000000       0x22 Src/button.o
 .debug_macro   0x00000000      0x1df Src/button.o
 .debug_macro   0x00000000       0x34 Src/button.o
 .debug_macro   0x00000000       0x26 Src/button.o
 .debug_macro   0x00000000      0x44f Src/button.o
 .debug_macro   0x00000000     0x9cc0 Src/button.o
 .debug_macro   0x00000000       0x3c Src/button.o
 .debug_macro   0x00000000      0x108 Src/button.o
 .debug_line    0x00000000      0x4af Src/button.o
 .debug_str     0x00000000    0x3b00a Src/button.o
 .comment       0x00000000       0x6f Src/button.o
 .debug_frame   0x00000000       0xb8 Src/button.o
 .ARM.attributes
                0x00000000       0x32 Src/button.o
 .group         0x00000000        0x8 Src/capson.o
 .group         0x00000000        0x8 Src/capson.o
 .group         0x00000000        0x8 Src/capson.o
 .group         0x00000000        0x8 Src/capson.o
 .group         0x00000000        0x8 Src/capson.o
 .group         0x00000000        0x8 Src/capson.o
 .group         0x00000000        0x8 Src/capson.o
 .group         0x00000000        0x8 Src/capson.o
 .group         0x00000000        0x8 Src/capson.o
 .group         0x00000000        0x8 Src/capson.o
 .group         0x00000000        0x8 Src/capson.o
 .text          0x00000000        0x0 Src/capson.o
 .data          0x00000000        0x0 Src/capson.o
 .bss           0x00000000        0x0 Src/capson.o
 .debug_macro   0x00000000      0x874 Src/capson.o
 .debug_macro   0x00000000       0x28 Src/capson.o
 .debug_macro   0x00000000       0x22 Src/capson.o
 .debug_macro   0x00000000       0x44 Src/capson.o
 .debug_macro   0x00000000       0xfd Src/capson.o
 .debug_macro   0x00000000       0x22 Src/capson.o
 .debug_macro   0x00000000      0x1df Src/capson.o
 .debug_macro   0x00000000       0x34 Src/capson.o
 .debug_macro   0x00000000       0x26 Src/capson.o
 .debug_macro   0x00000000      0x44f Src/capson.o
 .debug_macro   0x00000000     0x9cc0 Src/capson.o
 .group         0x00000000        0x8 Src/gpio.o
 .group         0x00000000        0x8 Src/gpio.o
 .group         0x00000000        0x8 Src/gpio.o
 .group         0x00000000        0x8 Src/gpio.o
 .group         0x00000000        0x8 Src/gpio.o
 .group         0x00000000        0x8 Src/gpio.o
 .group         0x00000000        0x8 Src/gpio.o
 .group         0x00000000        0x8 Src/gpio.o
 .group         0x00000000        0x8 Src/gpio.o
 .group         0x00000000        0x8 Src/gpio.o
 .group         0x00000000        0x8 Src/gpio.o
 .group         0x00000000        0x8 Src/gpio.o
 .group         0x00000000        0x8 Src/gpio.o
 .group         0x00000000        0x8 Src/gpio.o
 .group         0x00000000        0x8 Src/gpio.o
 .group         0x00000000        0x8 Src/gpio.o
 .group         0x00000000        0x8 Src/gpio.o
 .group         0x00000000        0x8 Src/gpio.o
 .group         0x00000000        0x8 Src/gpio.o
 .group         0x00000000        0x8 Src/gpio.o
 .group         0x00000000        0x8 Src/gpio.o
 .group         0x00000000        0x8 Src/gpio.o
 .group         0x00000000        0x8 Src/gpio.o
 .group         0x00000000        0x8 Src/gpio.o
 .text          0x00000000        0x0 Src/gpio.o
 .data          0x00000000        0x0 Src/gpio.o
 .bss           0x00000000        0x0 Src/gpio.o
 .rodata        0x00000000        0x7 Src/gpio.o
 .debug_macro   0x00000000      0x874 Src/gpio.o
 .debug_macro   0x00000000       0x2e Src/gpio.o
 .debug_macro   0x00000000       0x28 Src/gpio.o
 .debug_macro   0x00000000       0x22 Src/gpio.o
 .debug_macro   0x00000000       0x44 Src/gpio.o
 .debug_macro   0x00000000       0xfd Src/gpio.o
 .debug_macro   0x00000000       0x22 Src/gpio.o
 .debug_macro   0x00000000      0x1df Src/gpio.o
 .debug_macro   0x00000000       0x34 Src/gpio.o
 .debug_macro   0x00000000       0x26 Src/gpio.o
 .debug_macro   0x00000000      0x44f Src/gpio.o
 .debug_macro   0x00000000     0x9cc0 Src/gpio.o
 .debug_macro   0x00000000       0x3c Src/gpio.o
 .group         0x00000000        0x8 Src/led.o
 .group         0x00000000        0x8 Src/led.o
 .group         0x00000000        0x8 Src/led.o
 .group         0x00000000        0x8 Src/led.o
 .group         0x00000000        0x8 Src/led.o
 .group         0x00000000        0x8 Src/led.o
 .group         0x00000000        0x8 Src/led.o
 .group         0x00000000        0x8 Src/led.o
 .group         0x00000000        0x8 Src/led.o
 .group         0x00000000        0x8 Src/led.o
 .group         0x00000000        0x8 Src/led.o
 .text          0x00000000        0x0 Src/led.o
 .data          0x00000000        0x0 Src/led.o
 .bss           0x00000000        0x0 Src/led.o
 .text.Led_isOn
                0x00000000       0x28 Src/led.o
 .text.Led_toggle
                0x00000000       0x28 Src/led.o
 .debug_macro   0x00000000      0x874 Src/led.o
 .debug_macro   0x00000000       0x28 Src/led.o
 .debug_macro   0x00000000       0x22 Src/led.o
 .debug_macro   0x00000000       0x44 Src/led.o
 .debug_macro   0x00000000       0xfd Src/led.o
 .debug_macro   0x00000000       0x22 Src/led.o
 .debug_macro   0x00000000      0x1df Src/led.o
 .debug_macro   0x00000000       0x34 Src/led.o
 .debug_macro   0x00000000       0x26 Src/led.o
 .debug_macro   0x00000000      0x44f Src/led.o
 .debug_macro   0x00000000     0x9cc0 Src/led.o
 .group         0x00000000        0x8 Src/main.o
 .group         0x00000000        0x8 Src/main.o
 .group         0x00000000        0x8 Src/main.o
 .group         0x00000000        0x8 Src/main.o
 .group         0x00000000        0x8 Src/main.o
 .group         0x00000000        0x8 Src/main.o
 .group         0x00000000        0x8 Src/main.o
 .group         0x00000000        0x8 Src/main.o
 .group         0x00000000        0x8 Src/main.o
 .group         0x00000000        0x8 Src/main.o
 .group         0x00000000        0x8 Src/main.o
 .group         0x00000000        0x8 Src/main.o
 .group         0x00000000        0x8 Src/main.o
 .group         0x00000000        0x8 Src/main.o
 .group         0x00000000        0x8 Src/main.o
 .group         0x00000000        0x8 Src/main.o
 .group         0x00000000        0x8 Src/main.o
 .group         0x00000000        0x8 Src/main.o
 .group         0x00000000        0x8 Src/main.o
 .group         0x00000000        0x8 Src/main.o
 .group         0x00000000        0x8 Src/main.o
 .group         0x00000000        0x8 Src/main.o
 .group         0x00000000        0x8 Src/main.o
 .group         0x00000000        0x8 Src/main.o
 .text          0x00000000        0x0 Src/main.o
 .data          0x00000000        0x0 Src/main.o
 .bss           0x00000000        0x0 Src/main.o
 .debug_macro   0x00000000      0x874 Src/main.o
 .debug_macro   0x00000000       0x2e Src/main.o
 .debug_macro   0x00000000       0x28 Src/main.o
 .debug_macro   0x00000000       0x22 Src/main.o
 .debug_macro   0x00000000       0x44 Src/main.o
 .debug_macro   0x00000000       0xfd Src/main.o
 .debug_macro   0x00000000       0x22 Src/main.o
 .debug_macro   0x00000000      0x1df Src/main.o
 .debug_macro   0x00000000       0x34 Src/main.o
 .debug_macro   0x00000000       0x26 Src/main.o
 .debug_macro   0x00000000      0x44f Src/main.o
 .debug_macro   0x00000000     0x9cc0 Src/main.o
 .debug_macro   0x00000000       0x3c Src/main.o
 .debug_macro   0x00000000      0x466 Src/main.o
 .debug_macro   0x00000000      0x101 Src/main.o
 .debug_macro   0x00000000      0x185 Src/main.o
 .debug_macro   0x00000000      0x10e Src/main.o
 .debug_macro   0x00000000      0x19a Src/main.o
 .debug_macro   0x00000000       0x2a Src/main.o
 .debug_macro   0x00000000       0xc4 Src/main.o
 .debug_macro   0x00000000      0x303 Src/main.o
 .debug_macro   0x00000000      0x13a Src/main.o
 .debug_macro   0x00000000       0x70 Src/main.o
 .group         0x00000000        0x8 Src/stm32l0xx_it.o
 .group         0x00000000        0x8 Src/stm32l0xx_it.o
 .group         0x00000000        0x8 Src/stm32l0xx_it.o
 .group         0x00000000        0x8 Src/stm32l0xx_it.o
 .group         0x00000000        0x8 Src/stm32l0xx_it.o
 .group         0x00000000        0x8 Src/stm32l0xx_it.o
 .group         0x00000000        0x8 Src/stm32l0xx_it.o
 .group         0x00000000        0x8 Src/stm32l0xx_it.o
 .group         0x00000000        0x8 Src/stm32l0xx_it.o
 .group         0x00000000        0x8 Src/stm32l0xx_it.o
 .group         0x00000000        0x8 Src/stm32l0xx_it.o
 .group         0x00000000        0x8 Src/stm32l0xx_it.o
 .group         0x00000000        0x8 Src/stm32l0xx_it.o
 .group         0x00000000        0x8 Src/stm32l0xx_it.o
 .group         0x00000000        0x8 Src/stm32l0xx_it.o
 .group         0x00000000        0x8 Src/stm32l0xx_it.o
 .group         0x00000000        0x8 Src/stm32l0xx_it.o
 .group         0x00000000        0x8 Src/stm32l0xx_it.o
 .group         0x00000000        0x8 Src/stm32l0xx_it.o
 .group         0x00000000        0x8 Src/stm32l0xx_it.o
 .group         0x00000000        0x8 Src/stm32l0xx_it.o
 .group         0x00000000        0x8 Src/stm32l0xx_it.o
 .group         0x00000000        0x8 Src/stm32l0xx_it.o
 .group         0x00000000        0x8 Src/stm32l0xx_it.o
 .text          0x00000000        0x0 Src/stm32l0xx_it.o
 .data          0x00000000        0x0 Src/stm32l0xx_it.o
 .bss           0x00000000        0x0 Src/stm32l0xx_it.o
 .rodata        0x00000000        0x7 Src/stm32l0xx_it.o
 .debug_macro   0x00000000      0x874 Src/stm32l0xx_it.o
 .debug_macro   0x00000000       0x2e Src/stm32l0xx_it.o
 .debug_macro   0x00000000       0x28 Src/stm32l0xx_it.o
 .debug_macro   0x00000000       0x22 Src/stm32l0xx_it.o
 .debug_macro   0x00000000       0x44 Src/stm32l0xx_it.o
 .debug_macro   0x00000000       0xfd Src/stm32l0xx_it.o
 .debug_macro   0x00000000       0x22 Src/stm32l0xx_it.o
 .debug_macro   0x00000000      0x1df Src/stm32l0xx_it.o
 .debug_macro   0x00000000       0x34 Src/stm32l0xx_it.o
 .debug_macro   0x00000000       0x26 Src/stm32l0xx_it.o
 .debug_macro   0x00000000      0x44f Src/stm32l0xx_it.o
 .debug_macro   0x00000000     0x9cc0 Src/stm32l0xx_it.o
 .debug_macro   0x00000000       0x3c Src/stm32l0xx_it.o
 .debug_macro   0x00000000      0x185 Src/stm32l0xx_it.o
 .debug_macro   0x00000000      0x13a Src/stm32l0xx_it.o
 .debug_macro   0x00000000      0x10e Src/stm32l0xx_it.o
 .debug_macro   0x00000000       0xe9 Src/stm32l0xx_it.o
 .debug_macro   0x00000000      0x466 Src/stm32l0xx_it.o
 .debug_macro   0x00000000      0x101 Src/stm32l0xx_it.o
 .debug_macro   0x00000000      0x19a Src/stm32l0xx_it.o
 .debug_macro   0x00000000       0x2a Src/stm32l0xx_it.o
 .debug_macro   0x00000000       0xc4 Src/stm32l0xx_it.o
 .debug_macro   0x00000000      0x303 Src/stm32l0xx_it.o
 .debug_macro   0x00000000       0x70 Src/stm32l0xx_it.o
 .group         0x00000000        0x8 Src/system_stm32l0xx.o
 .group         0x00000000        0x8 Src/system_stm32l0xx.o
 .group         0x00000000        0x8 Src/system_stm32l0xx.o
 .group         0x00000000        0x8 Src/system_stm32l0xx.o
 .group         0x00000000        0x8 Src/system_stm32l0xx.o
 .group         0x00000000        0x8 Src/system_stm32l0xx.o
 .group         0x00000000        0x8 Src/system_stm32l0xx.o
 .group         0x00000000        0x8 Src/system_stm32l0xx.o
 .group         0x00000000        0x8 Src/system_stm32l0xx.o
 .group         0x00000000        0x8 Src/system_stm32l0xx.o
 .group         0x00000000        0x8 Src/system_stm32l0xx.o
 .group         0x00000000        0x8 Src/system_stm32l0xx.o
 .group         0x00000000        0x8 Src/system_stm32l0xx.o
 .text          0x00000000        0x0 Src/system_stm32l0xx.o
 .bss           0x00000000        0x0 Src/system_stm32l0xx.o
 .rodata        0x00000000       0x21 Src/system_stm32l0xx.o
 .text.SystemCoreClockUpdate
                0x00000000      0x130 Src/system_stm32l0xx.o
 .debug_macro   0x00000000      0x874 Src/system_stm32l0xx.o
 .debug_macro   0x00000000       0x2e Src/system_stm32l0xx.o
 .debug_macro   0x00000000       0x28 Src/system_stm32l0xx.o
 .debug_macro   0x00000000       0x22 Src/system_stm32l0xx.o
 .debug_macro   0x00000000       0x44 Src/system_stm32l0xx.o
 .debug_macro   0x00000000       0xfd Src/system_stm32l0xx.o
 .debug_macro   0x00000000       0x22 Src/system_stm32l0xx.o
 .debug_macro   0x00000000      0x1df Src/system_stm32l0xx.o
 .debug_macro   0x00000000       0x34 Src/system_stm32l0xx.o
 .debug_macro   0x00000000       0x26 Src/system_stm32l0xx.o
 .debug_macro   0x00000000      0x44f Src/system_stm32l0xx.o
 .debug_macro   0x00000000     0x9cc0 Src/system_stm32l0xx.o
 .debug_macro   0x00000000       0x3c Src/system_stm32l0xx.o
 .group         0x00000000        0x8 Drivers/STM32L0xx_HAL_Driver/Src/stm32l0xx_ll_exti.o
 .group         0x00000000        0x8 Drivers/STM32L0xx_HAL_Driver/Src/stm32l0xx_ll_exti.o
 .group         0x00000000        0x8 Drivers/STM32L0xx_HAL_Driver/Src/stm32l0xx_ll_exti.o
 .group         0x00000000        0x8 Drivers/STM32L0xx_HAL_Driver/Src/stm32l0xx_ll_exti.o
 .group         0x00000000        0x8 Drivers/STM32L0xx_HAL_Driver/Src/stm32l0xx_ll_exti.o
 .group         0x00000000        0x8 Drivers/STM32L0xx_HAL_Driver/Src/stm32l0xx_ll_exti.o
 .group         0x00000000        0x8 Drivers/STM32L0xx_HAL_Driver/Src/stm32l0xx_ll_exti.o
 .group         0x00000000        0x8 Drivers/STM32L0xx_HAL_Driver/Src/stm32l0xx_ll_exti.o
 .group         0x00000000        0x8 Drivers/STM32L0xx_HAL_Driver/Src/stm32l0xx_ll_exti.o
 .group         0x00000000        0x8 Drivers/STM32L0xx_HAL_Driver/Src/stm32l0xx_ll_exti.o
 .group         0x00000000        0x8 Drivers/STM32L0xx_HAL_Driver/Src/stm32l0xx_ll_exti.o
 .group         0x00000000        0x8 Drivers/STM32L0xx_HAL_Driver/Src/stm32l0xx_ll_exti.o
 .group         0x00000000        0x8 Drivers/STM32L0xx_HAL_Driver/Src/stm32l0xx_ll_exti.o
 .group         0x00000000        0x8 Drivers/STM32L0xx_HAL_Driver/Src/stm32l0xx_ll_exti.o
 .text          0x00000000        0x0 Drivers/STM32L0xx_HAL_Driver/Src/stm32l0xx_ll_exti.o
 .data          0x00000000        0x0 Drivers/STM32L0xx_HAL_Driver/Src/stm32l0xx_ll_exti.o
 .bss           0x00000000        0x0 Drivers/STM32L0xx_HAL_Driver/Src/stm32l0xx_ll_exti.o
 .text.LL_EXTI_DeInit
                0x00000000       0x3c Drivers/STM32L0xx_HAL_Driver/Src/stm32l0xx_ll_exti.o
 .text.LL_EXTI_StructInit
                0x00000000       0x28 Drivers/STM32L0xx_HAL_Driver/Src/stm32l0xx_ll_exti.o
 .debug_macro   0x00000000      0x874 Drivers/STM32L0xx_HAL_Driver/Src/stm32l0xx_ll_exti.o
 .debug_macro   0x00000000       0x2e Drivers/STM32L0xx_HAL_Driver/Src/stm32l0xx_ll_exti.o
 .debug_macro   0x00000000       0x28 Drivers/STM32L0xx_HAL_Driver/Src/stm32l0xx_ll_exti.o
 .debug_macro   0x00000000       0x22 Drivers/STM32L0xx_HAL_Driver/Src/stm32l0xx_ll_exti.o
 .debug_macro   0x00000000       0x44 Drivers/STM32L0xx_HAL_Driver/Src/stm32l0xx_ll_exti.o
 .debug_macro   0x00000000       0xfd Drivers/STM32L0xx_HAL_Driver/Src/stm32l0xx_ll_exti.o
 .debug_macro   0x00000000       0x22 Drivers/STM32L0xx_HAL_Driver/Src/stm32l0xx_ll_exti.o
 .debug_macro   0x00000000      0x1df Drivers/STM32L0xx_HAL_Driver/Src/stm32l0xx_ll_exti.o
 .debug_macro   0x00000000       0x34 Drivers/STM32L0xx_HAL_Driver/Src/stm32l0xx_ll_exti.o
 .debug_macro   0x00000000       0x26 Drivers/STM32L0xx_HAL_Driver/Src/stm32l0xx_ll_exti.o
 .debug_macro   0x00000000      0x44f Drivers/STM32L0xx_HAL_Driver/Src/stm32l0xx_ll_exti.o
 .debug_macro   0x00000000     0x9cc0 Drivers/STM32L0xx_HAL_Driver/Src/stm32l0xx_ll_exti.o
 .debug_macro   0x00000000       0x3c Drivers/STM32L0xx_HAL_Driver/Src/stm32l0xx_ll_exti.o
 .debug_macro   0x00000000      0x108 Drivers/STM32L0xx_HAL_Driver/Src/stm32l0xx_ll_exti.o
 .group         0x00000000        0x8 Drivers/STM32L0xx_HAL_Driver/Src/stm32l0xx_ll_gpio.o
 .group         0x00000000        0x8 Drivers/STM32L0xx_HAL_Driver/Src/stm32l0xx_ll_gpio.o
 .group         0x00000000        0x8 Drivers/STM32L0xx_HAL_Driver/Src/stm32l0xx_ll_gpio.o
 .group         0x00000000        0x8 Drivers/STM32L0xx_HAL_Driver/Src/stm32l0xx_ll_gpio.o
 .group         0x00000000        0x8 Drivers/STM32L0xx_HAL_Driver/Src/stm32l0xx_ll_gpio.o
 .group         0x00000000        0x8 Drivers/STM32L0xx_HAL_Driver/Src/stm32l0xx_ll_gpio.o
 .group         0x00000000        0x8 Drivers/STM32L0xx_HAL_Driver/Src/stm32l0xx_ll_gpio.o
 .group         0x00000000        0x8 Drivers/STM32L0xx_HAL_Driver/Src/stm32l0xx_ll_gpio.o
 .group         0x00000000        0x8 Drivers/STM32L0xx_HAL_Driver/Src/stm32l0xx_ll_gpio.o
 .group         0x00000000        0x8 Drivers/STM32L0xx_HAL_Driver/Src/stm32l0xx_ll_gpio.o
 .group         0x00000000        0x8 Drivers/STM32L0xx_HAL_Driver/Src/stm32l0xx_ll_gpio.o
 .group         0x00000000        0x8 Drivers/STM32L0xx_HAL_Driver/Src/stm32l0xx_ll_gpio.o
 .group         0x00000000        0x8 Drivers/STM32L0xx_HAL_Driver/Src/stm32l0xx_ll_gpio.o
 .group         0x00000000        0x8 Drivers/STM32L0xx_HAL_Driver/Src/stm32l0xx_ll_gpio.o
 .group         0x00000000        0x8 Drivers/STM32L0xx_HAL_Driver/Src/stm32l0xx_ll_gpio.o
 .text          0x00000000        0x0 Drivers/STM32L0xx_HAL_Driver/Src/stm32l0xx_ll_gpio.o
 .data          0x00000000        0x0 Drivers/STM32L0xx_HAL_Driver/Src/stm32l0xx_ll_gpio.o
 .bss           0x00000000        0x0 Drivers/STM32L0xx_HAL_Driver/Src/stm32l0xx_ll_gpio.o
 .text.LL_IOP_GRP1_ForceReset
                0x00000000       0x20 Drivers/STM32L0xx_HAL_Driver/Src/stm32l0xx_ll_gpio.o
 .text.LL_IOP_GRP1_ReleaseReset
                0x00000000       0x24 Drivers/STM32L0xx_HAL_Driver/Src/stm32l0xx_ll_gpio.o
 .text.LL_GPIO_DeInit
                0x00000000       0xa8 Drivers/STM32L0xx_HAL_Driver/Src/stm32l0xx_ll_gpio.o
 .text.LL_GPIO_StructInit
                0x00000000       0x38 Drivers/STM32L0xx_HAL_Driver/Src/stm32l0xx_ll_gpio.o
 .debug_macro   0x00000000      0x874 Drivers/STM32L0xx_HAL_Driver/Src/stm32l0xx_ll_gpio.o
 .debug_macro   0x00000000       0x2e Drivers/STM32L0xx_HAL_Driver/Src/stm32l0xx_ll_gpio.o
 .debug_macro   0x00000000       0x28 Drivers/STM32L0xx_HAL_Driver/Src/stm32l0xx_ll_gpio.o
 .debug_macro   0x00000000       0x22 Drivers/STM32L0xx_HAL_Driver/Src/stm32l0xx_ll_gpio.o
 .debug_macro   0x00000000       0x44 Drivers/STM32L0xx_HAL_Driver/Src/stm32l0xx_ll_gpio.o
 .debug_macro   0x00000000       0xfd Drivers/STM32L0xx_HAL_Driver/Src/stm32l0xx_ll_gpio.o
 .debug_macro   0x00000000       0x22 Drivers/STM32L0xx_HAL_Driver/Src/stm32l0xx_ll_gpio.o
 .debug_macro   0x00000000      0x1df Drivers/STM32L0xx_HAL_Driver/Src/stm32l0xx_ll_gpio.o
 .debug_macro   0x00000000       0x34 Drivers/STM32L0xx_HAL_Driver/Src/stm32l0xx_ll_gpio.o
 .debug_macro   0x00000000       0x26 Drivers/STM32L0xx_HAL_Driver/Src/stm32l0xx_ll_gpio.o
 .debug_macro   0x00000000      0x44f Drivers/STM32L0xx_HAL_Driver/Src/stm32l0xx_ll_gpio.o
 .debug_macro   0x00000000     0x9cc0 Drivers/STM32L0xx_HAL_Driver/Src/stm32l0xx_ll_gpio.o
 .debug_macro   0x00000000       0x3c Drivers/STM32L0xx_HAL_Driver/Src/stm32l0xx_ll_gpio.o
 .debug_macro   0x00000000      0x101 Drivers/STM32L0xx_HAL_Driver/Src/stm32l0xx_ll_gpio.o
 .group         0x00000000        0x8 Drivers/STM32L0xx_HAL_Driver/Src/stm32l0xx_ll_pwr.o
 .group         0x00000000        0x8 Drivers/STM32L0xx_HAL_Driver/Src/stm32l0xx_ll_pwr.o
 .group         0x00000000        0x8 Drivers/STM32L0xx_HAL_Driver/Src/stm32l0xx_ll_pwr.o
 .group         0x00000000        0x8 Drivers/STM32L0xx_HAL_Driver/Src/stm32l0xx_ll_pwr.o
 .group         0x00000000        0x8 Drivers/STM32L0xx_HAL_Driver/Src/stm32l0xx_ll_pwr.o
 .group         0x00000000        0x8 Drivers/STM32L0xx_HAL_Driver/Src/stm32l0xx_ll_pwr.o
 .group         0x00000000        0x8 Drivers/STM32L0xx_HAL_Driver/Src/stm32l0xx_ll_pwr.o
 .group         0x00000000        0x8 Drivers/STM32L0xx_HAL_Driver/Src/stm32l0xx_ll_pwr.o
 .group         0x00000000        0x8 Drivers/STM32L0xx_HAL_Driver/Src/stm32l0xx_ll_pwr.o
 .group         0x00000000        0x8 Drivers/STM32L0xx_HAL_Driver/Src/stm32l0xx_ll_pwr.o
 .group         0x00000000        0x8 Drivers/STM32L0xx_HAL_Driver/Src/stm32l0xx_ll_pwr.o
 .group         0x00000000        0x8 Drivers/STM32L0xx_HAL_Driver/Src/stm32l0xx_ll_pwr.o
 .group         0x00000000        0x8 Drivers/STM32L0xx_HAL_Driver/Src/stm32l0xx_ll_pwr.o
 .group         0x00000000        0x8 Drivers/STM32L0xx_HAL_Driver/Src/stm32l0xx_ll_pwr.o
 .group         0x00000000        0x8 Drivers/STM32L0xx_HAL_Driver/Src/stm32l0xx_ll_pwr.o
 .text          0x00000000        0x0 Drivers/STM32L0xx_HAL_Driver/Src/stm32l0xx_ll_pwr.o
 .data          0x00000000        0x0 Drivers/STM32L0xx_HAL_Driver/Src/stm32l0xx_ll_pwr.o
 .bss           0x00000000        0x0 Drivers/STM32L0xx_HAL_Driver/Src/stm32l0xx_ll_pwr.o
 .text.LL_APB1_GRP1_ForceReset
                0x00000000       0x20 Drivers/STM32L0xx_HAL_Driver/Src/stm32l0xx_ll_pwr.o
 .text.LL_APB1_GRP1_ReleaseReset
                0x00000000       0x24 Drivers/STM32L0xx_HAL_Driver/Src/stm32l0xx_ll_pwr.o
 .text.LL_PWR_DeInit
                0x00000000       0x20 Drivers/STM32L0xx_HAL_Driver/Src/stm32l0xx_ll_pwr.o
 .debug_info    0x00000000      0x23d Drivers/STM32L0xx_HAL_Driver/Src/stm32l0xx_ll_pwr.o
 .debug_abbrev  0x00000000       0xd2 Drivers/STM32L0xx_HAL_Driver/Src/stm32l0xx_ll_pwr.o
 .debug_aranges
                0x00000000       0x30 Drivers/STM32L0xx_HAL_Driver/Src/stm32l0xx_ll_pwr.o
 .debug_ranges  0x00000000       0x20 Drivers/STM32L0xx_HAL_Driver/Src/stm32l0xx_ll_pwr.o
 .debug_macro   0x00000000       0xc8 Drivers/STM32L0xx_HAL_Driver/Src/stm32l0xx_ll_pwr.o
 .debug_macro   0x00000000      0x874 Drivers/STM32L0xx_HAL_Driver/Src/stm32l0xx_ll_pwr.o
 .debug_macro   0x00000000       0x2e Drivers/STM32L0xx_HAL_Driver/Src/stm32l0xx_ll_pwr.o
 .debug_macro   0x00000000       0x28 Drivers/STM32L0xx_HAL_Driver/Src/stm32l0xx_ll_pwr.o
 .debug_macro   0x00000000       0x22 Drivers/STM32L0xx_HAL_Driver/Src/stm32l0xx_ll_pwr.o
 .debug_macro   0x00000000       0x44 Drivers/STM32L0xx_HAL_Driver/Src/stm32l0xx_ll_pwr.o
 .debug_macro   0x00000000       0xfd Drivers/STM32L0xx_HAL_Driver/Src/stm32l0xx_ll_pwr.o
 .debug_macro   0x00000000       0x22 Drivers/STM32L0xx_HAL_Driver/Src/stm32l0xx_ll_pwr.o
 .debug_macro   0x00000000      0x1df Drivers/STM32L0xx_HAL_Driver/Src/stm32l0xx_ll_pwr.o
 .debug_macro   0x00000000       0x34 Drivers/STM32L0xx_HAL_Driver/Src/stm32l0xx_ll_pwr.o
 .debug_macro   0x00000000       0x26 Drivers/STM32L0xx_HAL_Driver/Src/stm32l0xx_ll_pwr.o
 .debug_macro   0x00000000      0x44f Drivers/STM32L0xx_HAL_Driver/Src/stm32l0xx_ll_pwr.o
 .debug_macro   0x00000000     0x9cc0 Drivers/STM32L0xx_HAL_Driver/Src/stm32l0xx_ll_pwr.o
 .debug_macro   0x00000000       0x3c Drivers/STM32L0xx_HAL_Driver/Src/stm32l0xx_ll_pwr.o
 .debug_macro   0x00000000       0xbe Drivers/STM32L0xx_HAL_Driver/Src/stm32l0xx_ll_pwr.o
 .debug_macro   0x00000000      0x101 Drivers/STM32L0xx_HAL_Driver/Src/stm32l0xx_ll_pwr.o
 .debug_line    0x00000000      0x465 Drivers/STM32L0xx_HAL_Driver/Src/stm32l0xx_ll_pwr.o
 .debug_str     0x00000000    0x3b29f Drivers/STM32L0xx_HAL_Driver/Src/stm32l0xx_ll_pwr.o
 .comment       0x00000000       0x6f Drivers/STM32L0xx_HAL_Driver/Src/stm32l0xx_ll_pwr.o
 .debug_frame   0x00000000       0x6c Drivers/STM32L0xx_HAL_Driver/Src/stm32l0xx_ll_pwr.o
 .ARM.attributes
                0x00000000       0x32 Drivers/STM32L0xx_HAL_Driver/Src/stm32l0xx_ll_pwr.o
 .group         0x00000000        0x8 Drivers/STM32L0xx_HAL_Driver/Src/stm32l0xx_ll_rcc.o
 .group         0x00000000        0x8 Drivers/STM32L0xx_HAL_Driver/Src/stm32l0xx_ll_rcc.o
 .group         0x00000000        0x8 Drivers/STM32L0xx_HAL_Driver/Src/stm32l0xx_ll_rcc.o
 .group         0x00000000        0x8 Drivers/STM32L0xx_HAL_Driver/Src/stm32l0xx_ll_rcc.o
 .group         0x00000000        0x8 Drivers/STM32L0xx_HAL_Driver/Src/stm32l0xx_ll_rcc.o
 .group         0x00000000        0x8 Drivers/STM32L0xx_HAL_Driver/Src/stm32l0xx_ll_rcc.o
 .group         0x00000000        0x8 Drivers/STM32L0xx_HAL_Driver/Src/stm32l0xx_ll_rcc.o
 .group         0x00000000        0x8 Drivers/STM32L0xx_HAL_Driver/Src/stm32l0xx_ll_rcc.o
 .group         0x00000000        0x8 Drivers/STM32L0xx_HAL_Driver/Src/stm32l0xx_ll_rcc.o
 .group         0x00000000        0x8 Drivers/STM32L0xx_HAL_Driver/Src/stm32l0xx_ll_rcc.o
 .group         0x00000000        0x8 Drivers/STM32L0xx_HAL_Driver/Src/stm32l0xx_ll_rcc.o
 .group         0x00000000        0x8 Drivers/STM32L0xx_HAL_Driver/Src/stm32l0xx_ll_rcc.o
 .group         0x00000000        0x8 Drivers/STM32L0xx_HAL_Driver/Src/stm32l0xx_ll_rcc.o
 .group         0x00000000        0x8 Drivers/STM32L0xx_HAL_Driver/Src/stm32l0xx_ll_rcc.o
 .text          0x00000000        0x0 Drivers/STM32L0xx_HAL_Driver/Src/stm32l0xx_ll_rcc.o
 .data          0x00000000        0x0 Drivers/STM32L0xx_HAL_Driver/Src/stm32l0xx_ll_rcc.o
 .bss           0x00000000        0x0 Drivers/STM32L0xx_HAL_Driver/Src/stm32l0xx_ll_rcc.o
 .text.LL_RCC_HSE_DisableBypass
                0x00000000       0x20 Drivers/STM32L0xx_HAL_Driver/Src/stm32l0xx_ll_rcc.o
 .text.LL_RCC_HSI_IsReady
                0x00000000       0x1c Drivers/STM32L0xx_HAL_Driver/Src/stm32l0xx_ll_rcc.o
 .text.LL_RCC_HSI_SetCalibTrimming
                0x00000000       0x2c Drivers/STM32L0xx_HAL_Driver/Src/stm32l0xx_ll_rcc.o
 .text.LL_RCC_HSI48_Disable
                0x00000000       0x1c Drivers/STM32L0xx_HAL_Driver/Src/stm32l0xx_ll_rcc.o
 .text.LL_RCC_HSI48_IsReady
                0x00000000       0x1c Drivers/STM32L0xx_HAL_Driver/Src/stm32l0xx_ll_rcc.o
 .text.LL_RCC_LSE_IsReady
                0x00000000       0x20 Drivers/STM32L0xx_HAL_Driver/Src/stm32l0xx_ll_rcc.o
 .text.LL_RCC_LSI_IsReady
                0x00000000       0x1c Drivers/STM32L0xx_HAL_Driver/Src/stm32l0xx_ll_rcc.o
 .text.LL_RCC_MSI_Enable
                0x00000000       0x1c Drivers/STM32L0xx_HAL_Driver/Src/stm32l0xx_ll_rcc.o
 .text.LL_RCC_MSI_IsReady
                0x00000000       0x20 Drivers/STM32L0xx_HAL_Driver/Src/stm32l0xx_ll_rcc.o
 .text.LL_RCC_MSI_SetRange
                0x00000000       0x28 Drivers/STM32L0xx_HAL_Driver/Src/stm32l0xx_ll_rcc.o
 .text.LL_RCC_MSI_GetRange
                0x00000000       0x18 Drivers/STM32L0xx_HAL_Driver/Src/stm32l0xx_ll_rcc.o
 .text.LL_RCC_MSI_SetCalibTrimming
                0x00000000       0x28 Drivers/STM32L0xx_HAL_Driver/Src/stm32l0xx_ll_rcc.o
 .text.LL_RCC_GetSysClkSource
                0x00000000       0x18 Drivers/STM32L0xx_HAL_Driver/Src/stm32l0xx_ll_rcc.o
 .text.LL_RCC_GetAHBPrescaler
                0x00000000       0x18 Drivers/STM32L0xx_HAL_Driver/Src/stm32l0xx_ll_rcc.o
 .text.LL_RCC_GetAPB1Prescaler
                0x00000000       0x18 Drivers/STM32L0xx_HAL_Driver/Src/stm32l0xx_ll_rcc.o
 .text.LL_RCC_GetAPB2Prescaler
                0x00000000       0x18 Drivers/STM32L0xx_HAL_Driver/Src/stm32l0xx_ll_rcc.o
 .text.LL_RCC_GetUSARTClockSource
                0x00000000       0x24 Drivers/STM32L0xx_HAL_Driver/Src/stm32l0xx_ll_rcc.o
 .text.LL_RCC_GetLPUARTClockSource
                0x00000000       0x1c Drivers/STM32L0xx_HAL_Driver/Src/stm32l0xx_ll_rcc.o
 .text.LL_RCC_GetI2CClockSource
                0x00000000       0x24 Drivers/STM32L0xx_HAL_Driver/Src/stm32l0xx_ll_rcc.o
 .text.LL_RCC_GetLPTIMClockSource
                0x00000000       0x1c Drivers/STM32L0xx_HAL_Driver/Src/stm32l0xx_ll_rcc.o
 .text.LL_RCC_GetUSBClockSource
                0x00000000       0x1c Drivers/STM32L0xx_HAL_Driver/Src/stm32l0xx_ll_rcc.o
 .text.LL_RCC_PLL_IsReady
                0x00000000       0x20 Drivers/STM32L0xx_HAL_Driver/Src/stm32l0xx_ll_rcc.o
 .text.LL_RCC_PLL_GetMainSource
                0x00000000       0x18 Drivers/STM32L0xx_HAL_Driver/Src/stm32l0xx_ll_rcc.o
 .text.LL_RCC_PLL_GetMultiplicator
                0x00000000       0x18 Drivers/STM32L0xx_HAL_Driver/Src/stm32l0xx_ll_rcc.o
 .text.LL_RCC_PLL_GetDivider
                0x00000000       0x18 Drivers/STM32L0xx_HAL_Driver/Src/stm32l0xx_ll_rcc.o
 .text.LL_RCC_DeInit
                0x00000000       0xa0 Drivers/STM32L0xx_HAL_Driver/Src/stm32l0xx_ll_rcc.o
 .text.LL_RCC_GetSystemClocksFreq
                0x00000000       0x4c Drivers/STM32L0xx_HAL_Driver/Src/stm32l0xx_ll_rcc.o
 .text.LL_RCC_GetUSARTClockFreq
                0x00000000      0x108 Drivers/STM32L0xx_HAL_Driver/Src/stm32l0xx_ll_rcc.o
 .text.LL_RCC_GetI2CClockFreq
                0x00000000       0x78 Drivers/STM32L0xx_HAL_Driver/Src/stm32l0xx_ll_rcc.o
 .text.LL_RCC_GetLPUARTClockFreq
                0x00000000       0x84 Drivers/STM32L0xx_HAL_Driver/Src/stm32l0xx_ll_rcc.o
 .text.LL_RCC_GetLPTIMClockFreq
                0x00000000       0x9c Drivers/STM32L0xx_HAL_Driver/Src/stm32l0xx_ll_rcc.o
 .text.LL_RCC_GetUSBClockFreq
                0x00000000       0x4c Drivers/STM32L0xx_HAL_Driver/Src/stm32l0xx_ll_rcc.o
 .text.RCC_GetSystemClockFreq
                0x00000000       0x7c Drivers/STM32L0xx_HAL_Driver/Src/stm32l0xx_ll_rcc.o
 .text.RCC_GetHCLKClockFreq
                0x00000000       0x2c Drivers/STM32L0xx_HAL_Driver/Src/stm32l0xx_ll_rcc.o
 .text.RCC_GetPCLK1ClockFreq
                0x00000000       0x28 Drivers/STM32L0xx_HAL_Driver/Src/stm32l0xx_ll_rcc.o
 .text.RCC_GetPCLK2ClockFreq
                0x00000000       0x28 Drivers/STM32L0xx_HAL_Driver/Src/stm32l0xx_ll_rcc.o
 .text.RCC_PLL_GetFreqDomain_SYS
                0x00000000       0x74 Drivers/STM32L0xx_HAL_Driver/Src/stm32l0xx_ll_rcc.o
 .debug_info    0x00000000      0x7a9 Drivers/STM32L0xx_HAL_Driver/Src/stm32l0xx_ll_rcc.o
 .debug_abbrev  0x00000000      0x1ec Drivers/STM32L0xx_HAL_Driver/Src/stm32l0xx_ll_rcc.o
 .debug_aranges
                0x00000000      0x140 Drivers/STM32L0xx_HAL_Driver/Src/stm32l0xx_ll_rcc.o
 .debug_ranges  0x00000000      0x130 Drivers/STM32L0xx_HAL_Driver/Src/stm32l0xx_ll_rcc.o
 .debug_macro   0x00000000       0xe3 Drivers/STM32L0xx_HAL_Driver/Src/stm32l0xx_ll_rcc.o
 .debug_macro   0x00000000      0x874 Drivers/STM32L0xx_HAL_Driver/Src/stm32l0xx_ll_rcc.o
 .debug_macro   0x00000000       0x2e Drivers/STM32L0xx_HAL_Driver/Src/stm32l0xx_ll_rcc.o
 .debug_macro   0x00000000       0x28 Drivers/STM32L0xx_HAL_Driver/Src/stm32l0xx_ll_rcc.o
 .debug_macro   0x00000000       0x22 Drivers/STM32L0xx_HAL_Driver/Src/stm32l0xx_ll_rcc.o
 .debug_macro   0x00000000       0x44 Drivers/STM32L0xx_HAL_Driver/Src/stm32l0xx_ll_rcc.o
 .debug_macro   0x00000000       0xfd Drivers/STM32L0xx_HAL_Driver/Src/stm32l0xx_ll_rcc.o
 .debug_macro   0x00000000       0x22 Drivers/STM32L0xx_HAL_Driver/Src/stm32l0xx_ll_rcc.o
 .debug_macro   0x00000000      0x1df Drivers/STM32L0xx_HAL_Driver/Src/stm32l0xx_ll_rcc.o
 .debug_macro   0x00000000       0x34 Drivers/STM32L0xx_HAL_Driver/Src/stm32l0xx_ll_rcc.o
 .debug_macro   0x00000000       0x26 Drivers/STM32L0xx_HAL_Driver/Src/stm32l0xx_ll_rcc.o
 .debug_macro   0x00000000      0x44f Drivers/STM32L0xx_HAL_Driver/Src/stm32l0xx_ll_rcc.o
 .debug_macro   0x00000000     0x9cc0 Drivers/STM32L0xx_HAL_Driver/Src/stm32l0xx_ll_rcc.o
 .debug_macro   0x00000000       0x3c Drivers/STM32L0xx_HAL_Driver/Src/stm32l0xx_ll_rcc.o
 .debug_macro   0x00000000      0x460 Drivers/STM32L0xx_HAL_Driver/Src/stm32l0xx_ll_rcc.o
 .debug_line    0x00000000      0x765 Drivers/STM32L0xx_HAL_Driver/Src/stm32l0xx_ll_rcc.o
 .debug_str     0x00000000    0x3cc21 Drivers/STM32L0xx_HAL_Driver/Src/stm32l0xx_ll_rcc.o
 .comment       0x00000000       0x6f Drivers/STM32L0xx_HAL_Driver/Src/stm32l0xx_ll_rcc.o
 .debug_frame   0x00000000      0x46c Drivers/STM32L0xx_HAL_Driver/Src/stm32l0xx_ll_rcc.o
 .ARM.attributes
                0x00000000       0x32 Drivers/STM32L0xx_HAL_Driver/Src/stm32l0xx_ll_rcc.o
 .group         0x00000000        0x8 Drivers/STM32L0xx_HAL_Driver/Src/stm32l0xx_ll_utils.o
 .group         0x00000000        0x8 Drivers/STM32L0xx_HAL_Driver/Src/stm32l0xx_ll_utils.o
 .group         0x00000000        0x8 Drivers/STM32L0xx_HAL_Driver/Src/stm32l0xx_ll_utils.o
 .group         0x00000000        0x8 Drivers/STM32L0xx_HAL_Driver/Src/stm32l0xx_ll_utils.o
 .group         0x00000000        0x8 Drivers/STM32L0xx_HAL_Driver/Src/stm32l0xx_ll_utils.o
 .group         0x00000000        0x8 Drivers/STM32L0xx_HAL_Driver/Src/stm32l0xx_ll_utils.o
 .group         0x00000000        0x8 Drivers/STM32L0xx_HAL_Driver/Src/stm32l0xx_ll_utils.o
 .group         0x00000000        0x8 Drivers/STM32L0xx_HAL_Driver/Src/stm32l0xx_ll_utils.o
 .group         0x00000000        0x8 Drivers/STM32L0xx_HAL_Driver/Src/stm32l0xx_ll_utils.o
 .group         0x00000000        0x8 Drivers/STM32L0xx_HAL_Driver/Src/stm32l0xx_ll_utils.o
 .group         0x00000000        0x8 Drivers/STM32L0xx_HAL_Driver/Src/stm32l0xx_ll_utils.o
 .group         0x00000000        0x8 Drivers/STM32L0xx_HAL_Driver/Src/stm32l0xx_ll_utils.o
 .group         0x00000000        0x8 Drivers/STM32L0xx_HAL_Driver/Src/stm32l0xx_ll_utils.o
 .group         0x00000000        0x8 Drivers/STM32L0xx_HAL_Driver/Src/stm32l0xx_ll_utils.o
 .group         0x00000000        0x8 Drivers/STM32L0xx_HAL_Driver/Src/stm32l0xx_ll_utils.o
 .group         0x00000000        0x8 Drivers/STM32L0xx_HAL_Driver/Src/stm32l0xx_ll_utils.o
 .group         0x00000000        0x8 Drivers/STM32L0xx_HAL_Driver/Src/stm32l0xx_ll_utils.o
 .text          0x00000000        0x0 Drivers/STM32L0xx_HAL_Driver/Src/stm32l0xx_ll_utils.o
 .data          0x00000000        0x0 Drivers/STM32L0xx_HAL_Driver/Src/stm32l0xx_ll_utils.o
 .bss           0x00000000        0x0 Drivers/STM32L0xx_HAL_Driver/Src/stm32l0xx_ll_utils.o
 .text.LL_RCC_HSE_EnableBypass
                0x00000000       0x1c Drivers/STM32L0xx_HAL_Driver/Src/stm32l0xx_ll_utils.o
 .text.LL_RCC_HSE_DisableBypass
                0x00000000       0x20 Drivers/STM32L0xx_HAL_Driver/Src/stm32l0xx_ll_utils.o
 .text.LL_RCC_HSE_Enable
                0x00000000       0x1c Drivers/STM32L0xx_HAL_Driver/Src/stm32l0xx_ll_utils.o
 .text.LL_RCC_HSE_IsReady
                0x00000000       0x20 Drivers/STM32L0xx_HAL_Driver/Src/stm32l0xx_ll_utils.o
 .text.LL_RCC_HSI_Enable
                0x00000000       0x1c Drivers/STM32L0xx_HAL_Driver/Src/stm32l0xx_ll_utils.o
 .text.LL_RCC_HSI_IsReady
                0x00000000       0x1c Drivers/STM32L0xx_HAL_Driver/Src/stm32l0xx_ll_utils.o
 .text.LL_RCC_SetSysClkSource
                0x00000000       0x28 Drivers/STM32L0xx_HAL_Driver/Src/stm32l0xx_ll_utils.o
 .text.LL_RCC_GetSysClkSource
                0x00000000       0x18 Drivers/STM32L0xx_HAL_Driver/Src/stm32l0xx_ll_utils.o
 .text.LL_RCC_SetAHBPrescaler
                0x00000000       0x28 Drivers/STM32L0xx_HAL_Driver/Src/stm32l0xx_ll_utils.o
 .text.LL_RCC_SetAPB1Prescaler
                0x00000000       0x28 Drivers/STM32L0xx_HAL_Driver/Src/stm32l0xx_ll_utils.o
 .text.LL_RCC_SetAPB2Prescaler
                0x00000000       0x28 Drivers/STM32L0xx_HAL_Driver/Src/stm32l0xx_ll_utils.o
 .text.LL_RCC_PLL_Enable
                0x00000000       0x1c Drivers/STM32L0xx_HAL_Driver/Src/stm32l0xx_ll_utils.o
 .text.LL_RCC_PLL_IsReady
                0x00000000       0x20 Drivers/STM32L0xx_HAL_Driver/Src/stm32l0xx_ll_utils.o
 .text.LL_RCC_PLL_ConfigDomain_SYS
                0x00000000       0x34 Drivers/STM32L0xx_HAL_Driver/Src/stm32l0xx_ll_utils.o
 .text.LL_FLASH_SetLatency
                0x00000000       0x28 Drivers/STM32L0xx_HAL_Driver/Src/stm32l0xx_ll_utils.o
 .text.LL_FLASH_GetLatency
                0x00000000       0x18 Drivers/STM32L0xx_HAL_Driver/Src/stm32l0xx_ll_utils.o
 .text.LL_PWR_GetRegulVoltageScaling
                0x00000000       0x18 Drivers/STM32L0xx_HAL_Driver/Src/stm32l0xx_ll_utils.o
 .text.LL_PLL_ConfigSystemClock_HSI
                0x00000000       0x8c Drivers/STM32L0xx_HAL_Driver/Src/stm32l0xx_ll_utils.o
 .text.LL_PLL_ConfigSystemClock_HSE
                0x00000000       0x9c Drivers/STM32L0xx_HAL_Driver/Src/stm32l0xx_ll_utils.o
 .text.UTILS_SetFlashLatency
                0x00000000       0xa0 Drivers/STM32L0xx_HAL_Driver/Src/stm32l0xx_ll_utils.o
 .text.UTILS_GetPLLOutputFrequency
                0x00000000       0x44 Drivers/STM32L0xx_HAL_Driver/Src/stm32l0xx_ll_utils.o
 .text.UTILS_PLL_IsBusy
                0x00000000       0x28 Drivers/STM32L0xx_HAL_Driver/Src/stm32l0xx_ll_utils.o
 .text.UTILS_EnablePLLAndSwitchSystem
                0x00000000       0xd4 Drivers/STM32L0xx_HAL_Driver/Src/stm32l0xx_ll_utils.o
 .debug_macro   0x00000000      0x874 Drivers/STM32L0xx_HAL_Driver/Src/stm32l0xx_ll_utils.o
 .debug_macro   0x00000000       0x2e Drivers/STM32L0xx_HAL_Driver/Src/stm32l0xx_ll_utils.o
 .debug_macro   0x00000000       0x28 Drivers/STM32L0xx_HAL_Driver/Src/stm32l0xx_ll_utils.o
 .debug_macro   0x00000000       0x22 Drivers/STM32L0xx_HAL_Driver/Src/stm32l0xx_ll_utils.o
 .debug_macro   0x00000000       0x44 Drivers/STM32L0xx_HAL_Driver/Src/stm32l0xx_ll_utils.o
 .debug_macro   0x00000000       0xfd Drivers/STM32L0xx_HAL_Driver/Src/stm32l0xx_ll_utils.o
 .debug_macro   0x00000000       0x22 Drivers/STM32L0xx_HAL_Driver/Src/stm32l0xx_ll_utils.o
 .debug_macro   0x00000000      0x1df Drivers/STM32L0xx_HAL_Driver/Src/stm32l0xx_ll_utils.o
 .debug_macro   0x00000000       0x34 Drivers/STM32L0xx_HAL_Driver/Src/stm32l0xx_ll_utils.o
 .debug_macro   0x00000000       0x26 Drivers/STM32L0xx_HAL_Driver/Src/stm32l0xx_ll_utils.o
 .debug_macro   0x00000000      0x44f Drivers/STM32L0xx_HAL_Driver/Src/stm32l0xx_ll_utils.o
 .debug_macro   0x00000000     0x9cc0 Drivers/STM32L0xx_HAL_Driver/Src/stm32l0xx_ll_utils.o
 .debug_macro   0x00000000       0x3c Drivers/STM32L0xx_HAL_Driver/Src/stm32l0xx_ll_utils.o
 .debug_macro   0x00000000      0x460 Drivers/STM32L0xx_HAL_Driver/Src/stm32l0xx_ll_utils.o
 .debug_macro   0x00000000       0x2a Drivers/STM32L0xx_HAL_Driver/Src/stm32l0xx_ll_utils.o
 .debug_macro   0x00000000      0x185 Drivers/STM32L0xx_HAL_Driver/Src/stm32l0xx_ll_utils.o
 .debug_macro   0x00000000       0xc4 Drivers/STM32L0xx_HAL_Driver/Src/stm32l0xx_ll_utils.o
 .data          0x00000000        0x0 c:/ac6/systemworkbench/plugins/fr.ac6.mcu.externaltools.arm-none.win32_1.7.0.201602121829/tools/compiler/bin/../lib/gcc/arm-none-eabi/5.2.1/armv6-m\libgcc.a(_udivsi3.o)
 .bss           0x00000000        0x0 c:/ac6/systemworkbench/plugins/fr.ac6.mcu.externaltools.arm-none.win32_1.7.0.201602121829/tools/compiler/bin/../lib/gcc/arm-none-eabi/5.2.1/armv6-m\libgcc.a(_udivsi3.o)
 .data          0x00000000        0x0 c:/ac6/systemworkbench/plugins/fr.ac6.mcu.externaltools.arm-none.win32_1.7.0.201602121829/tools/compiler/bin/../lib/gcc/arm-none-eabi/5.2.1/armv6-m\libgcc.a(_divsi3.o)
 .bss           0x00000000        0x0 c:/ac6/systemworkbench/plugins/fr.ac6.mcu.externaltools.arm-none.win32_1.7.0.201602121829/tools/compiler/bin/../lib/gcc/arm-none-eabi/5.2.1/armv6-m\libgcc.a(_divsi3.o)
 .data          0x00000000        0x0 c:/ac6/systemworkbench/plugins/fr.ac6.mcu.externaltools.arm-none.win32_1.7.0.201602121829/tools/compiler/bin/../lib/gcc/arm-none-eabi/5.2.1/armv6-m\libgcc.a(_dvmd_tls.o)
 .bss           0x00000000        0x0 c:/ac6/systemworkbench/plugins/fr.ac6.mcu.externaltools.arm-none.win32_1.7.0.201602121829/tools/compiler/bin/../lib/gcc/arm-none-eabi/5.2.1/armv6-m\libgcc.a(_dvmd_tls.o)
 .text          0x00000000        0x0 c:/ac6/systemworkbench/plugins/fr.ac6.mcu.externaltools.arm-none.win32_1.7.0.201602121829/tools/compiler/bin/../lib/gcc/arm-none-eabi/5.2.1/../../../../arm-none-eabi/lib/armv6-m\libc_nano.a(lib_a-exit.o)
 .data          0x00000000        0x0 c:/ac6/systemworkbench/plugins/fr.ac6.mcu.externaltools.arm-none.win32_1.7.0.201602121829/tools/compiler/bin/../lib/gcc/arm-none-eabi/5.2.1/../../../../arm-none-eabi/lib/armv6-m\libc_nano.a(lib_a-exit.o)
 .bss           0x00000000        0x0 c:/ac6/systemworkbench/plugins/fr.ac6.mcu.externaltools.arm-none.win32_1.7.0.201602121829/tools/compiler/bin/../lib/gcc/arm-none-eabi/5.2.1/../../../../arm-none-eabi/lib/armv6-m\libc_nano.a(lib_a-exit.o)
 .text.exit     0x00000000       0x2c c:/ac6/systemworkbench/plugins/fr.ac6.mcu.externaltools.arm-none.win32_1.7.0.201602121829/tools/compiler/bin/../lib/gcc/arm-none-eabi/5.2.1/../../../../arm-none-eabi/lib/armv6-m\libc_nano.a(lib_a-exit.o)
 .debug_frame   0x00000000       0x28 c:/ac6/systemworkbench/plugins/fr.ac6.mcu.externaltools.arm-none.win32_1.7.0.201602121829/tools/compiler/bin/../lib/gcc/arm-none-eabi/5.2.1/../../../../arm-none-eabi/lib/armv6-m\libc_nano.a(lib_a-exit.o)
 .ARM.attributes
                0x00000000       0x2c c:/ac6/systemworkbench/plugins/fr.ac6.mcu.externaltools.arm-none.win32_1.7.0.201602121829/tools/compiler/bin/../lib/gcc/arm-none-eabi/5.2.1/../../../../arm-none-eabi/lib/armv6-m\libc_nano.a(lib_a-exit.o)
 .text          0x00000000        0x0 c:/ac6/systemworkbench/plugins/fr.ac6.mcu.externaltools.arm-none.win32_1.7.0.201602121829/tools/compiler/bin/../lib/gcc/arm-none-eabi/5.2.1/../../../../arm-none-eabi/lib/armv6-m\libc_nano.a(lib_a-impure.o)
 .data          0x00000000        0x0 c:/ac6/systemworkbench/plugins/fr.ac6.mcu.externaltools.arm-none.win32_1.7.0.201602121829/tools/compiler/bin/../lib/gcc/arm-none-eabi/5.2.1/../../../../arm-none-eabi/lib/armv6-m\libc_nano.a(lib_a-impure.o)
 .bss           0x00000000        0x0 c:/ac6/systemworkbench/plugins/fr.ac6.mcu.externaltools.arm-none.win32_1.7.0.201602121829/tools/compiler/bin/../lib/gcc/arm-none-eabi/5.2.1/../../../../arm-none-eabi/lib/armv6-m\libc_nano.a(lib_a-impure.o)
 .data.impure_data
                0x00000000       0x60 c:/ac6/systemworkbench/plugins/fr.ac6.mcu.externaltools.arm-none.win32_1.7.0.201602121829/tools/compiler/bin/../lib/gcc/arm-none-eabi/5.2.1/../../../../arm-none-eabi/lib/armv6-m\libc_nano.a(lib_a-impure.o)
 .data._impure_ptr
                0x00000000        0x4 c:/ac6/systemworkbench/plugins/fr.ac6.mcu.externaltools.arm-none.win32_1.7.0.201602121829/tools/compiler/bin/../lib/gcc/arm-none-eabi/5.2.1/../../../../arm-none-eabi/lib/armv6-m\libc_nano.a(lib_a-impure.o)
 .rodata.str1.1
                0x00000000        0x2 c:/ac6/systemworkbench/plugins/fr.ac6.mcu.externaltools.arm-none.win32_1.7.0.201602121829/tools/compiler/bin/../lib/gcc/arm-none-eabi/5.2.1/../../../../arm-none-eabi/lib/armv6-m\libc_nano.a(lib_a-impure.o)
 .rodata._global_impure_ptr
                0x00000000        0x4 c:/ac6/systemworkbench/plugins/fr.ac6.mcu.externaltools.arm-none.win32_1.7.0.201602121829/tools/compiler/bin/../lib/gcc/arm-none-eabi/5.2.1/../../../../arm-none-eabi/lib/armv6-m\libc_nano.a(lib_a-impure.o)
 .ARM.attributes
                0x00000000       0x2c c:/ac6/systemworkbench/plugins/fr.ac6.mcu.externaltools.arm-none.win32_1.7.0.201602121829/tools/compiler/bin/../lib/gcc/arm-none-eabi/5.2.1/../../../../arm-none-eabi/lib/armv6-m\libc_nano.a(lib_a-impure.o)
 .text          0x00000000        0x0 c:/ac6/systemworkbench/plugins/fr.ac6.mcu.externaltools.arm-none.win32_1.7.0.201602121829/tools/compiler/bin/../lib/gcc/arm-none-eabi/5.2.1/../../../../arm-none-eabi/lib/armv6-m\libc_nano.a(lib_a-init.o)
 .data          0x00000000        0x0 c:/ac6/systemworkbench/plugins/fr.ac6.mcu.externaltools.arm-none.win32_1.7.0.201602121829/tools/compiler/bin/../lib/gcc/arm-none-eabi/5.2.1/../../../../arm-none-eabi/lib/armv6-m\libc_nano.a(lib_a-init.o)
 .bss           0x00000000        0x0 c:/ac6/systemworkbench/plugins/fr.ac6.mcu.externaltools.arm-none.win32_1.7.0.201602121829/tools/compiler/bin/../lib/gcc/arm-none-eabi/5.2.1/../../../../arm-none-eabi/lib/armv6-m\libc_nano.a(lib_a-init.o)
 .text          0x00000000        0x0 c:/ac6/systemworkbench/plugins/fr.ac6.mcu.externaltools.arm-none.win32_1.7.0.201602121829/tools/compiler/bin/../lib/gcc/arm-none-eabi/5.2.1/../../../../arm-none-eabi/lib/armv6-m\libc_nano.a(lib_a-memset.o)
 .data          0x00000000        0x0 c:/ac6/systemworkbench/plugins/fr.ac6.mcu.externaltools.arm-none.win32_1.7.0.201602121829/tools/compiler/bin/../lib/gcc/arm-none-eabi/5.2.1/../../../../arm-none-eabi/lib/armv6-m\libc_nano.a(lib_a-memset.o)
 .bss           0x00000000        0x0 c:/ac6/systemworkbench/plugins/fr.ac6.mcu.externaltools.arm-none.win32_1.7.0.201602121829/tools/compiler/bin/../lib/gcc/arm-none-eabi/5.2.1/../../../../arm-none-eabi/lib/armv6-m\libc_nano.a(lib_a-memset.o)
 .text.memset   0x00000000       0x10 c:/ac6/systemworkbench/plugins/fr.ac6.mcu.externaltools.arm-none.win32_1.7.0.201602121829/tools/compiler/bin/../lib/gcc/arm-none-eabi/5.2.1/../../../../arm-none-eabi/lib/armv6-m\libc_nano.a(lib_a-memset.o)
 .debug_frame   0x00000000       0x20 c:/ac6/systemworkbench/plugins/fr.ac6.mcu.externaltools.arm-none.win32_1.7.0.201602121829/tools/compiler/bin/../lib/gcc/arm-none-eabi/5.2.1/../../../../arm-none-eabi/lib/armv6-m\libc_nano.a(lib_a-memset.o)
 .ARM.attributes
                0x00000000       0x2c c:/ac6/systemworkbench/plugins/fr.ac6.mcu.externaltools.arm-none.win32_1.7.0.201602121829/tools/compiler/bin/../lib/gcc/arm-none-eabi/5.2.1/../../../../arm-none-eabi/lib/armv6-m\libc_nano.a(lib_a-memset.o)
 .text          0x00000000        0x0 c:/ac6/systemworkbench/plugins/fr.ac6.mcu.externaltools.arm-none.win32_1.7.0.201602121829/tools/compiler/bin/../lib/gcc/arm-none-eabi/5.2.1/../../../../arm-none-eabi/lib/armv6-m\libnosys.a(_exit.o)
 .data          0x00000000        0x0 c:/ac6/systemworkbench/plugins/fr.ac6.mcu.externaltools.arm-none.win32_1.7.0.201602121829/tools/compiler/bin/../lib/gcc/arm-none-eabi/5.2.1/../../../../arm-none-eabi/lib/armv6-m\libnosys.a(_exit.o)
 .bss           0x00000000        0x0 c:/ac6/systemworkbench/plugins/fr.ac6.mcu.externaltools.arm-none.win32_1.7.0.201602121829/tools/compiler/bin/../lib/gcc/arm-none-eabi/5.2.1/../../../../arm-none-eabi/lib/armv6-m\libnosys.a(_exit.o)
 .text._exit    0x00000000        0x4 c:/ac6/systemworkbench/plugins/fr.ac6.mcu.externaltools.arm-none.win32_1.7.0.201602121829/tools/compiler/bin/../lib/gcc/arm-none-eabi/5.2.1/../../../../arm-none-eabi/lib/armv6-m\libnosys.a(_exit.o)
 .debug_frame   0x00000000       0x20 c:/ac6/systemworkbench/plugins/fr.ac6.mcu.externaltools.arm-none.win32_1.7.0.201602121829/tools/compiler/bin/../lib/gcc/arm-none-eabi/5.2.1/../../../../arm-none-eabi/lib/armv6-m\libnosys.a(_exit.o)
 .ARM.attributes
                0x00000000       0x2c c:/ac6/systemworkbench/plugins/fr.ac6.mcu.externaltools.arm-none.win32_1.7.0.201602121829/tools/compiler/bin/../lib/gcc/arm-none-eabi/5.2.1/../../../../arm-none-eabi/lib/armv6-m\libnosys.a(_exit.o)
 .text          0x00000000        0x0 c:/ac6/systemworkbench/plugins/fr.ac6.mcu.externaltools.arm-none.win32_1.7.0.201602121829/tools/compiler/bin/../lib/gcc/arm-none-eabi/5.2.1/armv6-m/crtend.o
 .data          0x00000000        0x0 c:/ac6/systemworkbench/plugins/fr.ac6.mcu.externaltools.arm-none.win32_1.7.0.201602121829/tools/compiler/bin/../lib/gcc/arm-none-eabi/5.2.1/armv6-m/crtend.o
 .bss           0x00000000        0x0 c:/ac6/systemworkbench/plugins/fr.ac6.mcu.externaltools.arm-none.win32_1.7.0.201602121829/tools/compiler/bin/../lib/gcc/arm-none-eabi/5.2.1/armv6-m/crtend.o
 .eh_frame      0x00000000        0x4 c:/ac6/systemworkbench/plugins/fr.ac6.mcu.externaltools.arm-none.win32_1.7.0.201602121829/tools/compiler/bin/../lib/gcc/arm-none-eabi/5.2.1/armv6-m/crtend.o
 .jcr           0x00000000        0x4 c:/ac6/systemworkbench/plugins/fr.ac6.mcu.externaltools.arm-none.win32_1.7.0.201602121829/tools/compiler/bin/../lib/gcc/arm-none-eabi/5.2.1/armv6-m/crtend.o
 .text          0x00000000        0x0 c:/ac6/systemworkbench/plugins/fr.ac6.mcu.externaltools.arm-none.win32_1.7.0.201602121829/tools/compiler/bin/../lib/gcc/arm-none-eabi/5.2.1/armv6-m/crtn.o
 .data          0x00000000        0x0 c:/ac6/systemworkbench/plugins/fr.ac6.mcu.externaltools.arm-none.win32_1.7.0.201602121829/tools/compiler/bin/../lib/gcc/arm-none-eabi/5.2.1/armv6-m/crtn.o
 .bss           0x00000000        0x0 c:/ac6/systemworkbench/plugins/fr.ac6.mcu.externaltools.arm-none.win32_1.7.0.201602121829/tools/compiler/bin/../lib/gcc/arm-none-eabi/5.2.1/armv6-m/crtn.o

Memory Configuration

Name             Origin             Length             Attributes
RAM              0x20000000         0x00002000         xrw
FLASH            0x08000000         0x00010000         xr
*default*        0x00000000         0xffffffff

Linker script and memory map

LOAD c:/ac6/systemworkbench/plugins/fr.ac6.mcu.externaltools.arm-none.win32_1.7.0.201602121829/tools/compiler/bin/../lib/gcc/arm-none-eabi/5.2.1/armv6-m/crti.o
LOAD c:/ac6/systemworkbench/plugins/fr.ac6.mcu.externaltools.arm-none.win32_1.7.0.201602121829/tools/compiler/bin/../lib/gcc/arm-none-eabi/5.2.1/armv6-m/crtbegin.o
LOAD c:/ac6/systemworkbench/plugins/fr.ac6.mcu.externaltools.arm-none.win32_1.7.0.201602121829/tools/compiler/bin/../lib/gcc/arm-none-eabi/5.2.1/../../../../arm-none-eabi/lib/armv6-m/crt0.o
LOAD c:/ac6/systemworkbench/plugins/fr.ac6.mcu.externaltools.arm-none.win32_1.7.0.201602121829/tools/compiler/bin/../lib/gcc/arm-none-eabi/5.2.1/../../../../arm-none-eabi/lib/armv6-m\libm.a
LOAD startup/startup_stm32l053xx.o
LOAD Src/button.o
LOAD Src/capson.o
LOAD Src/gpio.o
LOAD Src/led.o
LOAD Src/main.o
LOAD Src/stm32l0xx_it.o
LOAD Src/system_stm32l0xx.o
LOAD Drivers/STM32L0xx_HAL_Driver/Src/stm32l0xx_ll_exti.o
LOAD Drivers/STM32L0xx_HAL_Driver/Src/stm32l0xx_ll_gpio.o
LOAD Drivers/STM32L0xx_HAL_Driver/Src/stm32l0xx_ll_pwr.o
LOAD Drivers/STM32L0xx_HAL_Driver/Src/stm32l0xx_ll_rcc.o
LOAD Drivers/STM32L0xx_HAL_Driver/Src/stm32l0xx_ll_utils.o
START GROUP
LOAD c:/ac6/systemworkbench/plugins/fr.ac6.mcu.externaltools.arm-none.win32_1.7.0.201602121829/tools/compiler/bin/../lib/gcc/arm-none-eabi/5.2.1/armv6-m\libgcc.a
LOAD c:/ac6/systemworkbench/plugins/fr.ac6.mcu.externaltools.arm-none.win32_1.7.0.201602121829/tools/compiler/bin/../lib/gcc/arm-none-eabi/5.2.1/../../../../arm-none-eabi/lib/armv6-m\libc_nano.a
END GROUP
START GROUP
LOAD c:/ac6/systemworkbench/plugins/fr.ac6.mcu.externaltools.arm-none.win32_1.7.0.201602121829/tools/compiler/bin/../lib/gcc/arm-none-eabi/5.2.1/armv6-m\libgcc.a
LOAD c:/ac6/systemworkbench/plugins/fr.ac6.mcu.externaltools.arm-none.win32_1.7.0.201602121829/tools/compiler/bin/../lib/gcc/arm-none-eabi/5.2.1/../../../../arm-none-eabi/lib/armv6-m\libc_nano.a
LOAD c:/ac6/systemworkbench/plugins/fr.ac6.mcu.externaltools.arm-none.win32_1.7.0.201602121829/tools/compiler/bin/../lib/gcc/arm-none-eabi/5.2.1/../../../../arm-none-eabi/lib/armv6-m\libnosys.a
END GROUP
START GROUP
LOAD c:/ac6/systemworkbench/plugins/fr.ac6.mcu.externaltools.arm-none.win32_1.7.0.201602121829/tools/compiler/bin/../lib/gcc/arm-none-eabi/5.2.1/armv6-m\libgcc.a
LOAD c:/ac6/systemworkbench/plugins/fr.ac6.mcu.externaltools.arm-none.win32_1.7.0.201602121829/tools/compiler/bin/../lib/gcc/arm-none-eabi/5.2.1/../../../../arm-none-eabi/lib/armv6-m\libc_nano.a
LOAD c:/ac6/systemworkbench/plugins/fr.ac6.mcu.externaltools.arm-none.win32_1.7.0.201602121829/tools/compiler/bin/../lib/gcc/arm-none-eabi/5.2.1/../../../../arm-none-eabi/lib/armv6-m\libnosys.a
END GROUP
LOAD c:/ac6/systemworkbench/plugins/fr.ac6.mcu.externaltools.arm-none.win32_1.7.0.201602121829/tools/compiler/bin/../lib/gcc/arm-none-eabi/5.2.1/armv6-m/crtend.o
LOAD c:/ac6/systemworkbench/plugins/fr.ac6.mcu.externaltools.arm-none.win32_1.7.0.201602121829/tools/compiler/bin/../lib/gcc/arm-none-eabi/5.2.1/armv6-m/crtn.o
                0x20002000                _estack = 0x20002000
                0x00000200                _Min_Heap_Size = 0x200
                0x00000400                _Min_Stack_Size = 0x400

.isr_vector     0x08000000       0xc0
                0x08000000                . = ALIGN (0x4)
 *(.isr_vector)
 .isr_vector    0x08000000       0xc0 startup/startup_stm32l053xx.o
                0x08000000                g_pfnVectors
                0x080000c0                . = ALIGN (0x4)

.text           0x080000c0     0x14fc
                0x080000c0                . = ALIGN (0x4)
 *(.text)
 .text          0x080000c0       0xb4 c:/ac6/systemworkbench/plugins/fr.ac6.mcu.externaltools.arm-none.win32_1.7.0.201602121829/tools/compiler/bin/../lib/gcc/arm-none-eabi/5.2.1/armv6-m/crtbegin.o
 .text          0x08000174      0x114 c:/ac6/systemworkbench/plugins/fr.ac6.mcu.externaltools.arm-none.win32_1.7.0.201602121829/tools/compiler/bin/../lib/gcc/arm-none-eabi/5.2.1/armv6-m\libgcc.a(_udivsi3.o)
                0x08000174                __aeabi_uidiv
                0x08000174                __udivsi3
                0x08000280                __aeabi_uidivmod
 .text          0x08000288      0x1d4 c:/ac6/systemworkbench/plugins/fr.ac6.mcu.externaltools.arm-none.win32_1.7.0.201602121829/tools/compiler/bin/../lib/gcc/arm-none-eabi/5.2.1/armv6-m\libgcc.a(_divsi3.o)
                0x08000288                __divsi3
                0x08000288                __aeabi_idiv
                0x08000454                __aeabi_idivmod
 .text          0x0800045c        0x4 c:/ac6/systemworkbench/plugins/fr.ac6.mcu.externaltools.arm-none.win32_1.7.0.201602121829/tools/compiler/bin/../lib/gcc/arm-none-eabi/5.2.1/armv6-m\libgcc.a(_dvmd_tls.o)
                0x0800045c                __aeabi_idiv0
                0x0800045c                __aeabi_ldiv0
 *(.text*)
 .text.Reset_Handler
                0x08000460       0x50 startup/startup_stm32l053xx.o
                0x08000460                Reset_Handler
 .text.Default_Handler
                0x080004b0        0x2 startup/startup_stm32l053xx.o
                0x080004b0                TSC_IRQHandler
                0x080004b0                HardFault_Handler
                0x080004b0                ADC1_COMP_IRQHandler
                0x080004b0                PVD_IRQHandler
                0x080004b0                PendSV_Handler
                0x080004b0                NMI_Handler
                0x080004b0                I2C1_IRQHandler
                0x080004b0                RCC_CRS_IRQHandler
                0x080004b0                SPI1_IRQHandler
                0x080004b0                TIM6_DAC_IRQHandler
                0x080004b0                EXTI2_3_IRQHandler
                0x080004b0                I2C2_IRQHandler
                0x080004b0                RTC_IRQHandler
                0x080004b0                LCD_IRQHandler
                0x080004b0                DMA1_Channel4_5_6_7_IRQHandler
                0x080004b0                EXTI4_15_IRQHandler
                0x080004b0                DMA1_Channel1_IRQHandler
                0x080004b0                Default_Handler
                0x080004b0                TIM22_IRQHandler
                0x080004b0                EXTI0_1_IRQHandler
                0x080004b0                USB_IRQHandler
                0x080004b0                SPI2_IRQHandler
                0x080004b0                SVC_Handler
                0x080004b0                TIM21_IRQHandler
                0x080004b0                WWDG_IRQHandler
                0x080004b0                TIM2_IRQHandler
                0x080004b0                DMA1_Channel2_3_IRQHandler
                0x080004b0                USART2_IRQHandler
                0x080004b0                FLASH_IRQHandler
                0x080004b0                USART1_IRQHandler
                0x080004b0                RNG_LPUART1_IRQHandler
                0x080004b0                LPTIM1_IRQHandler
 *fill*         0x080004b2        0x2 
 .text.Capson_init
                0x080004b4       0xe0 Src/capson.o
                0x080004b4                Capson_init
 .text.Capson_isOn
                0x08000594       0x28 Src/capson.o
                0x08000594                Capson_isOn
 .text.Capson_isOff
                0x080005bc       0x28 Src/capson.o
                0x080005bc                Capson_isOff
 .text.Capson_measure
                0x080005e4       0x84 Src/capson.o
                0x080005e4                Capson_measure
 .text.LL_SYSCFG_SetEXTISource
                0x08000668       0x4c Src/gpio.o
 .text.LL_GPIO_SetPinMode
                0x080006b4       0x3c Src/gpio.o
 .text.LL_GPIO_SetPinPull
                0x080006f0       0x3c Src/gpio.o
 .text.LL_GPIO_ResetOutputPin
                0x0800072c       0x18 Src/gpio.o
 .text.LL_IOP_GRP1_EnableClock
                0x08000744       0x2c Src/gpio.o
 .text.MX_GPIO_Init
                0x08000770      0x134 Src/gpio.o
                0x08000770                MX_GPIO_Init
 .text.Led_init
                0x080008a4       0x88 Src/led.o
                0x080008a4                Led_init
 .text.Led_isOff
                0x0800092c       0x28 Src/led.o
                0x0800092c                Led_isOff
 .text.Led_turnOn
                0x08000954       0x28 Src/led.o
                0x08000954                Led_turnOn
 .text.Led_turnOff
                0x0800097c       0x2c Src/led.o
                0x0800097c                Led_turnOff
 .text.NVIC_SetPriority
                0x080009a8       0xdc Src/main.o
 .text.LL_RCC_HSI_Enable
                0x08000a84       0x1c Src/main.o
 .text.LL_RCC_HSI_IsReady
                0x08000aa0       0x1c Src/main.o
 .text.LL_RCC_HSI_SetCalibTrimming
                0x08000abc       0x2c Src/main.o
 .text.LL_RCC_SetSysClkSource
                0x08000ae8       0x28 Src/main.o
 .text.LL_RCC_GetSysClkSource
                0x08000b10       0x18 Src/main.o
 .text.LL_RCC_SetAHBPrescaler
                0x08000b28       0x28 Src/main.o
 .text.LL_RCC_SetAPB1Prescaler
                0x08000b50       0x28 Src/main.o
 .text.LL_RCC_SetAPB2Prescaler
                0x08000b78       0x28 Src/main.o
 .text.LL_APB1_GRP1_EnableClock
                0x08000ba0       0x2c Src/main.o
 .text.LL_APB2_GRP1_EnableClock
                0x08000bcc       0x2c Src/main.o
 .text.LL_FLASH_SetLatency
                0x08000bf8       0x28 Src/main.o
 .text.LL_FLASH_GetLatency
                0x08000c20       0x18 Src/main.o
 .text.LL_SYSTICK_SetClkSource
                0x08000c38       0x34 Src/main.o
 .text.LL_PWR_SetRegulVoltageScaling
                0x08000c6c       0x28 Src/main.o
 .text.main     0x08000c94      0x244 Src/main.o
                0x08000c94                main
 .text.LL_Init  0x08000ed8       0x40 Src/main.o
 .text.SystemClock_Config
                0x08000f18       0x90 Src/main.o
                0x08000f18                SystemClock_Config
 .text._Error_Handler
                0x08000fa8        0xc Src/main.o
                0x08000fa8                _Error_Handler
 .text.SysTick_Handler
                0x08000fb4        0xc Src/stm32l0xx_it.o
                0x08000fb4                SysTick_Handler
 .text.SystemInit
                0x08000fc0       0x7c Src/system_stm32l0xx.o
                0x08000fc0                SystemInit
 .text.LL_EXTI_EnableIT_0_31
                0x0800103c       0x20 Drivers/STM32L0xx_HAL_Driver/Src/stm32l0xx_ll_exti.o
 .text.LL_EXTI_DisableIT_0_31
                0x0800105c       0x24 Drivers/STM32L0xx_HAL_Driver/Src/stm32l0xx_ll_exti.o
 .text.LL_EXTI_EnableEvent_0_31
                0x08001080       0x20 Drivers/STM32L0xx_HAL_Driver/Src/stm32l0xx_ll_exti.o
 .text.LL_EXTI_DisableEvent_0_31
                0x080010a0       0x24 Drivers/STM32L0xx_HAL_Driver/Src/stm32l0xx_ll_exti.o
 .text.LL_EXTI_EnableRisingTrig_0_31
                0x080010c4       0x20 Drivers/STM32L0xx_HAL_Driver/Src/stm32l0xx_ll_exti.o
 .text.LL_EXTI_DisableRisingTrig_0_31
                0x080010e4       0x24 Drivers/STM32L0xx_HAL_Driver/Src/stm32l0xx_ll_exti.o
 .text.LL_EXTI_EnableFallingTrig_0_31
                0x08001108       0x20 Drivers/STM32L0xx_HAL_Driver/Src/stm32l0xx_ll_exti.o
 .text.LL_EXTI_DisableFallingTrig_0_31
                0x08001128       0x24 Drivers/STM32L0xx_HAL_Driver/Src/stm32l0xx_ll_exti.o
 .text.LL_EXTI_Init
                0x0800114c      0x104 Drivers/STM32L0xx_HAL_Driver/Src/stm32l0xx_ll_exti.o
                0x0800114c                LL_EXTI_Init
 .text.LL_GPIO_SetPinMode
                0x08001250       0x3c Drivers/STM32L0xx_HAL_Driver/Src/stm32l0xx_ll_gpio.o
 .text.LL_GPIO_SetPinOutputType
                0x0800128c       0x2c Drivers/STM32L0xx_HAL_Driver/Src/stm32l0xx_ll_gpio.o
 .text.LL_GPIO_SetPinSpeed
                0x080012b8       0x3c Drivers/STM32L0xx_HAL_Driver/Src/stm32l0xx_ll_gpio.o
 .text.LL_GPIO_SetPinPull
                0x080012f4       0x3c Drivers/STM32L0xx_HAL_Driver/Src/stm32l0xx_ll_gpio.o
 .text.LL_GPIO_SetAFPin_0_7
                0x08001330       0x4c Drivers/STM32L0xx_HAL_Driver/Src/stm32l0xx_ll_gpio.o
 .text.LL_GPIO_SetAFPin_8_15
                0x0800137c       0x5c Drivers/STM32L0xx_HAL_Driver/Src/stm32l0xx_ll_gpio.o
 .text.LL_GPIO_Init
                0x080013d8       0xcc Drivers/STM32L0xx_HAL_Driver/Src/stm32l0xx_ll_gpio.o
                0x080013d8                LL_GPIO_Init
 .text.LL_InitTick
                0x080014a4       0x34 Drivers/STM32L0xx_HAL_Driver/Src/stm32l0xx_ll_utils.o
 .text.LL_Init1msTick
                0x080014d8       0x20 Drivers/STM32L0xx_HAL_Driver/Src/stm32l0xx_ll_utils.o
                0x080014d8                LL_Init1msTick
 .text.LL_mDelay
                0x080014f8       0x44 Drivers/STM32L0xx_HAL_Driver/Src/stm32l0xx_ll_utils.o
                0x080014f8                LL_mDelay
 .text.LL_SetSystemCoreClock
                0x0800153c       0x1c Drivers/STM32L0xx_HAL_Driver/Src/stm32l0xx_ll_utils.o
                0x0800153c                LL_SetSystemCoreClock
 .text.__libc_init_array
                0x08001558       0x4c c:/ac6/systemworkbench/plugins/fr.ac6.mcu.externaltools.arm-none.win32_1.7.0.201602121829/tools/compiler/bin/../lib/gcc/arm-none-eabi/5.2.1/../../../../arm-none-eabi/lib/armv6-m\libc_nano.a(lib_a-init.o)
                0x08001558                __libc_init_array
 *(.glue_7)
 .glue_7        0x080015a4        0x0 linker stubs
 *(.glue_7t)
 .glue_7t       0x080015a4        0x0 linker stubs
 *(.eh_frame)
 .eh_frame      0x080015a4        0x0 c:/ac6/systemworkbench/plugins/fr.ac6.mcu.externaltools.arm-none.win32_1.7.0.201602121829/tools/compiler/bin/../lib/gcc/arm-none-eabi/5.2.1/armv6-m/crtbegin.o
 *(.init)
 .init          0x080015a4        0x4 c:/ac6/systemworkbench/plugins/fr.ac6.mcu.externaltools.arm-none.win32_1.7.0.201602121829/tools/compiler/bin/../lib/gcc/arm-none-eabi/5.2.1/armv6-m/crti.o
                0x080015a4                _init
 .init          0x080015a8        0x8 c:/ac6/systemworkbench/plugins/fr.ac6.mcu.externaltools.arm-none.win32_1.7.0.201602121829/tools/compiler/bin/../lib/gcc/arm-none-eabi/5.2.1/armv6-m/crtn.o
 *(.fini)
 .fini          0x080015b0        0x4 c:/ac6/systemworkbench/plugins/fr.ac6.mcu.externaltools.arm-none.win32_1.7.0.201602121829/tools/compiler/bin/../lib/gcc/arm-none-eabi/5.2.1/armv6-m/crti.o
                0x080015b0                _fini
 .fini          0x080015b4        0x8 c:/ac6/systemworkbench/plugins/fr.ac6.mcu.externaltools.arm-none.win32_1.7.0.201602121829/tools/compiler/bin/../lib/gcc/arm-none-eabi/5.2.1/armv6-m/crtn.o
                0x080015bc                . = ALIGN (0x4)
                0x080015bc                _etext = .

.vfp11_veneer   0x080015bc        0x0
 .vfp11_veneer  0x080015bc        0x0 linker stubs

.v4_bx          0x080015bc        0x0
 .v4_bx         0x080015bc        0x0 linker stubs

.iplt           0x080015bc        0x0
 .iplt          0x080015bc        0x0 c:/ac6/systemworkbench/plugins/fr.ac6.mcu.externaltools.arm-none.win32_1.7.0.201602121829/tools/compiler/bin/../lib/gcc/arm-none-eabi/5.2.1/armv6-m/crtbegin.o

.rodata         0x080015bc       0x18
                0x080015bc                . = ALIGN (0x4)
 *(.rodata)
 .rodata        0x080015bc       0x16 Src/main.o
 *(.rodata*)
                0x080015d4                . = ALIGN (0x4)
 *fill*         0x080015d2        0x2 

.rel.dyn        0x080015d4        0x0
 .rel.iplt      0x080015d4        0x0 c:/ac6/systemworkbench/plugins/fr.ac6.mcu.externaltools.arm-none.win32_1.7.0.201602121829/tools/compiler/bin/../lib/gcc/arm-none-eabi/5.2.1/armv6-m/crtbegin.o

.ARM.extab
 *(.ARM.extab* .gnu.linkonce.armextab.*)

.ARM            0x080015d4        0x0
                0x080015d4                __exidx_start = .
 *(.ARM.exidx*)
                0x080015d4                __exidx_end = .

.preinit_array  0x080015d4        0x0
                0x080015d4                PROVIDE (__preinit_array_start, .)
 *(.preinit_array*)
                0x080015d4                PROVIDE (__preinit_array_end, .)

.init_array     0x080015d4        0x4
                0x080015d4                PROVIDE (__init_array_start, .)
 *(SORT(.init_array.*))
 *(.init_array*)
 .init_array    0x080015d4        0x4 c:/ac6/systemworkbench/plugins/fr.ac6.mcu.externaltools.arm-none.win32_1.7.0.201602121829/tools/compiler/bin/../lib/gcc/arm-none-eabi/5.2.1/armv6-m/crtbegin.o
                0x080015d8                PROVIDE (__init_array_end, .)

.fini_array     0x080015d8        0x4
                [!provide]                PROVIDE (__fini_array_start, .)
 *(SORT(.fini_array.*))
 *(.fini_array*)
 .fini_array    0x080015d8        0x4 c:/ac6/systemworkbench/plugins/fr.ac6.mcu.externaltools.arm-none.win32_1.7.0.201602121829/tools/compiler/bin/../lib/gcc/arm-none-eabi/5.2.1/armv6-m/crtbegin.o
                [!provide]                PROVIDE (__fini_array_end, .)
                0x080015dc                _sidata = LOADADDR (.data)

.data           0x20000000        0x4 load address 0x080015dc
                0x20000000                . = ALIGN (0x4)
                0x20000000                _sdata = .
 *(.data)
 .data          0x20000000        0x4 Src/system_stm32l0xx.o
                0x20000000                SystemCoreClock
 *(.data*)
                0x20000004                . = ALIGN (0x4)
                0x20000004                _edata = .

.jcr            0x20000004        0x0 load address 0x080015e0
 .jcr           0x20000004        0x0 c:/ac6/systemworkbench/plugins/fr.ac6.mcu.externaltools.arm-none.win32_1.7.0.201602121829/tools/compiler/bin/../lib/gcc/arm-none-eabi/5.2.1/armv6-m/crtbegin.o

.tm_clone_table
                0x20000004        0x0 load address 0x080015e0
 .tm_clone_table
                0x20000004        0x0 c:/ac6/systemworkbench/plugins/fr.ac6.mcu.externaltools.arm-none.win32_1.7.0.201602121829/tools/compiler/bin/../lib/gcc/arm-none-eabi/5.2.1/armv6-m/crtbegin.o
 .tm_clone_table
                0x20000004        0x0 c:/ac6/systemworkbench/plugins/fr.ac6.mcu.externaltools.arm-none.win32_1.7.0.201602121829/tools/compiler/bin/../lib/gcc/arm-none-eabi/5.2.1/armv6-m/crtend.o

.igot.plt       0x20000004        0x0 load address 0x080015e0
 .igot.plt      0x20000004        0x0 c:/ac6/systemworkbench/plugins/fr.ac6.mcu.externaltools.arm-none.win32_1.7.0.201602121829/tools/compiler/bin/../lib/gcc/arm-none-eabi/5.2.1/armv6-m/crtbegin.o
                0x20000004                . = ALIGN (0x4)

.bss            0x20000004       0x90 load address 0x080015e0
                0x20000004                _sbss = .
                0x20000004                __bss_start__ = _sbss
 *(.bss)
 .bss           0x20000004       0x1c c:/ac6/systemworkbench/plugins/fr.ac6.mcu.externaltools.arm-none.win32_1.7.0.201602121829/tools/compiler/bin/../lib/gcc/arm-none-eabi/5.2.1/armv6-m/crtbegin.o
 *(.bss*)
 *(COMMON)
 COMMON         0x20000020       0x74 Src/main.o
                0x20000020                led4
                0x20000028                led1
                0x20000030                led9
                0x20000038                led6
                0x20000040                led5
                0x20000048                led3
                0x20000050                led0
                0x20000058                warning
                0x20000060                cm
                0x20000064                led7
                0x2000006c                led8
                0x20000074                capteur
                0x20000084                ledDefault
                0x2000008c                led2
                0x20000094                . = ALIGN (0x4)
                0x20000094                _ebss = .
                0x20000094                __bss_end__ = _ebss

._user_heap_stack
                0x20000094      0x604 load address 0x080015e0
                0x20000098                . = ALIGN (0x8)
 *fill*         0x20000094        0x4 
                [!provide]                PROVIDE (end, .)
                [!provide]                PROVIDE (_end, .)
                0x20000298                . = (. + _Min_Heap_Size)
 *fill*         0x20000098      0x200 
                0x20000698                . = (. + _Min_Stack_Size)
 *fill*         0x20000298      0x400 
                0x20000698                . = ALIGN (0x8)

/DISCARD/
 libc.a(*)
 libm.a(*)
 libgcc.a(*)

.ARM.attributes
                0x00000000       0x28
 *(.ARM.attributes)
 .ARM.attributes
                0x00000000       0x1e c:/ac6/systemworkbench/plugins/fr.ac6.mcu.externaltools.arm-none.win32_1.7.0.201602121829/tools/compiler/bin/../lib/gcc/arm-none-eabi/5.2.1/armv6-m/crti.o
 .ARM.attributes
                0x0000001e       0x2c c:/ac6/systemworkbench/plugins/fr.ac6.mcu.externaltools.arm-none.win32_1.7.0.201602121829/tools/compiler/bin/../lib/gcc/arm-none-eabi/5.2.1/armv6-m/crtbegin.o
 .ARM.attributes
                0x0000004a       0x22 startup/startup_stm32l053xx.o
 .ARM.attributes
                0x0000006c       0x32 Src/capson.o
 .ARM.attributes
                0x0000009e       0x32 Src/gpio.o
 .ARM.attributes
                0x000000d0       0x32 Src/led.o
 .ARM.attributes
                0x00000102       0x32 Src/main.o
 .ARM.attributes
                0x00000134       0x32 Src/stm32l0xx_it.o
 .ARM.attributes
                0x00000166       0x32 Src/system_stm32l0xx.o
 .ARM.attributes
                0x00000198       0x32 Drivers/STM32L0xx_HAL_Driver/Src/stm32l0xx_ll_exti.o
 .ARM.attributes
                0x000001ca       0x32 Drivers/STM32L0xx_HAL_Driver/Src/stm32l0xx_ll_gpio.o
 .ARM.attributes
                0x000001fc       0x32 Drivers/STM32L0xx_HAL_Driver/Src/stm32l0xx_ll_utils.o
 .ARM.attributes
                0x0000022e       0x1e c:/ac6/systemworkbench/plugins/fr.ac6.mcu.externaltools.arm-none.win32_1.7.0.201602121829/tools/compiler/bin/../lib/gcc/arm-none-eabi/5.2.1/armv6-m\libgcc.a(_udivsi3.o)
 .ARM.attributes
                0x0000024c       0x1e c:/ac6/systemworkbench/plugins/fr.ac6.mcu.externaltools.arm-none.win32_1.7.0.201602121829/tools/compiler/bin/../lib/gcc/arm-none-eabi/5.2.1/armv6-m\libgcc.a(_divsi3.o)
 .ARM.attributes
                0x0000026a       0x1e c:/ac6/systemworkbench/plugins/fr.ac6.mcu.externaltools.arm-none.win32_1.7.0.201602121829/tools/compiler/bin/../lib/gcc/arm-none-eabi/5.2.1/armv6-m\libgcc.a(_dvmd_tls.o)
 .ARM.attributes
                0x00000288       0x2c c:/ac6/systemworkbench/plugins/fr.ac6.mcu.externaltools.arm-none.win32_1.7.0.201602121829/tools/compiler/bin/../lib/gcc/arm-none-eabi/5.2.1/../../../../arm-none-eabi/lib/armv6-m\libc_nano.a(lib_a-init.o)
 .ARM.attributes
                0x000002b4       0x2c c:/ac6/systemworkbench/plugins/fr.ac6.mcu.externaltools.arm-none.win32_1.7.0.201602121829/tools/compiler/bin/../lib/gcc/arm-none-eabi/5.2.1/armv6-m/crtend.o
 .ARM.attributes
                0x000002e0       0x1e c:/ac6/systemworkbench/plugins/fr.ac6.mcu.externaltools.arm-none.win32_1.7.0.201602121829/tools/compiler/bin/../lib/gcc/arm-none-eabi/5.2.1/armv6-m/crtn.o
OUTPUT(capteur_distance.elf elf32-littlearm)

.debug_line     0x00000000     0x2f68
 .debug_line    0x00000000       0x83 startup/startup_stm32l053xx.o
 .debug_line    0x00000083      0x417 Src/capson.o
 .debug_line    0x0000049a      0x58e Src/gpio.o
 .debug_line    0x00000a28      0x41d Src/led.o
 .debug_line    0x00000e45      0x71d Src/main.o
 .debug_line    0x00001562      0x515 Src/stm32l0xx_it.o
 .debug_line    0x00001a77      0x3e3 Src/system_stm32l0xx.o
 .debug_line    0x00001e5a      0x50c Drivers/STM32L0xx_HAL_Driver/Src/stm32l0xx_ll_exti.o
 .debug_line    0x00002366      0x540 Drivers/STM32L0xx_HAL_Driver/Src/stm32l0xx_ll_gpio.o
 .debug_line    0x000028a6      0x6c2 Drivers/STM32L0xx_HAL_Driver/Src/stm32l0xx_ll_utils.o

.debug_info     0x00000000     0x2cfe
 .debug_info    0x00000000       0x6d startup/startup_stm32l053xx.o
 .debug_info    0x0000006d      0x3e7 Src/capson.o
 .debug_info    0x00000454      0x530 Src/gpio.o
 .debug_info    0x00000984      0x3ce Src/led.o
 .debug_info    0x00000d52      0xa9c Src/main.o
 .debug_info    0x000017ee       0xda Src/stm32l0xx_it.o
 .debug_info    0x000018c8      0x363 Src/system_stm32l0xx.o
 .debug_info    0x00001c2b      0x338 Drivers/STM32L0xx_HAL_Driver/Src/stm32l0xx_ll_exti.o
 .debug_info    0x00001f63      0x57d Drivers/STM32L0xx_HAL_Driver/Src/stm32l0xx_ll_gpio.o
 .debug_info    0x000024e0      0x81e Drivers/STM32L0xx_HAL_Driver/Src/stm32l0xx_ll_utils.o

.debug_abbrev   0x00000000      0xc29
 .debug_abbrev  0x00000000       0x12 startup/startup_stm32l053xx.o
 .debug_abbrev  0x00000012      0x143 Src/capson.o
 .debug_abbrev  0x00000155      0x14c Src/gpio.o
 .debug_abbrev  0x000002a1      0x13a Src/led.o
 .debug_abbrev  0x000003db      0x255 Src/main.o
 .debug_abbrev  0x00000630       0x7a Src/stm32l0xx_it.o
 .debug_abbrev  0x000006aa       0xf3 Src/system_stm32l0xx.o
 .debug_abbrev  0x0000079d      0x149 Drivers/STM32L0xx_HAL_Driver/Src/stm32l0xx_ll_exti.o
 .debug_abbrev  0x000008e6      0x15f Drivers/STM32L0xx_HAL_Driver/Src/stm32l0xx_ll_gpio.o
 .debug_abbrev  0x00000a45      0x1e4 Drivers/STM32L0xx_HAL_Driver/Src/stm32l0xx_ll_utils.o

.debug_aranges  0x00000000      0x3b8
 .debug_aranges
                0x00000000       0x28 startup/startup_stm32l053xx.o
 .debug_aranges
                0x00000028       0x38 Src/capson.o
 .debug_aranges
                0x00000060       0x48 Src/gpio.o
 .debug_aranges
                0x000000a8       0x48 Src/led.o
 .debug_aranges
                0x000000f0       0xb0 Src/main.o
 .debug_aranges
                0x000001a0       0x20 Src/stm32l0xx_it.o
 .debug_aranges
                0x000001c0       0x28 Src/system_stm32l0xx.o
 .debug_aranges
                0x000001e8       0x70 Drivers/STM32L0xx_HAL_Driver/Src/stm32l0xx_ll_exti.o
 .debug_aranges
                0x00000258       0x70 Drivers/STM32L0xx_HAL_Driver/Src/stm32l0xx_ll_gpio.o
 .debug_aranges
                0x000002c8       0xf0 Drivers/STM32L0xx_HAL_Driver/Src/stm32l0xx_ll_utils.o

.debug_ranges   0x00000000      0x320
 .debug_ranges  0x00000000       0x20 startup/startup_stm32l053xx.o
 .debug_ranges  0x00000020       0x28 Src/capson.o
 .debug_ranges  0x00000048       0x38 Src/gpio.o
 .debug_ranges  0x00000080       0x38 Src/led.o
 .debug_ranges  0x000000b8       0xa0 Src/main.o
 .debug_ranges  0x00000158       0x10 Src/stm32l0xx_it.o
 .debug_ranges  0x00000168       0x18 Src/system_stm32l0xx.o
 .debug_ranges  0x00000180       0x60 Drivers/STM32L0xx_HAL_Driver/Src/stm32l0xx_ll_exti.o
 .debug_ranges  0x000001e0       0x60 Drivers/STM32L0xx_HAL_Driver/Src/stm32l0xx_ll_gpio.o
 .debug_ranges  0x00000240       0xe0 Drivers/STM32L0xx_HAL_Driver/Src/stm32l0xx_ll_utils.o

.debug_macro    0x00000000     0x1af2
 .debug_macro   0x00000000       0xab Src/capson.o
 .debug_macro   0x000000ab      0x123 Src/gpio.o
 .debug_macro   0x000001ce      0x185 Src/gpio.o
 .debug_macro   0x00000353      0x13a Src/gpio.o
 .debug_macro   0x0000048d      0x10e Src/gpio.o
 .debug_macro   0x0000059b       0xe9 Src/gpio.o
 .debug_macro   0x00000684      0x466 Src/gpio.o
 .debug_macro   0x00000aea      0x101 Src/gpio.o
 .debug_macro   0x00000beb      0x19a Src/gpio.o
 .debug_macro   0x00000d85       0x2a Src/gpio.o
 .debug_macro   0x00000daf       0xc4 Src/gpio.o
 .debug_macro   0x00000e73      0x303 Src/gpio.o
 .debug_macro   0x00001176       0x70 Src/gpio.o
 .debug_macro   0x000011e6       0xab Src/led.o
 .debug_macro   0x00001291      0x14f Src/main.o
 .debug_macro   0x000013e0       0xe3 Src/main.o
 .debug_macro   0x000014c3      0x123 Src/stm32l0xx_it.o
 .debug_macro   0x000015e6       0xb6 Src/system_stm32l0xx.o
 .debug_macro   0x0000169c       0xd7 Drivers/STM32L0xx_HAL_Driver/Src/stm32l0xx_ll_exti.o
 .debug_macro   0x00001773       0xf2 Drivers/STM32L0xx_HAL_Driver/Src/stm32l0xx_ll_gpio.o
 .debug_macro   0x00001865      0x134 Drivers/STM32L0xx_HAL_Driver/Src/stm32l0xx_ll_gpio.o
 .debug_macro   0x00001999      0x159 Drivers/STM32L0xx_HAL_Driver/Src/stm32l0xx_ll_utils.o

.debug_str      0x00000000    0x43087
 .debug_str     0x00000000    0x3a3a0 Src/capson.o
                              0x3a59c (size before relaxing)
 .debug_str     0x0003a3a0     0x712f Src/gpio.o
                              0x41615 (size before relaxing)
 .debug_str     0x000414cf       0x70 Src/led.o
                              0x3a542 (size before relaxing)
 .debug_str     0x0004153f      0x466 Src/main.o
                              0x419e1 (size before relaxing)
 .debug_str     0x000419a5       0x38 Src/stm32l0xx_it.o
                              0x413ef (size before relaxing)
 .debug_str     0x000419dd       0x9a Src/system_stm32l0xx.o
                              0x3a830 (size before relaxing)
 .debug_str     0x00041a77      0x35f Drivers/STM32L0xx_HAL_Driver/Src/stm32l0xx_ll_exti.o
                              0x3afd2 (size before relaxing)
 .debug_str     0x00041dd6      0x529 Drivers/STM32L0xx_HAL_Driver/Src/stm32l0xx_ll_gpio.o
                              0x3bba4 (size before relaxing)
 .debug_str     0x000422ff      0xd88 Drivers/STM32L0xx_HAL_Driver/Src/stm32l0xx_ll_utils.o
                              0x3e487 (size before relaxing)

.comment        0x00000000       0x6e
 .comment       0x00000000       0x6e Src/capson.o
                                 0x6f (size before relaxing)
 .comment       0x0000006e       0x6f Src/gpio.o
 .comment       0x0000006e       0x6f Src/led.o
 .comment       0x0000006e       0x6f Src/main.o
 .comment       0x0000006e       0x6f Src/stm32l0xx_it.o
 .comment       0x0000006e       0x6f Src/system_stm32l0xx.o
 .comment       0x0000006e       0x6f Drivers/STM32L0xx_HAL_Driver/Src/stm32l0xx_ll_exti.o
 .comment       0x0000006e       0x6f Drivers/STM32L0xx_HAL_Driver/Src/stm32l0xx_ll_gpio.o
 .comment       0x0000006e       0x6f Drivers/STM32L0xx_HAL_Driver/Src/stm32l0xx_ll_utils.o

.debug_frame    0x00000000      0xb90
 .debug_frame   0x00000000       0x90 Src/capson.o
 .debug_frame   0x00000090       0xd0 Src/gpio.o
 .debug_frame   0x00000160       0xd0 Src/led.o
 .debug_frame   0x00000230      0x25c Src/main.o
 .debug_frame   0x0000048c       0x2c Src/stm32l0xx_it.o
 .debug_frame   0x000004b8       0x4c Src/system_stm32l0xx.o
 .debug_frame   0x00000504      0x16c Drivers/STM32L0xx_HAL_Driver/Src/stm32l0xx_ll_exti.o
 .debug_frame   0x00000670      0x170 Drivers/STM32L0xx_HAL_Driver/Src/stm32l0xx_ll_gpio.o
 .debug_frame   0x000007e0      0x344 Drivers/STM32L0xx_HAL_Driver/Src/stm32l0xx_ll_utils.o
 .debug_frame   0x00000b24       0x20 c:/ac6/systemworkbench/plugins/fr.ac6.mcu.externaltools.arm-none.win32_1.7.0.201602121829/tools/compiler/bin/../lib/gcc/arm-none-eabi/5.2.1/armv6-m\libgcc.a(_udivsi3.o)
 .debug_frame   0x00000b44       0x20 c:/ac6/systemworkbench/plugins/fr.ac6.mcu.externaltools.arm-none.win32_1.7.0.201602121829/tools/compiler/bin/../lib/gcc/arm-none-eabi/5.2.1/armv6-m\libgcc.a(_divsi3.o)
 .debug_frame   0x00000b64       0x2c c:/ac6/systemworkbench/plugins/fr.ac6.mcu.externaltools.arm-none.win32_1.7.0.201602121829/tools/compiler/bin/../lib/gcc/arm-none-eabi/5.2.1/../../../../arm-none-eabi/lib/armv6-m\libc_nano.a(lib_a-init.o)
