Archive member included to satisfy reference by file (symbol)

c:/ac6/systemworkbench/plugins/fr.ac6.mcu.externaltools.arm-none.win32_1.7.0.201602121829/tools/compiler/bin/../lib/gcc/arm-none-eabi/5.2.1/armv6-m\libgcc.a(_udivsi3.o)
                              Src/system_stm32l0xx.o (__aeabi_uidiv)
c:/ac6/systemworkbench/plugins/fr.ac6.mcu.externaltools.arm-none.win32_1.7.0.201602121829/tools/compiler/bin/../lib/gcc/arm-none-eabi/5.2.1/armv6-m\libgcc.a(_dvmd_tls.o)
                              c:/ac6/systemworkbench/plugins/fr.ac6.mcu.externaltools.arm-none.win32_1.7.0.201602121829/tools/compiler/bin/../lib/gcc/arm-none-eabi/5.2.1/armv6-m\libgcc.a(_udivsi3.o) (__aeabi_idiv0)
c:/ac6/systemworkbench/plugins/fr.ac6.mcu.externaltools.arm-none.win32_1.7.0.201602121829/tools/compiler/bin/../lib/gcc/arm-none-eabi/5.2.1/../../../../arm-none-eabi/lib/armv6-m\libc_nano.a(lib_a-exit.o)
                              c:/ac6/systemworkbench/plugins/fr.ac6.mcu.externaltools.arm-none.win32_1.7.0.201602121829/tools/compiler/bin/../lib/gcc/arm-none-eabi/5.2.1/../../../../arm-none-eabi/lib/armv6-m/crt0.o (exit)
c:/ac6/systemworkbench/plugins/fr.ac6.mcu.externaltools.arm-none.win32_1.7.0.201602121829/tools/compiler/bin/../lib/gcc/arm-none-eabi/5.2.1/../../../../arm-none-eabi/lib/armv6-m\libc_nano.a(lib_a-impure.o)
                              c:/ac6/systemworkbench/plugins/fr.ac6.mcu.externaltools.arm-none.win32_1.7.0.201602121829/tools/compiler/bin/../lib/gcc/arm-none-eabi/5.2.1/../../../../arm-none-eabi/lib/armv6-m\libc_nano.a(lib_a-exit.o) (_global_impure_ptr)
c:/ac6/systemworkbench/plugins/fr.ac6.mcu.externaltools.arm-none.win32_1.7.0.201602121829/tools/compiler/bin/../lib/gcc/arm-none-eabi/5.2.1/../../../../arm-none-eabi/lib/armv6-m\libc_nano.a(lib_a-init.o)
                              c:/ac6/systemworkbench/plugins/fr.ac6.mcu.externaltools.arm-none.win32_1.7.0.201602121829/tools/compiler/bin/../lib/gcc/arm-none-eabi/5.2.1/../../../../arm-none-eabi/lib/armv6-m/crt0.o (__libc_init_array)
c:/ac6/systemworkbench/plugins/fr.ac6.mcu.externaltools.arm-none.win32_1.7.0.201602121829/tools/compiler/bin/../lib/gcc/arm-none-eabi/5.2.1/../../../../arm-none-eabi/lib/armv6-m\libc_nano.a(lib_a-memset.o)
                              c:/ac6/systemworkbench/plugins/fr.ac6.mcu.externaltools.arm-none.win32_1.7.0.201602121829/tools/compiler/bin/../lib/gcc/arm-none-eabi/5.2.1/../../../../arm-none-eabi/lib/armv6-m/crt0.o (memset)
c:/ac6/systemworkbench/plugins/fr.ac6.mcu.externaltools.arm-none.win32_1.7.0.201602121829/tools/compiler/bin/../lib/gcc/arm-none-eabi/5.2.1/../../../../arm-none-eabi/lib/armv6-m\libnosys.a(_exit.o)
                              c:/ac6/systemworkbench/plugins/fr.ac6.mcu.externaltools.arm-none.win32_1.7.0.201602121829/tools/compiler/bin/../lib/gcc/arm-none-eabi/5.2.1/../../../../arm-none-eabi/lib/armv6-m\libc_nano.a(lib_a-exit.o) (_exit)

Allocating common symbols
Common symbol       size              file

led4                0x8               Src/main.o
led1                0x8               Src/main.o
led9                0x8               Src/main.o
led6                0x8               Src/main.o
led5                0x8               Src/main.o
capteurTrigger      0x8               Src/main.o
led3                0x8               Src/main.o
led0                0x8               Src/main.o
capteurEcho         0x8               Src/main.o
warning             0x8               Src/main.o
cm                  0x4               Src/main.o
led7                0x8               Src/main.o
led8                0x8               Src/main.o
led2                0x8               Src/main.o

Discarded input sections

 .text          0x00000000        0x0 c:/ac6/systemworkbench/plugins/fr.ac6.mcu.externaltools.arm-none.win32_1.7.0.201602121829/tools/compiler/bin/../lib/gcc/arm-none-eabi/5.2.1/armv6-m/crti.o
 .data          0x00000000        0x0 c:/ac6/systemworkbench/plugins/fr.ac6.mcu.externaltools.arm-none.win32_1.7.0.201602121829/tools/compiler/bin/../lib/gcc/arm-none-eabi/5.2.1/armv6-m/crti.o
 .bss           0x00000000        0x0 c:/ac6/systemworkbench/plugins/fr.ac6.mcu.externaltools.arm-none.win32_1.7.0.201602121829/tools/compiler/bin/../lib/gcc/arm-none-eabi/5.2.1/armv6-m/crti.o
 .data          0x00000000        0x4 c:/ac6/systemworkbench/plugins/fr.ac6.mcu.externaltools.arm-none.win32_1.7.0.201602121829/tools/compiler/bin/../lib/gcc/arm-none-eabi/5.2.1/armv6-m/crtbegin.o
 .text          0x00000000       0x78 c:/ac6/systemworkbench/plugins/fr.ac6.mcu.externaltools.arm-none.win32_1.7.0.201602121829/tools/compiler/bin/../lib/gcc/arm-none-eabi/5.2.1/../../../../arm-none-eabi/lib/armv6-m/crt0.o
 .data          0x00000000        0x0 c:/ac6/systemworkbench/plugins/fr.ac6.mcu.externaltools.arm-none.win32_1.7.0.201602121829/tools/compiler/bin/../lib/gcc/arm-none-eabi/5.2.1/../../../../arm-none-eabi/lib/armv6-m/crt0.o
 .bss           0x00000000        0x0 c:/ac6/systemworkbench/plugins/fr.ac6.mcu.externaltools.arm-none.win32_1.7.0.201602121829/tools/compiler/bin/../lib/gcc/arm-none-eabi/5.2.1/../../../../arm-none-eabi/lib/armv6-m/crt0.o
 .ARM.extab     0x00000000        0x0 c:/ac6/systemworkbench/plugins/fr.ac6.mcu.externaltools.arm-none.win32_1.7.0.201602121829/tools/compiler/bin/../lib/gcc/arm-none-eabi/5.2.1/../../../../arm-none-eabi/lib/armv6-m/crt0.o
 .ARM.exidx     0x00000000        0x8 c:/ac6/systemworkbench/plugins/fr.ac6.mcu.externaltools.arm-none.win32_1.7.0.201602121829/tools/compiler/bin/../lib/gcc/arm-none-eabi/5.2.1/../../../../arm-none-eabi/lib/armv6-m/crt0.o
 .ARM.attributes
                0x00000000       0x1b c:/ac6/systemworkbench/plugins/fr.ac6.mcu.externaltools.arm-none.win32_1.7.0.201602121829/tools/compiler/bin/../lib/gcc/arm-none-eabi/5.2.1/../../../../arm-none-eabi/lib/armv6-m/crt0.o
 .text          0x00000000       0x14 startup/startup_stm32l053xx.o
 .data          0x00000000        0x0 startup/startup_stm32l053xx.o
 .bss           0x00000000        0x0 startup/startup_stm32l053xx.o
 .group         0x00000000        0x8 Src/button.o
 .group         0x00000000        0x8 Src/button.o
 .group         0x00000000        0x8 Src/button.o
 .group         0x00000000        0x8 Src/button.o
 .group         0x00000000        0x8 Src/button.o
 .group         0x00000000        0x8 Src/button.o
 .group         0x00000000        0x8 Src/button.o
 .group         0x00000000        0x8 Src/button.o
 .group         0x00000000        0x8 Src/button.o
 .group         0x00000000        0x8 Src/button.o
 .group         0x00000000        0x8 Src/button.o
 .group         0x00000000        0x8 Src/button.o
 .group         0x00000000        0x8 Src/button.o
 .group         0x00000000        0x8 Src/button.o
 .text          0x00000000        0x0 Src/button.o
 .data          0x00000000        0x0 Src/button.o
 .bss           0x00000000        0x0 Src/button.o
 .text.Button_init
                0x00000000       0x3c Src/button.o
 .text.Button_State
                0x00000000       0x14 Src/button.o
 .text.Button_enableIRQ
                0x00000000       0xec Src/button.o
 .debug_info    0x00000000      0x7e7 Src/button.o
 .debug_abbrev  0x00000000      0x1f2 Src/button.o
 .debug_loc     0x00000000      0x25d Src/button.o
 .debug_aranges
                0x00000000       0x30 Src/button.o
 .debug_ranges  0x00000000       0xe0 Src/button.o
 .debug_macro   0x00000000       0xc9 Src/button.o
 .debug_macro   0x00000000      0x874 Src/button.o
 .debug_macro   0x00000000       0x2e Src/button.o
 .debug_macro   0x00000000       0x28 Src/button.o
 .debug_macro   0x00000000       0x22 Src/button.o
 .debug_macro   0x00000000       0x44 Src/button.o
 .debug_macro   0x00000000       0xfd Src/button.o
 .debug_macro   0x00000000       0x22 Src/button.o
 .debug_macro   0x00000000      0x1df Src/button.o
 .debug_macro   0x00000000       0x34 Src/button.o
 .debug_macro   0x00000000       0x26 Src/button.o
 .debug_macro   0x00000000      0x44f Src/button.o
 .debug_macro   0x00000000     0x9cc0 Src/button.o
 .debug_macro   0x00000000       0x3c Src/button.o
 .debug_macro   0x00000000      0x108 Src/button.o
 .debug_line    0x00000000      0x4d9 Src/button.o
 .debug_str     0x00000000    0x3b009 Src/button.o
 .comment       0x00000000       0x6f Src/button.o
 .debug_frame   0x00000000       0x60 Src/button.o
 .ARM.attributes
                0x00000000       0x32 Src/button.o
 .group         0x00000000        0x8 Src/capson.o
 .group         0x00000000        0x8 Src/capson.o
 .group         0x00000000        0x8 Src/capson.o
 .group         0x00000000        0x8 Src/capson.o
 .group         0x00000000        0x8 Src/capson.o
 .group         0x00000000        0x8 Src/capson.o
 .group         0x00000000        0x8 Src/capson.o
 .group         0x00000000        0x8 Src/capson.o
 .group         0x00000000        0x8 Src/capson.o
 .group         0x00000000        0x8 Src/capson.o
 .group         0x00000000        0x8 Src/capson.o
 .text          0x00000000        0x0 Src/capson.o
 .data          0x00000000        0x0 Src/capson.o
 .bss           0x00000000        0x0 Src/capson.o
 .text.Capson_isOn
                0x00000000       0x14 Src/capson.o
 .text.Capson_isOff
                0x00000000       0x14 Src/capson.o
 .text.Capson_trigger
                0x00000000       0x34 Src/capson.o
 .debug_macro   0x00000000      0x874 Src/capson.o
 .debug_macro   0x00000000       0x28 Src/capson.o
 .debug_macro   0x00000000       0x22 Src/capson.o
 .debug_macro   0x00000000       0x44 Src/capson.o
 .debug_macro   0x00000000       0xfd Src/capson.o
 .debug_macro   0x00000000       0x22 Src/capson.o
 .debug_macro   0x00000000      0x1df Src/capson.o
 .debug_macro   0x00000000       0x34 Src/capson.o
 .debug_macro   0x00000000       0x26 Src/capson.o
 .debug_macro   0x00000000      0x44f Src/capson.o
 .debug_macro   0x00000000     0x9cc0 Src/capson.o
 .group         0x00000000        0x8 Src/gpio.o
 .group         0x00000000        0x8 Src/gpio.o
 .group         0x00000000        0x8 Src/gpio.o
 .group         0x00000000        0x8 Src/gpio.o
 .group         0x00000000        0x8 Src/gpio.o
 .group         0x00000000        0x8 Src/gpio.o
 .group         0x00000000        0x8 Src/gpio.o
 .group         0x00000000        0x8 Src/gpio.o
 .group         0x00000000        0x8 Src/gpio.o
 .group         0x00000000        0x8 Src/gpio.o
 .group         0x00000000        0x8 Src/gpio.o
 .group         0x00000000        0x8 Src/gpio.o
 .group         0x00000000        0x8 Src/gpio.o
 .group         0x00000000        0x8 Src/gpio.o
 .group         0x00000000        0x8 Src/gpio.o
 .group         0x00000000        0x8 Src/gpio.o
 .group         0x00000000        0x8 Src/gpio.o
 .group         0x00000000        0x8 Src/gpio.o
 .group         0x00000000        0x8 Src/gpio.o
 .group         0x00000000        0x8 Src/gpio.o
 .group         0x00000000        0x8 Src/gpio.o
 .group         0x00000000        0x8 Src/gpio.o
 .group         0x00000000        0x8 Src/gpio.o
 .group         0x00000000        0x8 Src/gpio.o
 .text          0x00000000        0x0 Src/gpio.o
 .data          0x00000000        0x0 Src/gpio.o
 .bss           0x00000000        0x0 Src/gpio.o
 .debug_macro   0x00000000      0x874 Src/gpio.o
 .debug_macro   0x00000000       0x2e Src/gpio.o
 .debug_macro   0x00000000       0x28 Src/gpio.o
 .debug_macro   0x00000000       0x22 Src/gpio.o
 .debug_macro   0x00000000       0x44 Src/gpio.o
 .debug_macro   0x00000000       0xfd Src/gpio.o
 .debug_macro   0x00000000       0x22 Src/gpio.o
 .debug_macro   0x00000000      0x1df Src/gpio.o
 .debug_macro   0x00000000       0x34 Src/gpio.o
 .debug_macro   0x00000000       0x26 Src/gpio.o
 .debug_macro   0x00000000      0x44f Src/gpio.o
 .debug_macro   0x00000000     0x9cc0 Src/gpio.o
 .debug_macro   0x00000000       0x3c Src/gpio.o
 .group         0x00000000        0x8 Src/led.o
 .group         0x00000000        0x8 Src/led.o
 .group         0x00000000        0x8 Src/led.o
 .group         0x00000000        0x8 Src/led.o
 .group         0x00000000        0x8 Src/led.o
 .group         0x00000000        0x8 Src/led.o
 .group         0x00000000        0x8 Src/led.o
 .group         0x00000000        0x8 Src/led.o
 .group         0x00000000        0x8 Src/led.o
 .group         0x00000000        0x8 Src/led.o
 .group         0x00000000        0x8 Src/led.o
 .text          0x00000000        0x0 Src/led.o
 .data          0x00000000        0x0 Src/led.o
 .bss           0x00000000        0x0 Src/led.o
 .text.Led_isOn
                0x00000000       0x14 Src/led.o
 .text.Led_isOff
                0x00000000       0x14 Src/led.o
 .text.Led_toggle
                0x00000000       0x10 Src/led.o
 .debug_macro   0x00000000      0x874 Src/led.o
 .debug_macro   0x00000000       0x28 Src/led.o
 .debug_macro   0x00000000       0x22 Src/led.o
 .debug_macro   0x00000000       0x44 Src/led.o
 .debug_macro   0x00000000       0xfd Src/led.o
 .debug_macro   0x00000000       0x22 Src/led.o
 .debug_macro   0x00000000      0x1df Src/led.o
 .debug_macro   0x00000000       0x34 Src/led.o
 .debug_macro   0x00000000       0x26 Src/led.o
 .debug_macro   0x00000000      0x44f Src/led.o
 .debug_macro   0x00000000     0x9cc0 Src/led.o
 .group         0x00000000        0x8 Src/main.o
 .group         0x00000000        0x8 Src/main.o
 .group         0x00000000        0x8 Src/main.o
 .group         0x00000000        0x8 Src/main.o
 .group         0x00000000        0x8 Src/main.o
 .group         0x00000000        0x8 Src/main.o
 .group         0x00000000        0x8 Src/main.o
 .group         0x00000000        0x8 Src/main.o
 .group         0x00000000        0x8 Src/main.o
 .group         0x00000000        0x8 Src/main.o
 .group         0x00000000        0x8 Src/main.o
 .group         0x00000000        0x8 Src/main.o
 .group         0x00000000        0x8 Src/main.o
 .group         0x00000000        0x8 Src/main.o
 .group         0x00000000        0x8 Src/main.o
 .group         0x00000000        0x8 Src/main.o
 .group         0x00000000        0x8 Src/main.o
 .group         0x00000000        0x8 Src/main.o
 .group         0x00000000        0x8 Src/main.o
 .group         0x00000000        0x8 Src/main.o
 .group         0x00000000        0x8 Src/main.o
 .group         0x00000000        0x8 Src/main.o
 .group         0x00000000        0x8 Src/main.o
 .group         0x00000000        0x8 Src/main.o
 .text          0x00000000        0x0 Src/main.o
 .data          0x00000000        0x0 Src/main.o
 .bss           0x00000000        0x0 Src/main.o
 .text._Error_Handler
                0x00000000        0x4 Src/main.o
 .debug_macro   0x00000000      0x874 Src/main.o
 .debug_macro   0x00000000       0x2e Src/main.o
 .debug_macro   0x00000000       0x28 Src/main.o
 .debug_macro   0x00000000       0x22 Src/main.o
 .debug_macro   0x00000000       0x44 Src/main.o
 .debug_macro   0x00000000       0xfd Src/main.o
 .debug_macro   0x00000000       0x22 Src/main.o
 .debug_macro   0x00000000      0x1df Src/main.o
 .debug_macro   0x00000000       0x34 Src/main.o
 .debug_macro   0x00000000       0x26 Src/main.o
 .debug_macro   0x00000000      0x44f Src/main.o
 .debug_macro   0x00000000     0x9cc0 Src/main.o
 .debug_macro   0x00000000       0x3c Src/main.o
 .debug_macro   0x00000000      0x466 Src/main.o
 .debug_macro   0x00000000      0x101 Src/main.o
 .debug_macro   0x00000000      0x185 Src/main.o
 .debug_macro   0x00000000      0x10e Src/main.o
 .debug_macro   0x00000000      0x19a Src/main.o
 .debug_macro   0x00000000       0x2a Src/main.o
 .debug_macro   0x00000000       0xc4 Src/main.o
 .debug_macro   0x00000000      0x303 Src/main.o
 .debug_macro   0x00000000      0x13a Src/main.o
 .debug_macro   0x00000000       0x70 Src/main.o
 .group         0x00000000        0x8 Src/stm32l0xx_it.o
 .group         0x00000000        0x8 Src/stm32l0xx_it.o
 .group         0x00000000        0x8 Src/stm32l0xx_it.o
 .group         0x00000000        0x8 Src/stm32l0xx_it.o
 .group         0x00000000        0x8 Src/stm32l0xx_it.o
 .group         0x00000000        0x8 Src/stm32l0xx_it.o
 .group         0x00000000        0x8 Src/stm32l0xx_it.o
 .group         0x00000000        0x8 Src/stm32l0xx_it.o
 .group         0x00000000        0x8 Src/stm32l0xx_it.o
 .group         0x00000000        0x8 Src/stm32l0xx_it.o
 .group         0x00000000        0x8 Src/stm32l0xx_it.o
 .group         0x00000000        0x8 Src/stm32l0xx_it.o
 .group         0x00000000        0x8 Src/stm32l0xx_it.o
 .group         0x00000000        0x8 Src/stm32l0xx_it.o
 .group         0x00000000        0x8 Src/stm32l0xx_it.o
 .group         0x00000000        0x8 Src/stm32l0xx_it.o
 .group         0x00000000        0x8 Src/stm32l0xx_it.o
 .group         0x00000000        0x8 Src/stm32l0xx_it.o
 .group         0x00000000        0x8 Src/stm32l0xx_it.o
 .group         0x00000000        0x8 Src/stm32l0xx_it.o
 .group         0x00000000        0x8 Src/stm32l0xx_it.o
 .group         0x00000000        0x8 Src/stm32l0xx_it.o
 .group         0x00000000        0x8 Src/stm32l0xx_it.o
 .group         0x00000000        0x8 Src/stm32l0xx_it.o
 .text          0x00000000        0x0 Src/stm32l0xx_it.o
 .data          0x00000000        0x0 Src/stm32l0xx_it.o
 .bss           0x00000000        0x0 Src/stm32l0xx_it.o
 .debug_macro   0x00000000      0x874 Src/stm32l0xx_it.o
 .debug_macro   0x00000000       0x2e Src/stm32l0xx_it.o
 .debug_macro   0x00000000       0x28 Src/stm32l0xx_it.o
 .debug_macro   0x00000000       0x22 Src/stm32l0xx_it.o
 .debug_macro   0x00000000       0x44 Src/stm32l0xx_it.o
 .debug_macro   0x00000000       0xfd Src/stm32l0xx_it.o
 .debug_macro   0x00000000       0x22 Src/stm32l0xx_it.o
 .debug_macro   0x00000000      0x1df Src/stm32l0xx_it.o
 .debug_macro   0x00000000       0x34 Src/stm32l0xx_it.o
 .debug_macro   0x00000000       0x26 Src/stm32l0xx_it.o
 .debug_macro   0x00000000      0x44f Src/stm32l0xx_it.o
 .debug_macro   0x00000000     0x9cc0 Src/stm32l0xx_it.o
 .debug_macro   0x00000000       0x3c Src/stm32l0xx_it.o
 .debug_macro   0x00000000      0x185 Src/stm32l0xx_it.o
 .debug_macro   0x00000000      0x13a Src/stm32l0xx_it.o
 .debug_macro   0x00000000      0x10e Src/stm32l0xx_it.o
 .debug_macro   0x00000000       0xe9 Src/stm32l0xx_it.o
 .debug_macro   0x00000000      0x466 Src/stm32l0xx_it.o
 .debug_macro   0x00000000      0x101 Src/stm32l0xx_it.o
 .debug_macro   0x00000000      0x19a Src/stm32l0xx_it.o
 .debug_macro   0x00000000       0x2a Src/stm32l0xx_it.o
 .debug_macro   0x00000000       0xc4 Src/stm32l0xx_it.o
 .debug_macro   0x00000000      0x303 Src/stm32l0xx_it.o
 .debug_macro   0x00000000       0x70 Src/stm32l0xx_it.o
 .group         0x00000000        0x8 Src/system_stm32l0xx.o
 .group         0x00000000        0x8 Src/system_stm32l0xx.o
 .group         0x00000000        0x8 Src/system_stm32l0xx.o
 .group         0x00000000        0x8 Src/system_stm32l0xx.o
 .group         0x00000000        0x8 Src/system_stm32l0xx.o
 .group         0x00000000        0x8 Src/system_stm32l0xx.o
 .group         0x00000000        0x8 Src/system_stm32l0xx.o
 .group         0x00000000        0x8 Src/system_stm32l0xx.o
 .group         0x00000000        0x8 Src/system_stm32l0xx.o
 .group         0x00000000        0x8 Src/system_stm32l0xx.o
 .group         0x00000000        0x8 Src/system_stm32l0xx.o
 .group         0x00000000        0x8 Src/system_stm32l0xx.o
 .group         0x00000000        0x8 Src/system_stm32l0xx.o
 .text          0x00000000        0x0 Src/system_stm32l0xx.o
 .bss           0x00000000        0x0 Src/system_stm32l0xx.o
 .text.SystemCoreClockUpdate
                0x00000000       0x94 Src/system_stm32l0xx.o
 .rodata        0x00000000       0x24 Src/system_stm32l0xx.o
 .debug_macro   0x00000000      0x874 Src/system_stm32l0xx.o
 .debug_macro   0x00000000       0x2e Src/system_stm32l0xx.o
 .debug_macro   0x00000000       0x28 Src/system_stm32l0xx.o
 .debug_macro   0x00000000       0x22 Src/system_stm32l0xx.o
 .debug_macro   0x00000000       0x44 Src/system_stm32l0xx.o
 .debug_macro   0x00000000       0xfd Src/system_stm32l0xx.o
 .debug_macro   0x00000000       0x22 Src/system_stm32l0xx.o
 .debug_macro   0x00000000      0x1df Src/system_stm32l0xx.o
 .debug_macro   0x00000000       0x34 Src/system_stm32l0xx.o
 .debug_macro   0x00000000       0x26 Src/system_stm32l0xx.o
 .debug_macro   0x00000000      0x44f Src/system_stm32l0xx.o
 .debug_macro   0x00000000     0x9cc0 Src/system_stm32l0xx.o
 .debug_macro   0x00000000       0x3c Src/system_stm32l0xx.o
 .group         0x00000000        0x8 Drivers/STM32L0xx_HAL_Driver/Src/stm32l0xx_ll_exti.o
 .group         0x00000000        0x8 Drivers/STM32L0xx_HAL_Driver/Src/stm32l0xx_ll_exti.o
 .group         0x00000000        0x8 Drivers/STM32L0xx_HAL_Driver/Src/stm32l0xx_ll_exti.o
 .group         0x00000000        0x8 Drivers/STM32L0xx_HAL_Driver/Src/stm32l0xx_ll_exti.o
 .group         0x00000000        0x8 Drivers/STM32L0xx_HAL_Driver/Src/stm32l0xx_ll_exti.o
 .group         0x00000000        0x8 Drivers/STM32L0xx_HAL_Driver/Src/stm32l0xx_ll_exti.o
 .group         0x00000000        0x8 Drivers/STM32L0xx_HAL_Driver/Src/stm32l0xx_ll_exti.o
 .group         0x00000000        0x8 Drivers/STM32L0xx_HAL_Driver/Src/stm32l0xx_ll_exti.o
 .group         0x00000000        0x8 Drivers/STM32L0xx_HAL_Driver/Src/stm32l0xx_ll_exti.o
 .group         0x00000000        0x8 Drivers/STM32L0xx_HAL_Driver/Src/stm32l0xx_ll_exti.o
 .group         0x00000000        0x8 Drivers/STM32L0xx_HAL_Driver/Src/stm32l0xx_ll_exti.o
 .group         0x00000000        0x8 Drivers/STM32L0xx_HAL_Driver/Src/stm32l0xx_ll_exti.o
 .group         0x00000000        0x8 Drivers/STM32L0xx_HAL_Driver/Src/stm32l0xx_ll_exti.o
 .group         0x00000000        0x8 Drivers/STM32L0xx_HAL_Driver/Src/stm32l0xx_ll_exti.o
 .text          0x00000000        0x0 Drivers/STM32L0xx_HAL_Driver/Src/stm32l0xx_ll_exti.o
 .data          0x00000000        0x0 Drivers/STM32L0xx_HAL_Driver/Src/stm32l0xx_ll_exti.o
 .bss           0x00000000        0x0 Drivers/STM32L0xx_HAL_Driver/Src/stm32l0xx_ll_exti.o
 .text.LL_EXTI_DeInit
                0x00000000       0x24 Drivers/STM32L0xx_HAL_Driver/Src/stm32l0xx_ll_exti.o
 .text.LL_EXTI_StructInit
                0x00000000       0x10 Drivers/STM32L0xx_HAL_Driver/Src/stm32l0xx_ll_exti.o
 .debug_macro   0x00000000      0x874 Drivers/STM32L0xx_HAL_Driver/Src/stm32l0xx_ll_exti.o
 .debug_macro   0x00000000       0x2e Drivers/STM32L0xx_HAL_Driver/Src/stm32l0xx_ll_exti.o
 .debug_macro   0x00000000       0x28 Drivers/STM32L0xx_HAL_Driver/Src/stm32l0xx_ll_exti.o
 .debug_macro   0x00000000       0x22 Drivers/STM32L0xx_HAL_Driver/Src/stm32l0xx_ll_exti.o
 .debug_macro   0x00000000       0x44 Drivers/STM32L0xx_HAL_Driver/Src/stm32l0xx_ll_exti.o
 .debug_macro   0x00000000       0xfd Drivers/STM32L0xx_HAL_Driver/Src/stm32l0xx_ll_exti.o
 .debug_macro   0x00000000       0x22 Drivers/STM32L0xx_HAL_Driver/Src/stm32l0xx_ll_exti.o
 .debug_macro   0x00000000      0x1df Drivers/STM32L0xx_HAL_Driver/Src/stm32l0xx_ll_exti.o
 .debug_macro   0x00000000       0x34 Drivers/STM32L0xx_HAL_Driver/Src/stm32l0xx_ll_exti.o
 .debug_macro   0x00000000       0x26 Drivers/STM32L0xx_HAL_Driver/Src/stm32l0xx_ll_exti.o
 .debug_macro   0x00000000      0x44f Drivers/STM32L0xx_HAL_Driver/Src/stm32l0xx_ll_exti.o
 .debug_macro   0x00000000     0x9cc0 Drivers/STM32L0xx_HAL_Driver/Src/stm32l0xx_ll_exti.o
 .debug_macro   0x00000000       0x3c Drivers/STM32L0xx_HAL_Driver/Src/stm32l0xx_ll_exti.o
 .debug_macro   0x00000000      0x108 Drivers/STM32L0xx_HAL_Driver/Src/stm32l0xx_ll_exti.o
 .group         0x00000000        0x8 Drivers/STM32L0xx_HAL_Driver/Src/stm32l0xx_ll_gpio.o
 .group         0x00000000        0x8 Drivers/STM32L0xx_HAL_Driver/Src/stm32l0xx_ll_gpio.o
 .group         0x00000000        0x8 Drivers/STM32L0xx_HAL_Driver/Src/stm32l0xx_ll_gpio.o
 .group         0x00000000        0x8 Drivers/STM32L0xx_HAL_Driver/Src/stm32l0xx_ll_gpio.o
 .group         0x00000000        0x8 Drivers/STM32L0xx_HAL_Driver/Src/stm32l0xx_ll_gpio.o
 .group         0x00000000        0x8 Drivers/STM32L0xx_HAL_Driver/Src/stm32l0xx_ll_gpio.o
 .group         0x00000000        0x8 Drivers/STM32L0xx_HAL_Driver/Src/stm32l0xx_ll_gpio.o
 .group         0x00000000        0x8 Drivers/STM32L0xx_HAL_Driver/Src/stm32l0xx_ll_gpio.o
 .group         0x00000000        0x8 Drivers/STM32L0xx_HAL_Driver/Src/stm32l0xx_ll_gpio.o
 .group         0x00000000        0x8 Drivers/STM32L0xx_HAL_Driver/Src/stm32l0xx_ll_gpio.o
 .group         0x00000000        0x8 Drivers/STM32L0xx_HAL_Driver/Src/stm32l0xx_ll_gpio.o
 .group         0x00000000        0x8 Drivers/STM32L0xx_HAL_Driver/Src/stm32l0xx_ll_gpio.o
 .group         0x00000000        0x8 Drivers/STM32L0xx_HAL_Driver/Src/stm32l0xx_ll_gpio.o
 .group         0x00000000        0x8 Drivers/STM32L0xx_HAL_Driver/Src/stm32l0xx_ll_gpio.o
 .group         0x00000000        0x8 Drivers/STM32L0xx_HAL_Driver/Src/stm32l0xx_ll_gpio.o
 .text          0x00000000        0x0 Drivers/STM32L0xx_HAL_Driver/Src/stm32l0xx_ll_gpio.o
 .data          0x00000000        0x0 Drivers/STM32L0xx_HAL_Driver/Src/stm32l0xx_ll_gpio.o
 .bss           0x00000000        0x0 Drivers/STM32L0xx_HAL_Driver/Src/stm32l0xx_ll_gpio.o
 .text.LL_GPIO_DeInit
                0x00000000       0x7c Drivers/STM32L0xx_HAL_Driver/Src/stm32l0xx_ll_gpio.o
 .text.LL_GPIO_StructInit
                0x00000000       0x18 Drivers/STM32L0xx_HAL_Driver/Src/stm32l0xx_ll_gpio.o
 .debug_macro   0x00000000      0x874 Drivers/STM32L0xx_HAL_Driver/Src/stm32l0xx_ll_gpio.o
 .debug_macro   0x00000000       0x2e Drivers/STM32L0xx_HAL_Driver/Src/stm32l0xx_ll_gpio.o
 .debug_macro   0x00000000       0x28 Drivers/STM32L0xx_HAL_Driver/Src/stm32l0xx_ll_gpio.o
 .debug_macro   0x00000000       0x22 Drivers/STM32L0xx_HAL_Driver/Src/stm32l0xx_ll_gpio.o
 .debug_macro   0x00000000       0x44 Drivers/STM32L0xx_HAL_Driver/Src/stm32l0xx_ll_gpio.o
 .debug_macro   0x00000000       0xfd Drivers/STM32L0xx_HAL_Driver/Src/stm32l0xx_ll_gpio.o
 .debug_macro   0x00000000       0x22 Drivers/STM32L0xx_HAL_Driver/Src/stm32l0xx_ll_gpio.o
 .debug_macro   0x00000000      0x1df Drivers/STM32L0xx_HAL_Driver/Src/stm32l0xx_ll_gpio.o
 .debug_macro   0x00000000       0x34 Drivers/STM32L0xx_HAL_Driver/Src/stm32l0xx_ll_gpio.o
 .debug_macro   0x00000000       0x26 Drivers/STM32L0xx_HAL_Driver/Src/stm32l0xx_ll_gpio.o
 .debug_macro   0x00000000      0x44f Drivers/STM32L0xx_HAL_Driver/Src/stm32l0xx_ll_gpio.o
 .debug_macro   0x00000000     0x9cc0 Drivers/STM32L0xx_HAL_Driver/Src/stm32l0xx_ll_gpio.o
 .debug_macro   0x00000000       0x3c Drivers/STM32L0xx_HAL_Driver/Src/stm32l0xx_ll_gpio.o
 .debug_macro   0x00000000      0x101 Drivers/STM32L0xx_HAL_Driver/Src/stm32l0xx_ll_gpio.o
 .group         0x00000000        0x8 Drivers/STM32L0xx_HAL_Driver/Src/stm32l0xx_ll_pwr.o
 .group         0x00000000        0x8 Drivers/STM32L0xx_HAL_Driver/Src/stm32l0xx_ll_pwr.o
 .group         0x00000000        0x8 Drivers/STM32L0xx_HAL_Driver/Src/stm32l0xx_ll_pwr.o
 .group         0x00000000        0x8 Drivers/STM32L0xx_HAL_Driver/Src/stm32l0xx_ll_pwr.o
 .group         0x00000000        0x8 Drivers/STM32L0xx_HAL_Driver/Src/stm32l0xx_ll_pwr.o
 .group         0x00000000        0x8 Drivers/STM32L0xx_HAL_Driver/Src/stm32l0xx_ll_pwr.o
 .group         0x00000000        0x8 Drivers/STM32L0xx_HAL_Driver/Src/stm32l0xx_ll_pwr.o
 .group         0x00000000        0x8 Drivers/STM32L0xx_HAL_Driver/Src/stm32l0xx_ll_pwr.o
 .group         0x00000000        0x8 Drivers/STM32L0xx_HAL_Driver/Src/stm32l0xx_ll_pwr.o
 .group         0x00000000        0x8 Drivers/STM32L0xx_HAL_Driver/Src/stm32l0xx_ll_pwr.o
 .group         0x00000000        0x8 Drivers/STM32L0xx_HAL_Driver/Src/stm32l0xx_ll_pwr.o
 .group         0x00000000        0x8 Drivers/STM32L0xx_HAL_Driver/Src/stm32l0xx_ll_pwr.o
 .group         0x00000000        0x8 Drivers/STM32L0xx_HAL_Driver/Src/stm32l0xx_ll_pwr.o
 .group         0x00000000        0x8 Drivers/STM32L0xx_HAL_Driver/Src/stm32l0xx_ll_pwr.o
 .group         0x00000000        0x8 Drivers/STM32L0xx_HAL_Driver/Src/stm32l0xx_ll_pwr.o
 .text          0x00000000        0x0 Drivers/STM32L0xx_HAL_Driver/Src/stm32l0xx_ll_pwr.o
 .data          0x00000000        0x0 Drivers/STM32L0xx_HAL_Driver/Src/stm32l0xx_ll_pwr.o
 .bss           0x00000000        0x0 Drivers/STM32L0xx_HAL_Driver/Src/stm32l0xx_ll_pwr.o
 .text.LL_PWR_DeInit
                0x00000000       0x20 Drivers/STM32L0xx_HAL_Driver/Src/stm32l0xx_ll_pwr.o
 .debug_info    0x00000000      0x25c Drivers/STM32L0xx_HAL_Driver/Src/stm32l0xx_ll_pwr.o
 .debug_abbrev  0x00000000       0xf2 Drivers/STM32L0xx_HAL_Driver/Src/stm32l0xx_ll_pwr.o
 .debug_loc     0x00000000       0x2c Drivers/STM32L0xx_HAL_Driver/Src/stm32l0xx_ll_pwr.o
 .debug_aranges
                0x00000000       0x20 Drivers/STM32L0xx_HAL_Driver/Src/stm32l0xx_ll_pwr.o
 .debug_ranges  0x00000000       0x40 Drivers/STM32L0xx_HAL_Driver/Src/stm32l0xx_ll_pwr.o
 .debug_macro   0x00000000       0xc8 Drivers/STM32L0xx_HAL_Driver/Src/stm32l0xx_ll_pwr.o
 .debug_macro   0x00000000      0x874 Drivers/STM32L0xx_HAL_Driver/Src/stm32l0xx_ll_pwr.o
 .debug_macro   0x00000000       0x2e Drivers/STM32L0xx_HAL_Driver/Src/stm32l0xx_ll_pwr.o
 .debug_macro   0x00000000       0x28 Drivers/STM32L0xx_HAL_Driver/Src/stm32l0xx_ll_pwr.o
 .debug_macro   0x00000000       0x22 Drivers/STM32L0xx_HAL_Driver/Src/stm32l0xx_ll_pwr.o
 .debug_macro   0x00000000       0x44 Drivers/STM32L0xx_HAL_Driver/Src/stm32l0xx_ll_pwr.o
 .debug_macro   0x00000000       0xfd Drivers/STM32L0xx_HAL_Driver/Src/stm32l0xx_ll_pwr.o
 .debug_macro   0x00000000       0x22 Drivers/STM32L0xx_HAL_Driver/Src/stm32l0xx_ll_pwr.o
 .debug_macro   0x00000000      0x1df Drivers/STM32L0xx_HAL_Driver/Src/stm32l0xx_ll_pwr.o
 .debug_macro   0x00000000       0x34 Drivers/STM32L0xx_HAL_Driver/Src/stm32l0xx_ll_pwr.o
 .debug_macro   0x00000000       0x26 Drivers/STM32L0xx_HAL_Driver/Src/stm32l0xx_ll_pwr.o
 .debug_macro   0x00000000      0x44f Drivers/STM32L0xx_HAL_Driver/Src/stm32l0xx_ll_pwr.o
 .debug_macro   0x00000000     0x9cc0 Drivers/STM32L0xx_HAL_Driver/Src/stm32l0xx_ll_pwr.o
 .debug_macro   0x00000000       0x3c Drivers/STM32L0xx_HAL_Driver/Src/stm32l0xx_ll_pwr.o
 .debug_macro   0x00000000       0xbe Drivers/STM32L0xx_HAL_Driver/Src/stm32l0xx_ll_pwr.o
 .debug_macro   0x00000000      0x101 Drivers/STM32L0xx_HAL_Driver/Src/stm32l0xx_ll_pwr.o
 .debug_line    0x00000000      0x462 Drivers/STM32L0xx_HAL_Driver/Src/stm32l0xx_ll_pwr.o
 .debug_str     0x00000000    0x3b29e Drivers/STM32L0xx_HAL_Driver/Src/stm32l0xx_ll_pwr.o
 .comment       0x00000000       0x6f Drivers/STM32L0xx_HAL_Driver/Src/stm32l0xx_ll_pwr.o
 .debug_frame   0x00000000       0x20 Drivers/STM32L0xx_HAL_Driver/Src/stm32l0xx_ll_pwr.o
 .ARM.attributes
                0x00000000       0x32 Drivers/STM32L0xx_HAL_Driver/Src/stm32l0xx_ll_pwr.o
 .group         0x00000000        0x8 Drivers/STM32L0xx_HAL_Driver/Src/stm32l0xx_ll_rcc.o
 .group         0x00000000        0x8 Drivers/STM32L0xx_HAL_Driver/Src/stm32l0xx_ll_rcc.o
 .group         0x00000000        0x8 Drivers/STM32L0xx_HAL_Driver/Src/stm32l0xx_ll_rcc.o
 .group         0x00000000        0x8 Drivers/STM32L0xx_HAL_Driver/Src/stm32l0xx_ll_rcc.o
 .group         0x00000000        0x8 Drivers/STM32L0xx_HAL_Driver/Src/stm32l0xx_ll_rcc.o
 .group         0x00000000        0x8 Drivers/STM32L0xx_HAL_Driver/Src/stm32l0xx_ll_rcc.o
 .group         0x00000000        0x8 Drivers/STM32L0xx_HAL_Driver/Src/stm32l0xx_ll_rcc.o
 .group         0x00000000        0x8 Drivers/STM32L0xx_HAL_Driver/Src/stm32l0xx_ll_rcc.o
 .group         0x00000000        0x8 Drivers/STM32L0xx_HAL_Driver/Src/stm32l0xx_ll_rcc.o
 .group         0x00000000        0x8 Drivers/STM32L0xx_HAL_Driver/Src/stm32l0xx_ll_rcc.o
 .group         0x00000000        0x8 Drivers/STM32L0xx_HAL_Driver/Src/stm32l0xx_ll_rcc.o
 .group         0x00000000        0x8 Drivers/STM32L0xx_HAL_Driver/Src/stm32l0xx_ll_rcc.o
 .group         0x00000000        0x8 Drivers/STM32L0xx_HAL_Driver/Src/stm32l0xx_ll_rcc.o
 .group         0x00000000        0x8 Drivers/STM32L0xx_HAL_Driver/Src/stm32l0xx_ll_rcc.o
 .text          0x00000000        0x0 Drivers/STM32L0xx_HAL_Driver/Src/stm32l0xx_ll_rcc.o
 .data          0x00000000        0x0 Drivers/STM32L0xx_HAL_Driver/Src/stm32l0xx_ll_rcc.o
 .bss           0x00000000        0x0 Drivers/STM32L0xx_HAL_Driver/Src/stm32l0xx_ll_rcc.o
 .text.LL_RCC_DeInit
                0x00000000       0x8c Drivers/STM32L0xx_HAL_Driver/Src/stm32l0xx_ll_rcc.o
 .text.LL_RCC_GetUSBClockFreq
                0x00000000       0x5c Drivers/STM32L0xx_HAL_Driver/Src/stm32l0xx_ll_rcc.o
 .text.RCC_GetSystemClockFreq
                0x00000000       0x74 Drivers/STM32L0xx_HAL_Driver/Src/stm32l0xx_ll_rcc.o
 .text.LL_RCC_GetSystemClocksFreq
                0x00000000       0x48 Drivers/STM32L0xx_HAL_Driver/Src/stm32l0xx_ll_rcc.o
 .text.LL_RCC_GetUSARTClockFreq
                0x00000000       0xd4 Drivers/STM32L0xx_HAL_Driver/Src/stm32l0xx_ll_rcc.o
 .text.LL_RCC_GetI2CClockFreq
                0x00000000       0x74 Drivers/STM32L0xx_HAL_Driver/Src/stm32l0xx_ll_rcc.o
 .text.LL_RCC_GetLPUARTClockFreq
                0x00000000       0x6c Drivers/STM32L0xx_HAL_Driver/Src/stm32l0xx_ll_rcc.o
 .text.LL_RCC_GetLPTIMClockFreq
                0x00000000       0x7c Drivers/STM32L0xx_HAL_Driver/Src/stm32l0xx_ll_rcc.o
 .text.RCC_GetHCLKClockFreq
                0x00000000       0x18 Drivers/STM32L0xx_HAL_Driver/Src/stm32l0xx_ll_rcc.o
 .text.RCC_GetPCLK1ClockFreq
                0x00000000       0x18 Drivers/STM32L0xx_HAL_Driver/Src/stm32l0xx_ll_rcc.o
 .text.RCC_GetPCLK2ClockFreq
                0x00000000       0x18 Drivers/STM32L0xx_HAL_Driver/Src/stm32l0xx_ll_rcc.o
 .text.RCC_PLL_GetFreqDomain_SYS
                0x00000000       0x3c Drivers/STM32L0xx_HAL_Driver/Src/stm32l0xx_ll_rcc.o
 .debug_info    0x00000000      0xcf3 Drivers/STM32L0xx_HAL_Driver/Src/stm32l0xx_ll_rcc.o
 .debug_abbrev  0x00000000      0x2eb Drivers/STM32L0xx_HAL_Driver/Src/stm32l0xx_ll_rcc.o
 .debug_loc     0x00000000      0x5ca Drivers/STM32L0xx_HAL_Driver/Src/stm32l0xx_ll_rcc.o
 .debug_aranges
                0x00000000       0x78 Drivers/STM32L0xx_HAL_Driver/Src/stm32l0xx_ll_rcc.o
 .debug_ranges  0x00000000      0x370 Drivers/STM32L0xx_HAL_Driver/Src/stm32l0xx_ll_rcc.o
 .debug_macro   0x00000000       0xe3 Drivers/STM32L0xx_HAL_Driver/Src/stm32l0xx_ll_rcc.o
 .debug_macro   0x00000000      0x874 Drivers/STM32L0xx_HAL_Driver/Src/stm32l0xx_ll_rcc.o
 .debug_macro   0x00000000       0x2e Drivers/STM32L0xx_HAL_Driver/Src/stm32l0xx_ll_rcc.o
 .debug_macro   0x00000000       0x28 Drivers/STM32L0xx_HAL_Driver/Src/stm32l0xx_ll_rcc.o
 .debug_macro   0x00000000       0x22 Drivers/STM32L0xx_HAL_Driver/Src/stm32l0xx_ll_rcc.o
 .debug_macro   0x00000000       0x44 Drivers/STM32L0xx_HAL_Driver/Src/stm32l0xx_ll_rcc.o
 .debug_macro   0x00000000       0xfd Drivers/STM32L0xx_HAL_Driver/Src/stm32l0xx_ll_rcc.o
 .debug_macro   0x00000000       0x22 Drivers/STM32L0xx_HAL_Driver/Src/stm32l0xx_ll_rcc.o
 .debug_macro   0x00000000      0x1df Drivers/STM32L0xx_HAL_Driver/Src/stm32l0xx_ll_rcc.o
 .debug_macro   0x00000000       0x34 Drivers/STM32L0xx_HAL_Driver/Src/stm32l0xx_ll_rcc.o
 .debug_macro   0x00000000       0x26 Drivers/STM32L0xx_HAL_Driver/Src/stm32l0xx_ll_rcc.o
 .debug_macro   0x00000000      0x44f Drivers/STM32L0xx_HAL_Driver/Src/stm32l0xx_ll_rcc.o
 .debug_macro   0x00000000     0x9cc0 Drivers/STM32L0xx_HAL_Driver/Src/stm32l0xx_ll_rcc.o
 .debug_macro   0x00000000       0x3c Drivers/STM32L0xx_HAL_Driver/Src/stm32l0xx_ll_rcc.o
 .debug_macro   0x00000000      0x460 Drivers/STM32L0xx_HAL_Driver/Src/stm32l0xx_ll_rcc.o
 .debug_line    0x00000000      0x8a9 Drivers/STM32L0xx_HAL_Driver/Src/stm32l0xx_ll_rcc.o
 .debug_str     0x00000000    0x3cc20 Drivers/STM32L0xx_HAL_Driver/Src/stm32l0xx_ll_rcc.o
 .comment       0x00000000       0x6f Drivers/STM32L0xx_HAL_Driver/Src/stm32l0xx_ll_rcc.o
 .debug_frame   0x00000000      0x114 Drivers/STM32L0xx_HAL_Driver/Src/stm32l0xx_ll_rcc.o
 .ARM.attributes
                0x00000000       0x32 Drivers/STM32L0xx_HAL_Driver/Src/stm32l0xx_ll_rcc.o
 .group         0x00000000        0x8 Drivers/STM32L0xx_HAL_Driver/Src/stm32l0xx_ll_utils.o
 .group         0x00000000        0x8 Drivers/STM32L0xx_HAL_Driver/Src/stm32l0xx_ll_utils.o
 .group         0x00000000        0x8 Drivers/STM32L0xx_HAL_Driver/Src/stm32l0xx_ll_utils.o
 .group         0x00000000        0x8 Drivers/STM32L0xx_HAL_Driver/Src/stm32l0xx_ll_utils.o
 .group         0x00000000        0x8 Drivers/STM32L0xx_HAL_Driver/Src/stm32l0xx_ll_utils.o
 .group         0x00000000        0x8 Drivers/STM32L0xx_HAL_Driver/Src/stm32l0xx_ll_utils.o
 .group         0x00000000        0x8 Drivers/STM32L0xx_HAL_Driver/Src/stm32l0xx_ll_utils.o
 .group         0x00000000        0x8 Drivers/STM32L0xx_HAL_Driver/Src/stm32l0xx_ll_utils.o
 .group         0x00000000        0x8 Drivers/STM32L0xx_HAL_Driver/Src/stm32l0xx_ll_utils.o
 .group         0x00000000        0x8 Drivers/STM32L0xx_HAL_Driver/Src/stm32l0xx_ll_utils.o
 .group         0x00000000        0x8 Drivers/STM32L0xx_HAL_Driver/Src/stm32l0xx_ll_utils.o
 .group         0x00000000        0x8 Drivers/STM32L0xx_HAL_Driver/Src/stm32l0xx_ll_utils.o
 .group         0x00000000        0x8 Drivers/STM32L0xx_HAL_Driver/Src/stm32l0xx_ll_utils.o
 .group         0x00000000        0x8 Drivers/STM32L0xx_HAL_Driver/Src/stm32l0xx_ll_utils.o
 .group         0x00000000        0x8 Drivers/STM32L0xx_HAL_Driver/Src/stm32l0xx_ll_utils.o
 .group         0x00000000        0x8 Drivers/STM32L0xx_HAL_Driver/Src/stm32l0xx_ll_utils.o
 .group         0x00000000        0x8 Drivers/STM32L0xx_HAL_Driver/Src/stm32l0xx_ll_utils.o
 .text          0x00000000        0x0 Drivers/STM32L0xx_HAL_Driver/Src/stm32l0xx_ll_utils.o
 .data          0x00000000        0x0 Drivers/STM32L0xx_HAL_Driver/Src/stm32l0xx_ll_utils.o
 .bss           0x00000000        0x0 Drivers/STM32L0xx_HAL_Driver/Src/stm32l0xx_ll_utils.o
 .text.UTILS_SetFlashLatency.part.0
                0x00000000       0x6c Drivers/STM32L0xx_HAL_Driver/Src/stm32l0xx_ll_utils.o
 .text.UTILS_EnablePLLAndSwitchSystem
                0x00000000       0xbc Drivers/STM32L0xx_HAL_Driver/Src/stm32l0xx_ll_utils.o
 .text.LL_PLL_ConfigSystemClock_HSI
                0x00000000       0x60 Drivers/STM32L0xx_HAL_Driver/Src/stm32l0xx_ll_utils.o
 .text.LL_PLL_ConfigSystemClock_HSE
                0x00000000       0x9c Drivers/STM32L0xx_HAL_Driver/Src/stm32l0xx_ll_utils.o
 .debug_macro   0x00000000      0x874 Drivers/STM32L0xx_HAL_Driver/Src/stm32l0xx_ll_utils.o
 .debug_macro   0x00000000       0x2e Drivers/STM32L0xx_HAL_Driver/Src/stm32l0xx_ll_utils.o
 .debug_macro   0x00000000       0x28 Drivers/STM32L0xx_HAL_Driver/Src/stm32l0xx_ll_utils.o
 .debug_macro   0x00000000       0x22 Drivers/STM32L0xx_HAL_Driver/Src/stm32l0xx_ll_utils.o
 .debug_macro   0x00000000       0x44 Drivers/STM32L0xx_HAL_Driver/Src/stm32l0xx_ll_utils.o
 .debug_macro   0x00000000       0xfd Drivers/STM32L0xx_HAL_Driver/Src/stm32l0xx_ll_utils.o
 .debug_macro   0x00000000       0x22 Drivers/STM32L0xx_HAL_Driver/Src/stm32l0xx_ll_utils.o
 .debug_macro   0x00000000      0x1df Drivers/STM32L0xx_HAL_Driver/Src/stm32l0xx_ll_utils.o
 .debug_macro   0x00000000       0x34 Drivers/STM32L0xx_HAL_Driver/Src/stm32l0xx_ll_utils.o
 .debug_macro   0x00000000       0x26 Drivers/STM32L0xx_HAL_Driver/Src/stm32l0xx_ll_utils.o
 .debug_macro   0x00000000      0x44f Drivers/STM32L0xx_HAL_Driver/Src/stm32l0xx_ll_utils.o
 .debug_macro   0x00000000     0x9cc0 Drivers/STM32L0xx_HAL_Driver/Src/stm32l0xx_ll_utils.o
 .debug_macro   0x00000000       0x3c Drivers/STM32L0xx_HAL_Driver/Src/stm32l0xx_ll_utils.o
 .debug_macro   0x00000000      0x460 Drivers/STM32L0xx_HAL_Driver/Src/stm32l0xx_ll_utils.o
 .debug_macro   0x00000000       0x2a Drivers/STM32L0xx_HAL_Driver/Src/stm32l0xx_ll_utils.o
 .debug_macro   0x00000000      0x185 Drivers/STM32L0xx_HAL_Driver/Src/stm32l0xx_ll_utils.o
 .debug_macro   0x00000000       0xc4 Drivers/STM32L0xx_HAL_Driver/Src/stm32l0xx_ll_utils.o
 .data          0x00000000        0x0 c:/ac6/systemworkbench/plugins/fr.ac6.mcu.externaltools.arm-none.win32_1.7.0.201602121829/tools/compiler/bin/../lib/gcc/arm-none-eabi/5.2.1/armv6-m\libgcc.a(_udivsi3.o)
 .bss           0x00000000        0x0 c:/ac6/systemworkbench/plugins/fr.ac6.mcu.externaltools.arm-none.win32_1.7.0.201602121829/tools/compiler/bin/../lib/gcc/arm-none-eabi/5.2.1/armv6-m\libgcc.a(_udivsi3.o)
 .data          0x00000000        0x0 c:/ac6/systemworkbench/plugins/fr.ac6.mcu.externaltools.arm-none.win32_1.7.0.201602121829/tools/compiler/bin/../lib/gcc/arm-none-eabi/5.2.1/armv6-m\libgcc.a(_dvmd_tls.o)
 .bss           0x00000000        0x0 c:/ac6/systemworkbench/plugins/fr.ac6.mcu.externaltools.arm-none.win32_1.7.0.201602121829/tools/compiler/bin/../lib/gcc/arm-none-eabi/5.2.1/armv6-m\libgcc.a(_dvmd_tls.o)
 .text          0x00000000        0x0 c:/ac6/systemworkbench/plugins/fr.ac6.mcu.externaltools.arm-none.win32_1.7.0.201602121829/tools/compiler/bin/../lib/gcc/arm-none-eabi/5.2.1/../../../../arm-none-eabi/lib/armv6-m\libc_nano.a(lib_a-exit.o)
 .data          0x00000000        0x0 c:/ac6/systemworkbench/plugins/fr.ac6.mcu.externaltools.arm-none.win32_1.7.0.201602121829/tools/compiler/bin/../lib/gcc/arm-none-eabi/5.2.1/../../../../arm-none-eabi/lib/armv6-m\libc_nano.a(lib_a-exit.o)
 .bss           0x00000000        0x0 c:/ac6/systemworkbench/plugins/fr.ac6.mcu.externaltools.arm-none.win32_1.7.0.201602121829/tools/compiler/bin/../lib/gcc/arm-none-eabi/5.2.1/../../../../arm-none-eabi/lib/armv6-m\libc_nano.a(lib_a-exit.o)
 .text.exit     0x00000000       0x2c c:/ac6/systemworkbench/plugins/fr.ac6.mcu.externaltools.arm-none.win32_1.7.0.201602121829/tools/compiler/bin/../lib/gcc/arm-none-eabi/5.2.1/../../../../arm-none-eabi/lib/armv6-m\libc_nano.a(lib_a-exit.o)
 .debug_frame   0x00000000       0x28 c:/ac6/systemworkbench/plugins/fr.ac6.mcu.externaltools.arm-none.win32_1.7.0.201602121829/tools/compiler/bin/../lib/gcc/arm-none-eabi/5.2.1/../../../../arm-none-eabi/lib/armv6-m\libc_nano.a(lib_a-exit.o)
 .ARM.attributes
                0x00000000       0x2c c:/ac6/systemworkbench/plugins/fr.ac6.mcu.externaltools.arm-none.win32_1.7.0.201602121829/tools/compiler/bin/../lib/gcc/arm-none-eabi/5.2.1/../../../../arm-none-eabi/lib/armv6-m\libc_nano.a(lib_a-exit.o)
 .text          0x00000000        0x0 c:/ac6/systemworkbench/plugins/fr.ac6.mcu.externaltools.arm-none.win32_1.7.0.201602121829/tools/compiler/bin/../lib/gcc/arm-none-eabi/5.2.1/../../../../arm-none-eabi/lib/armv6-m\libc_nano.a(lib_a-impure.o)
 .data          0x00000000        0x0 c:/ac6/systemworkbench/plugins/fr.ac6.mcu.externaltools.arm-none.win32_1.7.0.201602121829/tools/compiler/bin/../lib/gcc/arm-none-eabi/5.2.1/../../../../arm-none-eabi/lib/armv6-m\libc_nano.a(lib_a-impure.o)
 .bss           0x00000000        0x0 c:/ac6/systemworkbench/plugins/fr.ac6.mcu.externaltools.arm-none.win32_1.7.0.201602121829/tools/compiler/bin/../lib/gcc/arm-none-eabi/5.2.1/../../../../arm-none-eabi/lib/armv6-m\libc_nano.a(lib_a-impure.o)
 .data.impure_data
                0x00000000       0x60 c:/ac6/systemworkbench/plugins/fr.ac6.mcu.externaltools.arm-none.win32_1.7.0.201602121829/tools/compiler/bin/../lib/gcc/arm-none-eabi/5.2.1/../../../../arm-none-eabi/lib/armv6-m\libc_nano.a(lib_a-impure.o)
 .data._impure_ptr
                0x00000000        0x4 c:/ac6/systemworkbench/plugins/fr.ac6.mcu.externaltools.arm-none.win32_1.7.0.201602121829/tools/compiler/bin/../lib/gcc/arm-none-eabi/5.2.1/../../../../arm-none-eabi/lib/armv6-m\libc_nano.a(lib_a-impure.o)
 .rodata.str1.1
                0x00000000        0x2 c:/ac6/systemworkbench/plugins/fr.ac6.mcu.externaltools.arm-none.win32_1.7.0.201602121829/tools/compiler/bin/../lib/gcc/arm-none-eabi/5.2.1/../../../../arm-none-eabi/lib/armv6-m\libc_nano.a(lib_a-impure.o)
 .rodata._global_impure_ptr
                0x00000000        0x4 c:/ac6/systemworkbench/plugins/fr.ac6.mcu.externaltools.arm-none.win32_1.7.0.201602121829/tools/compiler/bin/../lib/gcc/arm-none-eabi/5.2.1/../../../../arm-none-eabi/lib/armv6-m\libc_nano.a(lib_a-impure.o)
 .ARM.attributes
                0x00000000       0x2c c:/ac6/systemworkbench/plugins/fr.ac6.mcu.externaltools.arm-none.win32_1.7.0.201602121829/tools/compiler/bin/../lib/gcc/arm-none-eabi/5.2.1/../../../../arm-none-eabi/lib/armv6-m\libc_nano.a(lib_a-impure.o)
 .text          0x00000000        0x0 c:/ac6/systemworkbench/plugins/fr.ac6.mcu.externaltools.arm-none.win32_1.7.0.201602121829/tools/compiler/bin/../lib/gcc/arm-none-eabi/5.2.1/../../../../arm-none-eabi/lib/armv6-m\libc_nano.a(lib_a-init.o)
 .data          0x00000000        0x0 c:/ac6/systemworkbench/plugins/fr.ac6.mcu.externaltools.arm-none.win32_1.7.0.201602121829/tools/compiler/bin/../lib/gcc/arm-none-eabi/5.2.1/../../../../arm-none-eabi/lib/armv6-m\libc_nano.a(lib_a-init.o)
 .bss           0x00000000        0x0 c:/ac6/systemworkbench/plugins/fr.ac6.mcu.externaltools.arm-none.win32_1.7.0.201602121829/tools/compiler/bin/../lib/gcc/arm-none-eabi/5.2.1/../../../../arm-none-eabi/lib/armv6-m\libc_nano.a(lib_a-init.o)
 .text          0x00000000        0x0 c:/ac6/systemworkbench/plugins/fr.ac6.mcu.externaltools.arm-none.win32_1.7.0.201602121829/tools/compiler/bin/../lib/gcc/arm-none-eabi/5.2.1/../../../../arm-none-eabi/lib/armv6-m\libc_nano.a(lib_a-memset.o)
 .data          0x00000000        0x0 c:/ac6/systemworkbench/plugins/fr.ac6.mcu.externaltools.arm-none.win32_1.7.0.201602121829/tools/compiler/bin/../lib/gcc/arm-none-eabi/5.2.1/../../../../arm-none-eabi/lib/armv6-m\libc_nano.a(lib_a-memset.o)
 .bss           0x00000000        0x0 c:/ac6/systemworkbench/plugins/fr.ac6.mcu.externaltools.arm-none.win32_1.7.0.201602121829/tools/compiler/bin/../lib/gcc/arm-none-eabi/5.2.1/../../../../arm-none-eabi/lib/armv6-m\libc_nano.a(lib_a-memset.o)
 .text.memset   0x00000000       0x10 c:/ac6/systemworkbench/plugins/fr.ac6.mcu.externaltools.arm-none.win32_1.7.0.201602121829/tools/compiler/bin/../lib/gcc/arm-none-eabi/5.2.1/../../../../arm-none-eabi/lib/armv6-m\libc_nano.a(lib_a-memset.o)
 .debug_frame   0x00000000       0x20 c:/ac6/systemworkbench/plugins/fr.ac6.mcu.externaltools.arm-none.win32_1.7.0.201602121829/tools/compiler/bin/../lib/gcc/arm-none-eabi/5.2.1/../../../../arm-none-eabi/lib/armv6-m\libc_nano.a(lib_a-memset.o)
 .ARM.attributes
                0x00000000       0x2c c:/ac6/systemworkbench/plugins/fr.ac6.mcu.externaltools.arm-none.win32_1.7.0.201602121829/tools/compiler/bin/../lib/gcc/arm-none-eabi/5.2.1/../../../../arm-none-eabi/lib/armv6-m\libc_nano.a(lib_a-memset.o)
 .text          0x00000000        0x0 c:/ac6/systemworkbench/plugins/fr.ac6.mcu.externaltools.arm-none.win32_1.7.0.201602121829/tools/compiler/bin/../lib/gcc/arm-none-eabi/5.2.1/../../../../arm-none-eabi/lib/armv6-m\libnosys.a(_exit.o)
 .data          0x00000000        0x0 c:/ac6/systemworkbench/plugins/fr.ac6.mcu.externaltools.arm-none.win32_1.7.0.201602121829/tools/compiler/bin/../lib/gcc/arm-none-eabi/5.2.1/../../../../arm-none-eabi/lib/armv6-m\libnosys.a(_exit.o)
 .bss           0x00000000        0x0 c:/ac6/systemworkbench/plugins/fr.ac6.mcu.externaltools.arm-none.win32_1.7.0.201602121829/tools/compiler/bin/../lib/gcc/arm-none-eabi/5.2.1/../../../../arm-none-eabi/lib/armv6-m\libnosys.a(_exit.o)
 .text._exit    0x00000000        0x4 c:/ac6/systemworkbench/plugins/fr.ac6.mcu.externaltools.arm-none.win32_1.7.0.201602121829/tools/compiler/bin/../lib/gcc/arm-none-eabi/5.2.1/../../../../arm-none-eabi/lib/armv6-m\libnosys.a(_exit.o)
 .debug_frame   0x00000000       0x20 c:/ac6/systemworkbench/plugins/fr.ac6.mcu.externaltools.arm-none.win32_1.7.0.201602121829/tools/compiler/bin/../lib/gcc/arm-none-eabi/5.2.1/../../../../arm-none-eabi/lib/armv6-m\libnosys.a(_exit.o)
 .ARM.attributes
                0x00000000       0x2c c:/ac6/systemworkbench/plugins/fr.ac6.mcu.externaltools.arm-none.win32_1.7.0.201602121829/tools/compiler/bin/../lib/gcc/arm-none-eabi/5.2.1/../../../../arm-none-eabi/lib/armv6-m\libnosys.a(_exit.o)
 .text          0x00000000        0x0 c:/ac6/systemworkbench/plugins/fr.ac6.mcu.externaltools.arm-none.win32_1.7.0.201602121829/tools/compiler/bin/../lib/gcc/arm-none-eabi/5.2.1/armv6-m/crtend.o
 .data          0x00000000        0x0 c:/ac6/systemworkbench/plugins/fr.ac6.mcu.externaltools.arm-none.win32_1.7.0.201602121829/tools/compiler/bin/../lib/gcc/arm-none-eabi/5.2.1/armv6-m/crtend.o
 .bss           0x00000000        0x0 c:/ac6/systemworkbench/plugins/fr.ac6.mcu.externaltools.arm-none.win32_1.7.0.201602121829/tools/compiler/bin/../lib/gcc/arm-none-eabi/5.2.1/armv6-m/crtend.o
 .eh_frame      0x00000000        0x4 c:/ac6/systemworkbench/plugins/fr.ac6.mcu.externaltools.arm-none.win32_1.7.0.201602121829/tools/compiler/bin/../lib/gcc/arm-none-eabi/5.2.1/armv6-m/crtend.o
 .jcr           0x00000000        0x4 c:/ac6/systemworkbench/plugins/fr.ac6.mcu.externaltools.arm-none.win32_1.7.0.201602121829/tools/compiler/bin/../lib/gcc/arm-none-eabi/5.2.1/armv6-m/crtend.o
 .text          0x00000000        0x0 c:/ac6/systemworkbench/plugins/fr.ac6.mcu.externaltools.arm-none.win32_1.7.0.201602121829/tools/compiler/bin/../lib/gcc/arm-none-eabi/5.2.1/armv6-m/crtn.o
 .data          0x00000000        0x0 c:/ac6/systemworkbench/plugins/fr.ac6.mcu.externaltools.arm-none.win32_1.7.0.201602121829/tools/compiler/bin/../lib/gcc/arm-none-eabi/5.2.1/armv6-m/crtn.o
 .bss           0x00000000        0x0 c:/ac6/systemworkbench/plugins/fr.ac6.mcu.externaltools.arm-none.win32_1.7.0.201602121829/tools/compiler/bin/../lib/gcc/arm-none-eabi/5.2.1/armv6-m/crtn.o

Memory Configuration

Name             Origin             Length             Attributes
RAM              0x20000000         0x00002000         xrw
FLASH            0x08000000         0x00010000         xr
*default*        0x00000000         0xffffffff

Linker script and memory map

LOAD c:/ac6/systemworkbench/plugins/fr.ac6.mcu.externaltools.arm-none.win32_1.7.0.201602121829/tools/compiler/bin/../lib/gcc/arm-none-eabi/5.2.1/armv6-m/crti.o
LOAD c:/ac6/systemworkbench/plugins/fr.ac6.mcu.externaltools.arm-none.win32_1.7.0.201602121829/tools/compiler/bin/../lib/gcc/arm-none-eabi/5.2.1/armv6-m/crtbegin.o
LOAD c:/ac6/systemworkbench/plugins/fr.ac6.mcu.externaltools.arm-none.win32_1.7.0.201602121829/tools/compiler/bin/../lib/gcc/arm-none-eabi/5.2.1/../../../../arm-none-eabi/lib/armv6-m/crt0.o
LOAD c:/ac6/systemworkbench/plugins/fr.ac6.mcu.externaltools.arm-none.win32_1.7.0.201602121829/tools/compiler/bin/../lib/gcc/arm-none-eabi/5.2.1/../../../../arm-none-eabi/lib/armv6-m\libm.a
LOAD startup/startup_stm32l053xx.o
LOAD Src/button.o
LOAD Src/capson.o
LOAD Src/gpio.o
LOAD Src/led.o
LOAD Src/main.o
LOAD Src/stm32l0xx_it.o
LOAD Src/system_stm32l0xx.o
LOAD Drivers/STM32L0xx_HAL_Driver/Src/stm32l0xx_ll_exti.o
LOAD Drivers/STM32L0xx_HAL_Driver/Src/stm32l0xx_ll_gpio.o
LOAD Drivers/STM32L0xx_HAL_Driver/Src/stm32l0xx_ll_pwr.o
LOAD Drivers/STM32L0xx_HAL_Driver/Src/stm32l0xx_ll_rcc.o
LOAD Drivers/STM32L0xx_HAL_Driver/Src/stm32l0xx_ll_utils.o
START GROUP
LOAD c:/ac6/systemworkbench/plugins/fr.ac6.mcu.externaltools.arm-none.win32_1.7.0.201602121829/tools/compiler/bin/../lib/gcc/arm-none-eabi/5.2.1/armv6-m\libgcc.a
LOAD c:/ac6/systemworkbench/plugins/fr.ac6.mcu.externaltools.arm-none.win32_1.7.0.201602121829/tools/compiler/bin/../lib/gcc/arm-none-eabi/5.2.1/../../../../arm-none-eabi/lib/armv6-m\libc_nano.a
END GROUP
START GROUP
LOAD c:/ac6/systemworkbench/plugins/fr.ac6.mcu.externaltools.arm-none.win32_1.7.0.201602121829/tools/compiler/bin/../lib/gcc/arm-none-eabi/5.2.1/armv6-m\libgcc.a
LOAD c:/ac6/systemworkbench/plugins/fr.ac6.mcu.externaltools.arm-none.win32_1.7.0.201602121829/tools/compiler/bin/../lib/gcc/arm-none-eabi/5.2.1/../../../../arm-none-eabi/lib/armv6-m\libc_nano.a
LOAD c:/ac6/systemworkbench/plugins/fr.ac6.mcu.externaltools.arm-none.win32_1.7.0.201602121829/tools/compiler/bin/../lib/gcc/arm-none-eabi/5.2.1/../../../../arm-none-eabi/lib/armv6-m\libnosys.a
END GROUP
START GROUP
LOAD c:/ac6/systemworkbench/plugins/fr.ac6.mcu.externaltools.arm-none.win32_1.7.0.201602121829/tools/compiler/bin/../lib/gcc/arm-none-eabi/5.2.1/armv6-m\libgcc.a
LOAD c:/ac6/systemworkbench/plugins/fr.ac6.mcu.externaltools.arm-none.win32_1.7.0.201602121829/tools/compiler/bin/../lib/gcc/arm-none-eabi/5.2.1/../../../../arm-none-eabi/lib/armv6-m\libc_nano.a
LOAD c:/ac6/systemworkbench/plugins/fr.ac6.mcu.externaltools.arm-none.win32_1.7.0.201602121829/tools/compiler/bin/../lib/gcc/arm-none-eabi/5.2.1/../../../../arm-none-eabi/lib/armv6-m\libnosys.a
END GROUP
LOAD c:/ac6/systemworkbench/plugins/fr.ac6.mcu.externaltools.arm-none.win32_1.7.0.201602121829/tools/compiler/bin/../lib/gcc/arm-none-eabi/5.2.1/armv6-m/crtend.o
LOAD c:/ac6/systemworkbench/plugins/fr.ac6.mcu.externaltools.arm-none.win32_1.7.0.201602121829/tools/compiler/bin/../lib/gcc/arm-none-eabi/5.2.1/armv6-m/crtn.o
                0x20002000                _estack = 0x20002000
                0x00000200                _Min_Heap_Size = 0x200
                0x00000400                _Min_Stack_Size = 0x400

.isr_vector     0x08000000       0xc0
                0x08000000                . = ALIGN (0x4)
 *(.isr_vector)
 .isr_vector    0x08000000       0xc0 startup/startup_stm32l053xx.o
                0x08000000                g_pfnVectors
                0x080000c0                . = ALIGN (0x4)

.text           0x080000c0      0x9b8
                0x080000c0                . = ALIGN (0x4)
 *(.text)
 .text          0x080000c0       0xb4 c:/ac6/systemworkbench/plugins/fr.ac6.mcu.externaltools.arm-none.win32_1.7.0.201602121829/tools/compiler/bin/../lib/gcc/arm-none-eabi/5.2.1/armv6-m/crtbegin.o
 .text          0x08000174      0x114 c:/ac6/systemworkbench/plugins/fr.ac6.mcu.externaltools.arm-none.win32_1.7.0.201602121829/tools/compiler/bin/../lib/gcc/arm-none-eabi/5.2.1/armv6-m\libgcc.a(_udivsi3.o)
                0x08000174                __aeabi_uidiv
                0x08000174                __udivsi3
                0x08000280                __aeabi_uidivmod
 .text          0x08000288        0x4 c:/ac6/systemworkbench/plugins/fr.ac6.mcu.externaltools.arm-none.win32_1.7.0.201602121829/tools/compiler/bin/../lib/gcc/arm-none-eabi/5.2.1/armv6-m\libgcc.a(_dvmd_tls.o)
                0x08000288                __aeabi_idiv0
                0x08000288                __aeabi_ldiv0
 *(.text*)
 .text.Reset_Handler
                0x0800028c       0x50 startup/startup_stm32l053xx.o
                0x0800028c                Reset_Handler
 .text.Default_Handler
                0x080002dc        0x2 startup/startup_stm32l053xx.o
                0x080002dc                TSC_IRQHandler
                0x080002dc                HardFault_Handler
                0x080002dc                ADC1_COMP_IRQHandler
                0x080002dc                PVD_IRQHandler
                0x080002dc                PendSV_Handler
                0x080002dc                NMI_Handler
                0x080002dc                I2C1_IRQHandler
                0x080002dc                RCC_CRS_IRQHandler
                0x080002dc                SPI1_IRQHandler
                0x080002dc                TIM6_DAC_IRQHandler
                0x080002dc                EXTI2_3_IRQHandler
                0x080002dc                I2C2_IRQHandler
                0x080002dc                RTC_IRQHandler
                0x080002dc                LCD_IRQHandler
                0x080002dc                DMA1_Channel4_5_6_7_IRQHandler
                0x080002dc                EXTI4_15_IRQHandler
                0x080002dc                DMA1_Channel1_IRQHandler
                0x080002dc                Default_Handler
                0x080002dc                TIM22_IRQHandler
                0x080002dc                EXTI0_1_IRQHandler
                0x080002dc                USB_IRQHandler
                0x080002dc                SPI2_IRQHandler
                0x080002dc                SVC_Handler
                0x080002dc                TIM21_IRQHandler
                0x080002dc                WWDG_IRQHandler
                0x080002dc                TIM2_IRQHandler
                0x080002dc                DMA1_Channel2_3_IRQHandler
                0x080002dc                USART2_IRQHandler
                0x080002dc                FLASH_IRQHandler
                0x080002dc                USART1_IRQHandler
                0x080002dc                RNG_LPUART1_IRQHandler
                0x080002dc                LPTIM1_IRQHandler
 *fill*         0x080002de        0x2 
 .text.Capson_init
                0x080002e0       0x90 Src/capson.o
                0x080002e0                Capson_init
 .text.Capson_measure
                0x08000370       0x64 Src/capson.o
                0x08000370                Capson_measure
 .text.MX_GPIO_Init
                0x080003d4       0xe4 Src/gpio.o
                0x080003d4                MX_GPIO_Init
 .text.Led_init
                0x080004b8       0x34 Src/led.o
                0x080004b8                Led_init
 .text.Led_turnOn
                0x080004ec       0x10 Src/led.o
                0x080004ec                Led_turnOn
 .text.Led_turnOff
                0x080004fc       0x10 Src/led.o
                0x080004fc                Led_turnOff
 .text.SystemClock_Config
                0x0800050c       0xc0 Src/main.o
                0x0800050c                SystemClock_Config
 .text.startup.main
                0x080005cc      0x1d8 Src/main.o
                0x080005cc                main
 .text.SysTick_Handler
                0x080007a4        0x4 Src/stm32l0xx_it.o
                0x080007a4                SysTick_Handler
 .text.SystemInit
                0x080007a8       0x5c Src/system_stm32l0xx.o
                0x080007a8                SystemInit
 .text.LL_EXTI_Init
                0x08000804       0xac Drivers/STM32L0xx_HAL_Driver/Src/stm32l0xx_ll_exti.o
                0x08000804                LL_EXTI_Init
 .text.LL_GPIO_Init
                0x080008b0      0x10c Drivers/STM32L0xx_HAL_Driver/Src/stm32l0xx_ll_gpio.o
                0x080008b0                LL_GPIO_Init
 .text.LL_Init1msTick
                0x080009bc       0x20 Drivers/STM32L0xx_HAL_Driver/Src/stm32l0xx_ll_utils.o
                0x080009bc                LL_Init1msTick
 .text.LL_mDelay
                0x080009dc       0x2c Drivers/STM32L0xx_HAL_Driver/Src/stm32l0xx_ll_utils.o
                0x080009dc                LL_mDelay
 .text.LL_SetSystemCoreClock
                0x08000a08        0xc Drivers/STM32L0xx_HAL_Driver/Src/stm32l0xx_ll_utils.o
                0x08000a08                LL_SetSystemCoreClock
 .text.__libc_init_array
                0x08000a14       0x4c c:/ac6/systemworkbench/plugins/fr.ac6.mcu.externaltools.arm-none.win32_1.7.0.201602121829/tools/compiler/bin/../lib/gcc/arm-none-eabi/5.2.1/../../../../arm-none-eabi/lib/armv6-m\libc_nano.a(lib_a-init.o)
                0x08000a14                __libc_init_array
 *(.glue_7)
 .glue_7        0x08000a60        0x0 linker stubs
 *(.glue_7t)
 .glue_7t       0x08000a60        0x0 linker stubs
 *(.eh_frame)
 .eh_frame      0x08000a60        0x0 c:/ac6/systemworkbench/plugins/fr.ac6.mcu.externaltools.arm-none.win32_1.7.0.201602121829/tools/compiler/bin/../lib/gcc/arm-none-eabi/5.2.1/armv6-m/crtbegin.o
 *(.init)
 .init          0x08000a60        0x4 c:/ac6/systemworkbench/plugins/fr.ac6.mcu.externaltools.arm-none.win32_1.7.0.201602121829/tools/compiler/bin/../lib/gcc/arm-none-eabi/5.2.1/armv6-m/crti.o
                0x08000a60                _init
 .init          0x08000a64        0x8 c:/ac6/systemworkbench/plugins/fr.ac6.mcu.externaltools.arm-none.win32_1.7.0.201602121829/tools/compiler/bin/../lib/gcc/arm-none-eabi/5.2.1/armv6-m/crtn.o
 *(.fini)
 .fini          0x08000a6c        0x4 c:/ac6/systemworkbench/plugins/fr.ac6.mcu.externaltools.arm-none.win32_1.7.0.201602121829/tools/compiler/bin/../lib/gcc/arm-none-eabi/5.2.1/armv6-m/crti.o
                0x08000a6c                _fini
 .fini          0x08000a70        0x8 c:/ac6/systemworkbench/plugins/fr.ac6.mcu.externaltools.arm-none.win32_1.7.0.201602121829/tools/compiler/bin/../lib/gcc/arm-none-eabi/5.2.1/armv6-m/crtn.o
                0x08000a78                . = ALIGN (0x4)
                0x08000a78                _etext = .

.vfp11_veneer   0x08000a78        0x0
 .vfp11_veneer  0x08000a78        0x0 linker stubs

.v4_bx          0x08000a78        0x0
 .v4_bx         0x08000a78        0x0 linker stubs

.iplt           0x08000a78        0x0
 .iplt          0x08000a78        0x0 c:/ac6/systemworkbench/plugins/fr.ac6.mcu.externaltools.arm-none.win32_1.7.0.201602121829/tools/compiler/bin/../lib/gcc/arm-none-eabi/5.2.1/armv6-m/crtbegin.o

.rel.dyn        0x08000a78        0x0
 .rel.iplt      0x08000a78        0x0 c:/ac6/systemworkbench/plugins/fr.ac6.mcu.externaltools.arm-none.win32_1.7.0.201602121829/tools/compiler/bin/../lib/gcc/arm-none-eabi/5.2.1/armv6-m/crtbegin.o

.rodata         0x08000a78        0x0
                0x08000a78                . = ALIGN (0x4)
 *(.rodata)
 *(.rodata*)
                0x08000a78                . = ALIGN (0x4)

.ARM.extab
 *(.ARM.extab* .gnu.linkonce.armextab.*)

.ARM            0x08000a78        0x0
                0x08000a78                __exidx_start = .
 *(.ARM.exidx*)
                0x08000a78                __exidx_end = .

.preinit_array  0x08000a78        0x0
                0x08000a78                PROVIDE (__preinit_array_start, .)
 *(.preinit_array*)
                0x08000a78                PROVIDE (__preinit_array_end, .)

.init_array     0x08000a78        0x4
                0x08000a78                PROVIDE (__init_array_start, .)
 *(SORT(.init_array.*))
 *(.init_array*)
 .init_array    0x08000a78        0x4 c:/ac6/systemworkbench/plugins/fr.ac6.mcu.externaltools.arm-none.win32_1.7.0.201602121829/tools/compiler/bin/../lib/gcc/arm-none-eabi/5.2.1/armv6-m/crtbegin.o
                0x08000a7c                PROVIDE (__init_array_end, .)

.fini_array     0x08000a7c        0x4
                [!provide]                PROVIDE (__fini_array_start, .)
 *(SORT(.fini_array.*))
 *(.fini_array*)
 .fini_array    0x08000a7c        0x4 c:/ac6/systemworkbench/plugins/fr.ac6.mcu.externaltools.arm-none.win32_1.7.0.201602121829/tools/compiler/bin/../lib/gcc/arm-none-eabi/5.2.1/armv6-m/crtbegin.o
                [!provide]                PROVIDE (__fini_array_end, .)
                0x08000a80                _sidata = LOADADDR (.data)

.data           0x20000000        0x4 load address 0x08000a80
                0x20000000                . = ALIGN (0x4)
                0x20000000                _sdata = .
 *(.data)
 .data          0x20000000        0x4 Src/system_stm32l0xx.o
                0x20000000                SystemCoreClock
 *(.data*)
                0x20000004                . = ALIGN (0x4)
                0x20000004                _edata = .

.jcr            0x20000004        0x0 load address 0x08000a84
 .jcr           0x20000004        0x0 c:/ac6/systemworkbench/plugins/fr.ac6.mcu.externaltools.arm-none.win32_1.7.0.201602121829/tools/compiler/bin/../lib/gcc/arm-none-eabi/5.2.1/armv6-m/crtbegin.o

.tm_clone_table
                0x20000004        0x0 load address 0x08000a84
 .tm_clone_table
                0x20000004        0x0 c:/ac6/systemworkbench/plugins/fr.ac6.mcu.externaltools.arm-none.win32_1.7.0.201602121829/tools/compiler/bin/../lib/gcc/arm-none-eabi/5.2.1/armv6-m/crtbegin.o
 .tm_clone_table
                0x20000004        0x0 c:/ac6/systemworkbench/plugins/fr.ac6.mcu.externaltools.arm-none.win32_1.7.0.201602121829/tools/compiler/bin/../lib/gcc/arm-none-eabi/5.2.1/armv6-m/crtend.o

.igot.plt       0x20000004        0x0 load address 0x08000a84
 .igot.plt      0x20000004        0x0 c:/ac6/systemworkbench/plugins/fr.ac6.mcu.externaltools.arm-none.win32_1.7.0.201602121829/tools/compiler/bin/../lib/gcc/arm-none-eabi/5.2.1/armv6-m/crtbegin.o
                0x20000004                . = ALIGN (0x4)

.bss            0x20000004       0x88 load address 0x08000a84
                0x20000004                _sbss = .
                0x20000004                __bss_start__ = _sbss
 *(.bss)
 .bss           0x20000004       0x1c c:/ac6/systemworkbench/plugins/fr.ac6.mcu.externaltools.arm-none.win32_1.7.0.201602121829/tools/compiler/bin/../lib/gcc/arm-none-eabi/5.2.1/armv6-m/crtbegin.o
 *(.bss*)
 *(COMMON)
 COMMON         0x20000020       0x6c Src/main.o
                0x20000020                led4
                0x20000028                led1
                0x20000030                led9
                0x20000038                led6
                0x20000040                led5
                0x20000048                capteurTrigger
                0x20000050                led3
                0x20000058                led0
                0x20000060                capteurEcho
                0x20000068                warning
                0x20000070                cm
                0x20000074                led7
                0x2000007c                led8
                0x20000084                led2
                0x2000008c                . = ALIGN (0x4)
                0x2000008c                _ebss = .
                0x2000008c                __bss_end__ = _ebss

._user_heap_stack
                0x2000008c      0x604 load address 0x08000a84
                0x20000090                . = ALIGN (0x8)
 *fill*         0x2000008c        0x4 
                [!provide]                PROVIDE (end, .)
                [!provide]                PROVIDE (_end, .)
                0x20000290                . = (. + _Min_Heap_Size)
 *fill*         0x20000090      0x200 
                0x20000690                . = (. + _Min_Stack_Size)
 *fill*         0x20000290      0x400 
                0x20000690                . = ALIGN (0x8)

/DISCARD/
 libc.a(*)
 libm.a(*)
 libgcc.a(*)

.ARM.attributes
                0x00000000       0x28
 *(.ARM.attributes)
 .ARM.attributes
                0x00000000       0x1e c:/ac6/systemworkbench/plugins/fr.ac6.mcu.externaltools.arm-none.win32_1.7.0.201602121829/tools/compiler/bin/../lib/gcc/arm-none-eabi/5.2.1/armv6-m/crti.o
 .ARM.attributes
                0x0000001e       0x2c c:/ac6/systemworkbench/plugins/fr.ac6.mcu.externaltools.arm-none.win32_1.7.0.201602121829/tools/compiler/bin/../lib/gcc/arm-none-eabi/5.2.1/armv6-m/crtbegin.o
 .ARM.attributes
                0x0000004a       0x22 startup/startup_stm32l053xx.o
 .ARM.attributes
                0x0000006c       0x32 Src/capson.o
 .ARM.attributes
                0x0000009e       0x32 Src/gpio.o
 .ARM.attributes
                0x000000d0       0x32 Src/led.o
 .ARM.attributes
                0x00000102       0x32 Src/main.o
 .ARM.attributes
                0x00000134       0x32 Src/stm32l0xx_it.o
 .ARM.attributes
                0x00000166       0x32 Src/system_stm32l0xx.o
 .ARM.attributes
                0x00000198       0x32 Drivers/STM32L0xx_HAL_Driver/Src/stm32l0xx_ll_exti.o
 .ARM.attributes
                0x000001ca       0x32 Drivers/STM32L0xx_HAL_Driver/Src/stm32l0xx_ll_gpio.o
 .ARM.attributes
                0x000001fc       0x32 Drivers/STM32L0xx_HAL_Driver/Src/stm32l0xx_ll_utils.o
 .ARM.attributes
                0x0000022e       0x1e c:/ac6/systemworkbench/plugins/fr.ac6.mcu.externaltools.arm-none.win32_1.7.0.201602121829/tools/compiler/bin/../lib/gcc/arm-none-eabi/5.2.1/armv6-m\libgcc.a(_udivsi3.o)
 .ARM.attributes
                0x0000024c       0x1e c:/ac6/systemworkbench/plugins/fr.ac6.mcu.externaltools.arm-none.win32_1.7.0.201602121829/tools/compiler/bin/../lib/gcc/arm-none-eabi/5.2.1/armv6-m\libgcc.a(_dvmd_tls.o)
 .ARM.attributes
                0x0000026a       0x2c c:/ac6/systemworkbench/plugins/fr.ac6.mcu.externaltools.arm-none.win32_1.7.0.201602121829/tools/compiler/bin/../lib/gcc/arm-none-eabi/5.2.1/../../../../arm-none-eabi/lib/armv6-m\libc_nano.a(lib_a-init.o)
 .ARM.attributes
                0x00000296       0x2c c:/ac6/systemworkbench/plugins/fr.ac6.mcu.externaltools.arm-none.win32_1.7.0.201602121829/tools/compiler/bin/../lib/gcc/arm-none-eabi/5.2.1/armv6-m/crtend.o
 .ARM.attributes
                0x000002c2       0x1e c:/ac6/systemworkbench/plugins/fr.ac6.mcu.externaltools.arm-none.win32_1.7.0.201602121829/tools/compiler/bin/../lib/gcc/arm-none-eabi/5.2.1/armv6-m/crtn.o
OUTPUT(capteur_distance.elf elf32-littlearm)

.debug_line     0x00000000     0x2eba
 .debug_line    0x00000000       0x83 startup/startup_stm32l053xx.o
 .debug_line    0x00000083      0x46f Src/capson.o
 .debug_line    0x000004f2      0x5a3 Src/gpio.o
 .debug_line    0x00000a95      0x437 Src/led.o
 .debug_line    0x00000ecc      0x65e Src/main.o
 .debug_line    0x0000152a      0x515 Src/stm32l0xx_it.o
 .debug_line    0x00001a3f      0x3fa Src/system_stm32l0xx.o
 .debug_line    0x00001e39      0x4b1 Drivers/STM32L0xx_HAL_Driver/Src/stm32l0xx_ll_exti.o
 .debug_line    0x000022ea      0x522 Drivers/STM32L0xx_HAL_Driver/Src/stm32l0xx_ll_gpio.o
 .debug_line    0x0000280c      0x6ae Drivers/STM32L0xx_HAL_Driver/Src/stm32l0xx_ll_utils.o

.debug_info     0x00000000     0x38ec
 .debug_info    0x00000000       0x6d startup/startup_stm32l053xx.o
 .debug_info    0x0000006d      0x4ce Src/capson.o
 .debug_info    0x0000053b      0x685 Src/gpio.o
 .debug_info    0x00000bc0      0x3db Src/led.o
 .debug_info    0x00000f9b      0xeee Src/main.o
 .debug_info    0x00001e89       0xc6 Src/stm32l0xx_it.o
 .debug_info    0x00001f4f      0x368 Src/system_stm32l0xx.o
 .debug_info    0x000022b7      0x44e Drivers/STM32L0xx_HAL_Driver/Src/stm32l0xx_ll_exti.o
 .debug_info    0x00002705      0x6d8 Drivers/STM32L0xx_HAL_Driver/Src/stm32l0xx_ll_gpio.o
 .debug_info    0x00002ddd      0xb0f Drivers/STM32L0xx_HAL_Driver/Src/stm32l0xx_ll_utils.o

.debug_abbrev   0x00000000      0xf2d
 .debug_abbrev  0x00000000       0x12 startup/startup_stm32l053xx.o
 .debug_abbrev  0x00000012      0x1bd Src/capson.o
 .debug_abbrev  0x000001cf      0x1be Src/gpio.o
 .debug_abbrev  0x0000038d      0x13a Src/led.o
 .debug_abbrev  0x000004c7      0x2f8 Src/main.o
 .debug_abbrev  0x000007bf       0x7a Src/stm32l0xx_it.o
 .debug_abbrev  0x00000839       0xf3 Src/system_stm32l0xx.o
 .debug_abbrev  0x0000092c      0x189 Drivers/STM32L0xx_HAL_Driver/Src/stm32l0xx_ll_exti.o
 .debug_abbrev  0x00000ab5      0x1a6 Drivers/STM32L0xx_HAL_Driver/Src/stm32l0xx_ll_gpio.o
 .debug_abbrev  0x00000c5b      0x2d2 Drivers/STM32L0xx_HAL_Driver/Src/stm32l0xx_ll_utils.o

.debug_aranges  0x00000000      0x1f8
 .debug_aranges
                0x00000000       0x28 startup/startup_stm32l053xx.o
 .debug_aranges
                0x00000028       0x40 Src/capson.o
 .debug_aranges
                0x00000068       0x20 Src/gpio.o
 .debug_aranges
                0x00000088       0x48 Src/led.o
 .debug_aranges
                0x000000d0       0x30 Src/main.o
 .debug_aranges
                0x00000100       0x20 Src/stm32l0xx_it.o
 .debug_aranges
                0x00000120       0x28 Src/system_stm32l0xx.o
 .debug_aranges
                0x00000148       0x30 Drivers/STM32L0xx_HAL_Driver/Src/stm32l0xx_ll_exti.o
 .debug_aranges
                0x00000178       0x30 Drivers/STM32L0xx_HAL_Driver/Src/stm32l0xx_ll_gpio.o
 .debug_aranges
                0x000001a8       0x50 Drivers/STM32L0xx_HAL_Driver/Src/stm32l0xx_ll_utils.o

.debug_ranges   0x00000000      0x548
 .debug_ranges  0x00000000       0x20 startup/startup_stm32l053xx.o
 .debug_ranges  0x00000020       0x58 Src/capson.o
 .debug_ranges  0x00000078       0xd0 Src/gpio.o
 .debug_ranges  0x00000148       0x38 Src/led.o
 .debug_ranges  0x00000180      0x108 Src/main.o
 .debug_ranges  0x00000288       0x10 Src/stm32l0xx_it.o
 .debug_ranges  0x00000298       0x18 Src/system_stm32l0xx.o
 .debug_ranges  0x000002b0       0x50 Drivers/STM32L0xx_HAL_Driver/Src/stm32l0xx_ll_exti.o
 .debug_ranges  0x00000300       0xb8 Drivers/STM32L0xx_HAL_Driver/Src/stm32l0xx_ll_gpio.o
 .debug_ranges  0x000003b8      0x190 Drivers/STM32L0xx_HAL_Driver/Src/stm32l0xx_ll_utils.o

.debug_loc      0x00000000     0x1466
 .debug_loc     0x00000000      0x291 Src/capson.o
 .debug_loc     0x00000291      0x118 Src/gpio.o
 .debug_loc     0x000003a9       0xf4 Src/led.o
 .debug_loc     0x0000049d      0x1ba Src/main.o
 .debug_loc     0x00000657      0x196 Src/system_stm32l0xx.o
 .debug_loc     0x000007ed      0x19d Drivers/STM32L0xx_HAL_Driver/Src/stm32l0xx_ll_exti.o
 .debug_loc     0x0000098a      0x481 Drivers/STM32L0xx_HAL_Driver/Src/stm32l0xx_ll_gpio.o
 .debug_loc     0x00000e0b      0x65b Drivers/STM32L0xx_HAL_Driver/Src/stm32l0xx_ll_utils.o

.debug_macro    0x00000000     0x1af2
 .debug_macro   0x00000000       0xab Src/capson.o
 .debug_macro   0x000000ab      0x123 Src/gpio.o
 .debug_macro   0x000001ce      0x185 Src/gpio.o
 .debug_macro   0x00000353      0x13a Src/gpio.o
 .debug_macro   0x0000048d      0x10e Src/gpio.o
 .debug_macro   0x0000059b       0xe9 Src/gpio.o
 .debug_macro   0x00000684      0x466 Src/gpio.o
 .debug_macro   0x00000aea      0x101 Src/gpio.o
 .debug_macro   0x00000beb      0x19a Src/gpio.o
 .debug_macro   0x00000d85       0x2a Src/gpio.o
 .debug_macro   0x00000daf       0xc4 Src/gpio.o
 .debug_macro   0x00000e73      0x303 Src/gpio.o
 .debug_macro   0x00001176       0x70 Src/gpio.o
 .debug_macro   0x000011e6       0xab Src/led.o
 .debug_macro   0x00001291      0x14f Src/main.o
 .debug_macro   0x000013e0       0xe3 Src/main.o
 .debug_macro   0x000014c3      0x123 Src/stm32l0xx_it.o
 .debug_macro   0x000015e6       0xb6 Src/system_stm32l0xx.o
 .debug_macro   0x0000169c       0xd7 Drivers/STM32L0xx_HAL_Driver/Src/stm32l0xx_ll_exti.o
 .debug_macro   0x00001773       0xf2 Drivers/STM32L0xx_HAL_Driver/Src/stm32l0xx_ll_gpio.o
 .debug_macro   0x00001865      0x134 Drivers/STM32L0xx_HAL_Driver/Src/stm32l0xx_ll_gpio.o
 .debug_macro   0x00001999      0x159 Drivers/STM32L0xx_HAL_Driver/Src/stm32l0xx_ll_utils.o

.debug_str      0x00000000    0x43092
 .debug_str     0x00000000    0x3a3ac Src/capson.o
                              0x3a5a8 (size before relaxing)
 .debug_str     0x0003a3ac     0x7149 Src/gpio.o
                              0x4162e (size before relaxing)
 .debug_str     0x000414f5       0x67 Src/led.o
                              0x3a541 (size before relaxing)
 .debug_str     0x0004155c      0x493 Src/main.o
                              0x41a25 (size before relaxing)
 .debug_str     0x000419ef       0x38 Src/stm32l0xx_it.o
                              0x413da (size before relaxing)
 .debug_str     0x00041a27       0x9a Src/system_stm32l0xx.o
                              0x3a82f (size before relaxing)
 .debug_str     0x00041ac1      0x352 Drivers/STM32L0xx_HAL_Driver/Src/stm32l0xx_ll_exti.o
                              0x3afd1 (size before relaxing)
 .debug_str     0x00041e13      0x51c Drivers/STM32L0xx_HAL_Driver/Src/stm32l0xx_ll_gpio.o
                              0x3bba3 (size before relaxing)
 .debug_str     0x0004232f      0xd63 Drivers/STM32L0xx_HAL_Driver/Src/stm32l0xx_ll_utils.o
                              0x3e486 (size before relaxing)

.comment        0x00000000       0x6e
 .comment       0x00000000       0x6e Src/capson.o
                                 0x6f (size before relaxing)
 .comment       0x0000006e       0x6f Src/gpio.o
 .comment       0x0000006e       0x6f Src/led.o
 .comment       0x0000006e       0x6f Src/main.o
 .comment       0x0000006e       0x6f Src/stm32l0xx_it.o
 .comment       0x0000006e       0x6f Src/system_stm32l0xx.o
 .comment       0x0000006e       0x6f Drivers/STM32L0xx_HAL_Driver/Src/stm32l0xx_ll_exti.o
 .comment       0x0000006e       0x6f Drivers/STM32L0xx_HAL_Driver/Src/stm32l0xx_ll_gpio.o
 .comment       0x0000006e       0x6f Drivers/STM32L0xx_HAL_Driver/Src/stm32l0xx_ll_utils.o

.debug_frame    0x00000000      0x3b8
 .debug_frame   0x00000000       0x90 Src/capson.o
 .debug_frame   0x00000090       0x3c Src/gpio.o
 .debug_frame   0x000000cc       0x7c Src/led.o
 .debug_frame   0x00000148       0x64 Src/main.o
 .debug_frame   0x000001ac       0x20 Src/stm32l0xx_it.o
 .debug_frame   0x000001cc       0x38 Src/system_stm32l0xx.o
 .debug_frame   0x00000204       0x40 Drivers/STM32L0xx_HAL_Driver/Src/stm32l0xx_ll_exti.o
 .debug_frame   0x00000244       0x58 Drivers/STM32L0xx_HAL_Driver/Src/stm32l0xx_ll_gpio.o
 .debug_frame   0x0000029c       0xd0 Drivers/STM32L0xx_HAL_Driver/Src/stm32l0xx_ll_utils.o
 .debug_frame   0x0000036c       0x20 c:/ac6/systemworkbench/plugins/fr.ac6.mcu.externaltools.arm-none.win32_1.7.0.201602121829/tools/compiler/bin/../lib/gcc/arm-none-eabi/5.2.1/armv6-m\libgcc.a(_udivsi3.o)
 .debug_frame   0x0000038c       0x2c c:/ac6/systemworkbench/plugins/fr.ac6.mcu.externaltools.arm-none.win32_1.7.0.201602121829/tools/compiler/bin/../lib/gcc/arm-none-eabi/5.2.1/../../../../arm-none-eabi/lib/armv6-m\libc_nano.a(lib_a-init.o)
